============================= test session starts =============================
platform win32 -- Python 3.14.3, pytest-9.0.2, pluggy-1.6.0 -- D:\git\dev\Picoripi\venv\Scripts\python.exe
cachedir: .pytest_cache
PyQt5 5.15.11 -- Qt runtime 5.15.2 -- Qt compiled 5.15.2
rootdir: D:\git\dev\Picoripi
configfile: pytest.ini (WARNING: ignoring pytest config in pyproject.toml!)
plugins: cov-7.0.0, mock-3.15.1, qt-4.5.0
collecting ... collected 200 items

tests/test_plugins/test_base_game_rules.py::test_BaseGameRules_init SKIPPED [  0%]
tests/test_plugins/test_base_game_rules.py::test_BaseGameRules_load_data_from_json_obj SKIPPED [  1%]
tests/test_plugins/test_base_game_rules.py::test_BaseGameRules_save_data_to_json_obj SKIPPED [  1%]
tests/test_plugins/test_base_game_rules.py::test_BaseGameRules_get_enter_char SKIPPED [  2%]
tests/test_plugins/test_base_game_rules.py::test_BaseGameRules_get_shift_enter_char SKIPPED [  2%]
tests/test_plugins/test_base_game_rules.py::test_BaseGameRules_get_ctrl_enter_char SKIPPED [  3%]
tests/test_plugins/test_base_game_rules.py::test_BaseGameRules_convert_editor_text_to_data SKIPPED [  3%]
tests/test_plugins/test_base_game_rules.py::test_BaseGameRules_get_display_name SKIPPED [  4%]
tests/test_plugins/test_base_game_rules.py::test_BaseGameRules_get_problem_definitions SKIPPED [  4%]
tests/test_plugins/test_base_game_rules.py::test_BaseGameRules_get_color_marker_definitions SKIPPED [  5%]
tests/test_plugins/test_base_game_rules.py::test_BaseGameRules_get_spellcheck_ignore_pattern SKIPPED [  5%]
tests/test_plugins/test_base_game_rules.py::test_BaseGameRules_analyze_subline SKIPPED [  6%]
tests/test_plugins/test_base_game_rules.py::test_BaseGameRules_autofix_data_string SKIPPED [  6%]
tests/test_plugins/test_base_game_rules.py::test_BaseGameRules_process_pasted_segment SKIPPED [  7%]
tests/test_plugins/test_base_game_rules.py::test_BaseGameRules_get_base_game_rules_class SKIPPED [  7%]
tests/test_plugins/test_base_game_rules.py::test_BaseGameRules_get_default_tag_mappings SKIPPED [  8%]
tests/test_plugins/test_base_game_rules.py::test_BaseGameRules_get_tag_checker_handler SKIPPED [  8%]
tests/test_plugins/test_base_game_rules.py::test_BaseGameRules_get_short_problem_name SKIPPED [  9%]
tests/test_plugins/test_base_game_rules.py::test_BaseGameRules_get_plugin_actions SKIPPED [  9%]
tests/test_plugins/test_base_game_rules.py::test_BaseGameRules_get_text_representation_for_editor SKIPPED [ 10%]
tests/test_plugins/test_base_game_rules.py::test_BaseGameRules_get_text_representation_for_preview SKIPPED [ 10%]
tests/test_plugins/test_base_game_rules.py::test_BaseGameRules_get_syntax_highlighting_rules SKIPPED [ 11%]
tests/test_plugins/test_base_game_rules.py::test_BaseGameRules_get_legitimate_tags SKIPPED [ 11%]
tests/test_plugins/test_base_game_rules.py::test_BaseGameRules_get_context_menu_actions SKIPPED [ 12%]
tests/test_plugins/test_base_game_rules.py::test_BaseGameRules_calculate_string_width_override SKIPPED [ 12%]
tests/test_plugins/test_base_game_rules.py::test_BaseGameRules_get_editor_page_size SKIPPED [ 13%]
tests/test_plugins/test_base_game_rules.py::test_BaseGameRules_get_custom_context_tags SKIPPED [ 13%]
tests/test_plugins/test_base_game_rules.py::test_BaseGameRules_save_custom_context_tags SKIPPED [ 14%]
tests/test_plugins/test_common/test_problem_analyzer.py::test_GenericProblemAnalyzer_init SKIPPED [ 14%]
tests/test_plugins/test_common/test_problem_analyzer.py::test_GenericProblemAnalyzercheck_single_word_subline_generic SKIPPED [ 15%]
tests/test_plugins/test_common/test_problem_analyzer.py::test_GenericProblemAnalyzer_analyze_subline SKIPPED [ 15%]
tests/test_plugins/test_common/test_tag_manager.py::test_GenericTagManager_init SKIPPED [ 16%]
tests/test_plugins/test_common/test_tag_manager.py::test_GenericTagManager_reconfigure_styles SKIPPED [ 16%]
tests/test_plugins/test_common/test_tag_manager.py::test_GenericTagManager_get_syntax_highlighting_rules SKIPPED [ 17%]
tests/test_plugins/test_common/test_tag_manager.py::test_GenericTagManager_is_tag_legitimate SKIPPED [ 17%]
tests/test_plugins/test_common/test_tag_manager.py::test_GenericTagManager_get_legitimate_tags SKIPPED [ 18%]
tests/test_plugins/test_common/test_text_fixer.py::test_GenericTextFixer_init SKIPPED [ 18%]
tests/test_plugins/test_common/test_text_fixer.py::test_GenericTextFixerextract_first_word_with_tags_generic SKIPPED [ 19%]
tests/test_plugins/test_common/test_text_fixer.py::test_GenericTextFixerfix_width_exceeded_generic SKIPPED [ 19%]
tests/test_plugins/test_import_plugins/test_base_import_rules.py::test_BaseImportRules_init SKIPPED [ 20%]
tests/test_plugins/test_import_plugins/test_base_import_rules.py::test_BaseImportRules_parse_clipboard_text SKIPPED [ 20%]
tests/test_plugins/test_import_plugins/test_base_import_rules.py::test_BaseImportRules_process_segment_for_insertion SKIPPED [ 21%]
tests/test_plugins/test_import_plugins/test_base_import_rules.py::test_BaseImportRules_apply_mappings_to_text SKIPPED [ 21%]
tests/test_plugins/test_import_plugins/test_kruptar_format/test_rules.py::test__analyze_tags_for_issues_kruptar SKIPPED [ 22%]
tests/test_plugins/test_import_plugins/test_kruptar_format/test_rules.py::test_ImportRules_parse_clipboard_text SKIPPED [ 22%]
tests/test_plugins/test_import_plugins/test_kruptar_format/test_rules.py::test_ImportRules_process_segment_for_insertion SKIPPED [ 23%]
tests/test_plugins/test_plain_text/test_problem_analyzer.py::test_ProblemAnalyzer_init SKIPPED [ 23%]
tests/test_plugins/test_plain_text/test_problem_analyzer.py::test_ProblemAnalyzerends_with_sentence_punctuation_zww SKIPPED [ 24%]
tests/test_plugins/test_plain_text/test_problem_analyzer.py::test_ProblemAnalyzercheck_short_line_zww SKIPPED [ 24%]
tests/test_plugins/test_plain_text/test_problem_analyzer.py::test_ProblemAnalyzer_check_for_empty_first_line_of_page SKIPPED [ 25%]
tests/test_plugins/test_plain_text/test_problem_analyzer.py::test_ProblemAnalyzer_analyze_data_string SKIPPED [ 25%]
tests/test_plugins/test_plain_text/test_problem_analyzer.py::test_ProblemAnalyzer_analyze_subline SKIPPED [ 26%]
tests/test_plugins/test_plain_text/test_rules.py::test_GameRules_init SKIPPED [ 26%]
tests/test_plugins/test_plain_text/test_rules.py::test_GameRules_get_display_name SKIPPED [ 27%]
tests/test_plugins/test_plain_text/test_rules.py::test_GameRules_get_default_tag_mappings SKIPPED [ 27%]
tests/test_plugins/test_plain_text/test_rules.py::test_GameRules_load_data_from_json_obj SKIPPED [ 28%]
tests/test_plugins/test_plain_text/test_rules.py::test_GameRules_save_data_to_json_obj SKIPPED [ 28%]
tests/test_plugins/test_plain_text/test_rules.py::test_GameRules_get_tag_pattern SKIPPED [ 29%]
tests/test_plugins/test_plain_text/test_rules.py::test_GameRules_get_text_representation_for_preview SKIPPED [ 29%]
tests/test_plugins/test_plain_text/test_rules.py::test_GameRules_get_text_representation_for_editor SKIPPED [ 30%]
tests/test_plugins/test_plain_text/test_rules.py::test_GameRules_convert_editor_text_to_data SKIPPED [ 30%]
tests/test_plugins/test_plain_text/test_rules.py::test_GameRules_get_syntax_highlighting_rules SKIPPED [ 31%]
tests/test_plugins/test_plain_text/test_rules.py::test_GameRules_get_legitimate_tags SKIPPED [ 31%]
tests/test_plugins/test_plain_text/test_rules.py::test_GameRules_is_tag_legitimate SKIPPED [ 32%]
tests/test_plugins/test_plain_text/test_rules.py::test_GameRules_get_problem_definitions SKIPPED [ 32%]
tests/test_plugins/test_plain_text/test_rules.py::test_GameRules_get_short_problem_name SKIPPED [ 33%]
tests/test_plugins/test_plain_text/test_rules.py::test_GameRules_calculate_string_width_override SKIPPED [ 33%]
tests/test_plugins/test_plain_text/test_rules.py::test_GameRules_analyze_subline SKIPPED [ 34%]
tests/test_plugins/test_plain_text/test_rules.py::test_GameRules_autofix_data_string SKIPPED [ 34%]
tests/test_plugins/test_plain_text/test_rules.py::test_GameRules_process_pasted_segment SKIPPED [ 35%]
tests/test_plugins/test_plain_text/test_tag_logic.py::test__analyze_tags_for_issues_zww SKIPPED [ 35%]
tests/test_plugins/test_plain_text/test_tag_logic.py::test_process_segment_tags_aggressively_zww SKIPPED [ 36%]
tests/test_plugins/test_plain_text/test_tag_manager.py::test_TagManager_init SKIPPED [ 36%]
tests/test_plugins/test_plain_text/test_tag_manager.py::test_TagManager_get_syntax_highlighting_rules SKIPPED [ 37%]
tests/test_plugins/test_plain_text/test_tag_manager.py::test_TagManager_get_legitimate_tags SKIPPED [ 37%]
tests/test_plugins/test_plain_text/test_tag_manager.py::test_TagManager_is_tag_legitimate SKIPPED [ 38%]
tests/test_plugins/test_plain_text/test_text_fixer.py::test_TextFixer_init SKIPPED [ 38%]
tests/test_plugins/test_plain_text/test_text_fixer.py::test_TextFixerfix_empty_odd_sublines_zww SKIPPED [ 39%]
tests/test_plugins/test_plain_text/test_text_fixer.py::test_TextFixerfix_short_lines_zww SKIPPED [ 39%]
tests/test_plugins/test_plain_text/test_text_fixer.py::test_TextFixercleanup_spaces_around_tags_zww SKIPPED [ 40%]
tests/test_plugins/test_plain_text/test_text_fixer.py::test_TextFixer_fix_empty_first_line_of_page SKIPPED [ 40%]
tests/test_plugins/test_plain_text/test_text_fixer.py::test_TextFixer_autofix_data_string SKIPPED [ 41%]
tests/test_plugins/test_pokemon_fr/test_problem_analyzer.py::test_ProblemAnalyzer_init SKIPPED [ 41%]
tests/test_plugins/test_pokemon_fr/test_problem_analyzer.py::test_ProblemAnalyzerget_sublines_from_data_string SKIPPED [ 42%]
tests/test_plugins/test_pokemon_fr/test_problem_analyzer.py::test_ProblemAnalyzerends_with_sentence_punctuation SKIPPED [ 42%]
tests/test_plugins/test_pokemon_fr/test_problem_analyzer.py::test_ProblemAnalyzercheck_short_line SKIPPED [ 43%]
tests/test_plugins/test_pokemon_fr/test_problem_analyzer.py::test_ProblemAnalyzer_analyze_data_string SKIPPED [ 43%]
tests/test_plugins/test_pokemon_fr/test_problem_analyzer.py::test_ProblemAnalyzer_analyze_subline SKIPPED [ 44%]
tests/test_plugins/test_pokemon_fr/test_rules.py::test_GameRules_init PASSED [ 44%]
tests/test_plugins/test_pokemon_fr/test_rules.py::test_GameRules_load_data_from_json_obj PASSED [ 45%]
tests/test_plugins/test_pokemon_fr/test_rules.py::test_GameRules_save_data_to_json_obj PASSED [ 45%]
tests/test_plugins/test_pokemon_fr/test_rules.py::test_GameRules_get_display_name PASSED [ 46%]
tests/test_plugins/test_pokemon_fr/test_rules.py::test_GameRules_get_problem_definitions PASSED [ 46%]
tests/test_plugins/test_pokemon_fr/test_rules.py::test_GameRules_get_syntax_highlighting_rules PASSED [ 47%]
tests/test_plugins/test_pokemon_fr/test_rules.py::test_GameRules_get_legitimate_tags PASSED [ 47%]
tests/test_plugins/test_pokemon_fr/test_rules.py::test_GameRules_analyze_subline PASSED [ 48%]
tests/test_plugins/test_pokemon_fr/test_rules.py::test_GameRules_autofix_data_string PASSED [ 48%]
tests/test_plugins/test_pokemon_fr/test_rules.py::test_GameRules_process_pasted_segment PASSED [ 49%]
tests/test_plugins/test_pokemon_fr/test_rules.py::test_GameRules_calculate_string_width_override PASSED [ 49%]
tests/test_plugins/test_pokemon_fr/test_rules.py::test_GameRules_get_text_representation_for_preview PASSED [ 50%]
tests/test_plugins/test_pokemon_fr/test_rules.py::test_GameRules_get_text_representation_for_editor PASSED [ 50%]
tests/test_plugins/test_pokemon_fr/test_rules.py::test_GameRules_convert_editor_text_to_data PASSED [ 51%]
tests/test_plugins/test_pokemon_fr/test_rules.py::test_GameRules_get_editor_page_size PASSED [ 51%]
tests/test_plugins/test_pokemon_fr/test_tag_manager.py::test_TagManager_init SKIPPED [ 52%]
tests/test_plugins/test_pokemon_fr/test_tag_manager.py::test_TagManager_get_syntax_highlighting_rules SKIPPED [ 52%]
tests/test_plugins/test_pokemon_fr/test_tag_manager.py::test_TagManager_get_legitimate_tags SKIPPED [ 53%]
tests/test_plugins/test_pokemon_fr/test_tag_manager.py::test_TagManager_is_tag_legitimate SKIPPED [ 53%]
tests/test_plugins/test_pokemon_fr/test_text_fixer.py::test_TextFixer_init SKIPPED [ 54%]
tests/test_plugins/test_pokemon_fr/test_text_fixer.py::test_TextFixerget_sublines_with_tags SKIPPED [ 54%]
tests/test_plugins/test_pokemon_fr/test_text_fixer.py::test_TextFixerreassemble_data_string SKIPPED [ 55%]
tests/test_plugins/test_pokemon_fr/test_text_fixer.py::test_TextFixerfix_width_exceeded SKIPPED [ 55%]
tests/test_plugins/test_pokemon_fr/test_text_fixer.py::test_TextFixerfix_short_lines SKIPPED [ 56%]
tests/test_plugins/test_pokemon_fr/test_text_fixer.py::test_TextFixerfix_empty_sublines SKIPPED [ 56%]
tests/test_plugins/test_pokemon_fr/test_text_fixer.py::test_TextFixer_autofix_data_string SKIPPED [ 57%]
tests/test_plugins/test_zelda_mc/test_problem_analyzer.py::test_ProblemAnalyzer_init SKIPPED [ 57%]
tests/test_plugins/test_zelda_mc/test_problem_analyzer.py::test_ProblemAnalyzerends_with_sentence_punctuation_zmc SKIPPED [ 58%]
tests/test_plugins/test_zelda_mc/test_problem_analyzer.py::test_ProblemAnalyzercheck_short_line_zmc SKIPPED [ 58%]
tests/test_plugins/test_zelda_mc/test_problem_analyzer.py::test_ProblemAnalyzercheck_empty_odd_subline_display_zmc SKIPPED [ 59%]
tests/test_plugins/test_zelda_mc/test_problem_analyzer.py::test_ProblemAnalyzer_analyze_subline SKIPPED [ 59%]
tests/test_plugins/test_zelda_mc/test_rules.py::test_GameRules_init PASSED [ 60%]
tests/test_plugins/test_zelda_mc/test_rules.py::test_GameRules_load_data_from_json_obj PASSED [ 60%]
tests/test_plugins/test_zelda_mc/test_rules.py::test_GameRules_save_data_to_json_obj PASSED [ 61%]
tests/test_plugins/test_zelda_mc/test_rules.py::test_GameRules_get_display_name PASSED [ 61%]
tests/test_plugins/test_zelda_mc/test_rules.py::test_GameRules_get_default_tag_mappings PASSED [ 62%]
tests/test_plugins/test_zelda_mc/test_rules.py::test_GameRules_get_tag_checker_handler PASSED [ 62%]
tests/test_plugins/test_zelda_mc/test_rules.py::test_GameRules_get_syntax_highlighting_rules PASSED [ 63%]
tests/test_plugins/test_zelda_mc/test_rules.py::test_GameRules_get_legitimate_tags PASSED [ 63%]
tests/test_plugins/test_zelda_mc/test_rules.py::test_GameRules_is_tag_legitimate PASSED [ 64%]
tests/test_plugins/test_zelda_mc/test_rules.py::test_GameRules_get_problem_definitions PASSED [ 64%]
tests/test_plugins/test_zelda_mc/test_rules.py::test_GameRules_get_color_marker_definitions PASSED [ 65%]
tests/test_plugins/test_zelda_mc/test_rules.py::test_GameRules_get_short_problem_name PASSED [ 65%]
tests/test_plugins/test_zelda_mc/test_rules.py::test_GameRules_get_plugin_actions PASSED [ 66%]
tests/test_plugins/test_zelda_mc/test_rules.py::test_GameRules_get_text_representation_for_preview PASSED [ 66%]
tests/test_plugins/test_zelda_mc/test_rules.py::test_GameRules_get_text_representation_for_editor PASSED [ 67%]
tests/test_plugins/test_zelda_mc/test_rules.py::test_GameRules_convert_editor_text_to_data PASSED [ 67%]
tests/test_plugins/test_zelda_mc/test_rules.py::test_GameRules_analyze_subline PASSED [ 68%]
tests/test_plugins/test_zelda_mc/test_rules.py::test_GameRules_autofix_data_string PASSED [ 68%]
tests/test_plugins/test_zelda_mc/test_rules.py::test_GameRules_process_pasted_segment PASSED [ 69%]
tests/test_plugins/test_zelda_mc/test_rules.py::test_GameRules_get_base_game_rules_class PASSED [ 69%]
tests/test_plugins/test_zelda_mc/test_tag_checker_handler.py::test_TagCheckerHandler_init SKIPPED [ 70%]
tests/test_plugins/test_zelda_mc/test_tag_checker_handler.py::test_TagCheckerHandlerget_initial_search_indices SKIPPED [ 70%]
tests/test_plugins/test_zelda_mc/test_tag_checker_handler.py::test_TagCheckerHandlerget_tags_from_string SKIPPED [ 71%]
tests/test_plugins/test_zelda_mc/test_tag_checker_handler.py::test_TagCheckerHandlerfind_tag_in_translation SKIPPED [ 71%]
tests/test_plugins/test_zelda_mc/test_tag_checker_handler.py::test_TagCheckerHandlerhighlight_mismatched_tag SKIPPED [ 72%]
tests/test_plugins/test_zelda_mc/test_tag_checker_handler.py::test_TagCheckerHandlerremove_mismatch_highlight SKIPPED [ 72%]
tests/test_plugins/test_zelda_mc/test_tag_checker_handler.py::test_TagCheckerHandlerreset_search_state_and_ui SKIPPED [ 73%]
tests/test_plugins/test_zelda_mc/test_tag_checker_handler.py::test_TagCheckerHandlershow_completion_popup SKIPPED [ 73%]
tests/test_plugins/test_zelda_mc/test_tag_checker_handler.py::test_TagCheckerHandler_start_or_continue_check SKIPPED [ 74%]
tests/test_plugins/test_zelda_mc/test_tag_logic.py::test_analyze_tags_for_issues_zmc SKIPPED [ 74%]
tests/test_plugins/test_zelda_mc/test_tag_logic.py::test_process_segment_tags_aggressively_zmc SKIPPED [ 75%]
tests/test_plugins/test_zelda_mc/test_tag_manager.py::test_TagManager_init SKIPPED [ 75%]
tests/test_plugins/test_zelda_mc/test_tag_manager.py::test_TagManager_reconfigure_styles SKIPPED [ 76%]
tests/test_plugins/test_zelda_mc/test_tag_manager.py::test_TagManager_get_syntax_highlighting_rules SKIPPED [ 76%]
tests/test_plugins/test_zelda_mc/test_tag_manager.py::test_TagManagerensure_exact_tags_loaded SKIPPED [ 77%]
tests/test_plugins/test_zelda_mc/test_tag_manager.py::test_TagManager_get_legitimate_tags SKIPPED [ 77%]
tests/test_plugins/test_zelda_mc/test_tag_manager.py::test_TagManager_is_tag_legitimate SKIPPED [ 78%]
tests/test_plugins/test_zelda_mc/test_text_fixer.py::test_TextFixer_init SKIPPED [ 78%]
tests/test_plugins/test_zelda_mc/test_text_fixer.py::test_TextFixerfix_empty_odd_sublines_zmc SKIPPED [ 79%]
tests/test_plugins/test_zelda_mc/test_text_fixer.py::test_TextFixerfix_short_lines_zmc SKIPPED [ 79%]
tests/test_plugins/test_zelda_mc/test_text_fixer.py::test_TextFixerfix_blue_sublines_zmc SKIPPED [ 80%]
tests/test_plugins/test_zelda_mc/test_text_fixer.py::test_TextFixerfix_leading_spaces_in_sublines_zmc SKIPPED [ 80%]
tests/test_plugins/test_zelda_mc/test_text_fixer.py::test_TextFixercleanup_spaces_around_tags_zmc SKIPPED [ 81%]
tests/test_plugins/test_zelda_mc/test_text_fixer.py::test_TextFixer_autofix_data_string SKIPPED [ 81%]
tests/test_plugins/test_zelda_ww/test_problem_analyzer.py::test_ProblemAnalyzer_init SKIPPED [ 82%]
tests/test_plugins/test_zelda_ww/test_problem_analyzer.py::test_ProblemAnalyzerends_with_sentence_punctuation_zww SKIPPED [ 82%]
tests/test_plugins/test_zelda_ww/test_problem_analyzer.py::test_ProblemAnalyzercheck_short_line_zww SKIPPED [ 83%]
tests/test_plugins/test_zelda_ww/test_problem_analyzer.py::test_ProblemAnalyzer_check_for_empty_first_line_of_page SKIPPED [ 83%]
tests/test_plugins/test_zelda_ww/test_problem_analyzer.py::test_ProblemAnalyzer_analyze_data_string SKIPPED [ 84%]
tests/test_plugins/test_zelda_ww/test_problem_analyzer.py::test_ProblemAnalyzer_analyze_subline SKIPPED [ 84%]
tests/test_plugins/test_zelda_ww/test_rules.py::test_GameRules_init PASSED [ 85%]
tests/test_plugins/test_zelda_ww/test_rules.py::test_GameRules_load_data_from_json_obj PASSED [ 85%]
tests/test_plugins/test_zelda_ww/test_rules.py::test_GameRules_save_data_to_json_obj PASSED [ 86%]
tests/test_plugins/test_zelda_ww/test_rules.py::test_GameRules_get_display_name PASSED [ 86%]
tests/test_plugins/test_zelda_ww/test_rules.py::test_GameRules_get_problem_definitions PASSED [ 87%]
tests/test_plugins/test_zelda_ww/test_rules.py::test_GameRules_get_syntax_highlighting_rules PASSED [ 87%]
tests/test_plugins/test_zelda_ww/test_rules.py::test_GameRules_get_legitimate_tags PASSED [ 88%]
tests/test_plugins/test_zelda_ww/test_rules.py::test_GameRules_is_tag_legitimate PASSED [ 88%]
tests/test_plugins/test_zelda_ww/test_rules.py::test_GameRules_analyze_subline PASSED [ 89%]
tests/test_plugins/test_zelda_ww/test_rules.py::test_GameRules_autofix_data_string PASSED [ 89%]
tests/test_plugins/test_zelda_ww/test_rules.py::test_GameRules_process_pasted_segment PASSED [ 90%]
tests/test_plugins/test_zelda_ww/test_rules.py::test_GameRules_calculate_string_width_override PASSED [ 90%]
tests/test_plugins/test_zelda_ww/test_rules.py::test_GameRules_get_short_problem_name PASSED [ 91%]
tests/test_plugins/test_zelda_ww/test_rules.py::test_GameRules_get_text_representation_for_preview PASSED [ 91%]
tests/test_plugins/test_zelda_ww/test_rules.py::test_GameRules_get_text_representation_for_editor PASSED [ 92%]
tests/test_plugins/test_zelda_ww/test_rules.py::test_GameRules_convert_editor_text_to_data PASSED [ 92%]
tests/test_plugins/test_zelda_ww/test_rules.py::test_GameRules_get_enter_char PASSED [ 93%]
tests/test_plugins/test_zelda_ww/test_rules.py::test_GameRules_get_editor_page_size PASSED [ 93%]
tests/test_plugins/test_zelda_ww/test_tag_logic.py::test__analyze_tags_for_issues_zww SKIPPED [ 94%]
tests/test_plugins/test_zelda_ww/test_tag_logic.py::test_process_segment_tags_aggressively_zww SKIPPED [ 94%]
tests/test_plugins/test_zelda_ww/test_tag_manager.py::test_TagManager_init SKIPPED [ 95%]
tests/test_plugins/test_zelda_ww/test_tag_manager.py::test_TagManager_reconfigure_styles SKIPPED [ 95%]
tests/test_plugins/test_zelda_ww/test_tag_manager.py::test_TagManager_get_syntax_highlighting_rules SKIPPED [ 96%]
tests/test_plugins/test_zelda_ww/test_tag_manager.py::test_TagManager_get_legitimate_tags SKIPPED [ 96%]
tests/test_plugins/test_zelda_ww/test_tag_manager.py::test_TagManager_is_tag_legitimate SKIPPED [ 97%]
tests/test_plugins/test_zelda_ww/test_text_fixer.py::test_TextFixer_init SKIPPED [ 97%]
tests/test_plugins/test_zelda_ww/test_text_fixer.py::test_TextFixerfix_empty_odd_sublines_zww SKIPPED [ 98%]
tests/test_plugins/test_zelda_ww/test_text_fixer.py::test_TextFixerfix_short_lines_zww SKIPPED [ 98%]
tests/test_plugins/test_zelda_ww/test_text_fixer.py::test_TextFixercleanup_spaces_around_tags_zww SKIPPED [ 99%]
tests/test_plugins/test_zelda_ww/test_text_fixer.py::test_TextFixer_fix_empty_first_line_of_page SKIPPED [ 99%]
tests/test_plugins/test_zelda_ww/test_text_fixer.py::test_TextFixer_autofix_data_string SKIPPED [100%]

=============================== tests coverage ================================
_______________ coverage: platform win32, python 3.14.3-final-0 _______________

Name                                                                       Stmts   Miss  Cover
----------------------------------------------------------------------------------------------
components\__init__.py                                                         0      0   100%
components\ai_chat_dialog.py                                                 119    119     0%
components\ai_status_dialog.py                                               148    148     0%
components\custom_list_item_delegate.py                                      288    288     0%
components\custom_list_widget.py                                             188    188     0%
components\custom_tree_widget.py                                             873    873     0%
components\dictionary_manager_dialog.py                                      140    140     0%
components\editor\__init__.py                                                  0      0   100%
components\editor\constants.py                                                39     39     0%
components\editor\highlight_interface.py                                      73     73     0%
components\editor\line_number_area.py                                         33     33     0%
components\editor\line_number_area_paint_logic.py                            188    188     0%
components\editor\line_numbered_text_edit.py                                 364    364     0%
components\editor\lnet_context_menu_logic.py                                 183    183     0%
components\editor\lnet_dialogs.py                                             52     52     0%
components\editor\lnet_editor_setup.py                                        77     77     0%
components\editor\lnet_highlight_wrappers.py                                  44     44     0%
components\editor\lnet_keyboard_handler.py                                    51     51     0%
components\editor\lnet_spellcheck_logic.py                                    60     60     0%
components\editor\lnet_tag_helpers.py                                         56     56     0%
components\editor\lnet_tooltips.py                                            66     66     0%
components\editor\mouse_handlers.py                                          245    245     0%
components\editor\paint_event_logic.py                                       111    111     0%
components\editor\paint_handlers.py                                           37     37     0%
components\editor\paint_helpers.py                                            52     52     0%
components\editor\text_highlight_manager.py                                  308    308     0%
components\folder_delete_dialog.py                                            43     43     0%
components\glossary_dialog.py                                                459    459     0%
components\glossary_edit_dialog.py                                            71     71     0%
components\glossary_translation_update_dialog.py                             240    240     0%
components\help_dialog.py                                                     49     49     0%
components\labeled_spinbox.py                                                 23     23     0%
components\original_text_analysis_dialog.py                                  311    311     0%
components\project_dialogs.py                                                438    438     0%
components\prompt_editor_dialog.py                                            17     17     0%
components\search_panel.py                                                   133    133     0%
components\session_bootstrap_dialog.py                                        29     29     0%
components\translation_variations_dialog.py                                   55     55     0%
core\__init__.py                                                               0      0   100%
core\context.py                                                                4      4     0%
core\data_manager.py                                                          71     71     0%
core\data_state_processor.py                                                 323    323     0%
core\data_store.py                                                            48     48     0%
core\glossary_manager.py                                                     304    304     0%
core\project_manager.py                                                      418    418     0%
core\project_models.py                                                       136    136     0%
core\settings_manager.py                                                      94     94     0%
core\spellchecker_manager.py                                                 154    154     0%
core\state_manager.py                                                         36     36     0%
core\tag_utils.py                                                             16     16     0%
core\translation\__init__.py                                                   0      0   100%
core\translation\config.py                                                    14     14     0%
core\translation\providers.py                                                407    407     0%
core\translation\session_manager.py                                           53     53     0%
core\undo_manager.py                                                         246    246     0%
debug_test.py                                                                 42     42     0%
handlers\__init__.py                                                           0      0   100%
handlers\ai_chat_handler.py                                                  198    198     0%
handlers\app_action_handler.py                                               302    302     0%
handlers\base_handler.py                                                      15     15     0%
handlers\issue_scan_handler.py                                                54     54     0%
handlers\list_selection_handler.py                                           439    439     0%
handlers\project_action_handler.py                                           559    559     0%
handlers\search_handler.py                                                   319    319     0%
handlers\string_settings_handler.py                                          149    149     0%
handlers\text_analysis_handler.py                                            103    103     0%
handlers\text_autofix_logic.py                                               364    364     0%
handlers\text_operation_handler.py                                           304    304     0%
handlers\translation\__init__.py                                               0      0   100%
handlers\translation\ai_lifecycle_manager.py                                 234    234     0%
handlers\translation\ai_prompt_composer.py                                   138    138     0%
handlers\translation\ai_worker.py                                            249    249     0%
handlers\translation\base_translation_handler.py                               6      6     0%
handlers\translation\glossary_builder_handler.py                             235    235     0%
handlers\translation\glossary_handler.py                                     289    289     0%
handlers\translation\glossary_occurrence_updater.py                          304    304     0%
handlers\translation\glossary_prompt_manager.py                              149    149     0%
handlers\translation\translation_ui_handler.py                               173    173     0%
handlers\translation_handler.py                                              496    496     0%
main.py                                                                      478    478     0%
plugins\__init__.py                                                            0      0   100%
plugins\base_game_rules.py                                                   106     61    42%
plugins\common\__init__.py                                                     0      0   100%
plugins\common\markers.py                                                      4      0   100%
plugins\common\problem_analyzer.py                                            28     11    61%
plugins\common\tag_manager.py                                                 56     10    82%
plugins\common\text_fixer.py                                                  59     39    34%
plugins\pokemon_fr\__init__.py                                                 0      0   100%
plugins\pokemon_fr\config.py                                                  20      0   100%
plugins\pokemon_fr\problem_analyzer.py                                        66     29    56%
plugins\pokemon_fr\rules.py                                                   91     33    64%
plugins\pokemon_fr\tag_manager.py                                             12      2    83%
plugins\pokemon_fr\text_fixer.py                                              94     67    29%
plugins\zelda_mc\config.py                                                    25      0   100%
plugins\zelda_mc\problem_analyzer.py                                          68     36    47%
plugins\zelda_mc\rules.py                                                     84      4    95%
plugins\zelda_mc\tag_checker_handler.py                                      217    185    15%
plugins\zelda_mc\tag_logic.py                                                 75     39    48%
plugins\zelda_mc\tag_manager.py                                               49      3    94%
plugins\zelda_mc\text_fixer.py                                               166    115    31%
plugins\zelda_ww\config.py                                                    26      0   100%
plugins\zelda_ww\problem_analyzer.py                                          73     37    49%
plugins\zelda_ww\rules.py                                                     76      1    99%
plugins\zelda_ww\tag_logic.py                                                 38      8    79%
plugins\zelda_ww\tag_manager.py                                               44      3    93%
plugins\zelda_ww\text_fixer.py                                               132     82    38%
test_run.py                                                                   16     16     0%
tests\conftest.py                                                             35     19    46%
tests\test_plugins\__init__.py                                                 0      0   100%
tests\test_plugins\test_base_game_rules.py                                    57      0   100%
tests\test_plugins\test_common\__init__.py                                     0      0   100%
tests\test_plugins\test_common\test_problem_analyzer.py                        7      0   100%
tests\test_plugins\test_common\test_tag_manager.py                            11      0   100%
tests\test_plugins\test_common\test_text_fixer.py                              7      0   100%
tests\test_plugins\test_import_plugins\__init__.py                             0      0   100%
tests\test_plugins\test_import_plugins\test_base_import_rules.py               9      0   100%
tests\test_plugins\test_import_plugins\test_kruptar_format\__init__.py         0      0   100%
tests\test_plugins\test_import_plugins\test_kruptar_format\test_rules.py       7      0   100%
tests\test_plugins\test_plain_text\__init__.py                                 0      0   100%
tests\test_plugins\test_plain_text\test_problem_analyzer.py                   13      0   100%
tests\test_plugins\test_plain_text\test_rules.py                              37      0   100%
tests\test_plugins\test_plain_text\test_tag_logic.py                           5      0   100%
tests\test_plugins\test_plain_text\test_tag_manager.py                         9      0   100%
tests\test_plugins\test_plain_text\test_text_fixer.py                         13      0   100%
tests\test_plugins\test_pokemon_fr\__init__.py                                 0      0   100%
tests\test_plugins\test_pokemon_fr\test_problem_analyzer.py                   13      0   100%
tests\test_plugins\test_pokemon_fr\test_rules.py                              66      0   100%
tests\test_plugins\test_pokemon_fr\test_tag_manager.py                         9      0   100%
tests\test_plugins\test_pokemon_fr\test_text_fixer.py                         15      0   100%
tests\test_plugins\test_zelda_mc\__init__.py                                   0      0   100%
tests\test_plugins\test_zelda_mc\test_problem_analyzer.py                     11      0   100%
tests\test_plugins\test_zelda_mc\test_rules.py                                92      0   100%
tests\test_plugins\test_zelda_mc\test_tag_checker_handler.py                  19      0   100%
tests\test_plugins\test_zelda_mc\test_tag_logic.py                             5      0   100%
tests\test_plugins\test_zelda_mc\test_tag_manager.py                          13      0   100%
tests\test_plugins\test_zelda_mc\test_text_fixer.py                           15      0   100%
tests\test_plugins\test_zelda_ww\__init__.py                                   0      0   100%
tests\test_plugins\test_zelda_ww\test_problem_analyzer.py                     13      0   100%
tests\test_plugins\test_zelda_ww\test_rules.py                                76      0   100%
tests\test_plugins\test_zelda_ww\test_tag_logic.py                             5      0   100%
tests\test_plugins\test_zelda_ww\test_tag_manager.py                          11      0   100%
tests\test_plugins\test_zelda_ww\test_text_fixer.py                           13      0   100%
tree.py                                                                       52     52     0%
ui\__init__.py                                                                 0      0   100%
ui\main_window\__init__.py                                                     0      0   100%
ui\main_window\main_window_actions.py                                        183    183     0%
ui\main_window\main_window_block_handler.py                                   24     24     0%
ui\main_window\main_window_event_handler.py                                  191    191     0%
ui\main_window\main_window_helper.py                                         187    187     0%
ui\main_window\main_window_plugin_handler.py                                  78     78     0%
ui\main_window\main_window_ui_handler.py                                     141    141     0%
ui\settings_dialog.py                                                        243    243     0%
ui\themes.py                                                                   2      2     0%
ui\ui_event_filters.py                                                       110    110     0%
ui\ui_setup.py                                                                19     19     0%
ui\ui_updater.py                                                             690    690     0%
ui\updaters\__init__.py                                                        0      0   100%
ui\updaters\base_ui_updater.py                                                 4      4     0%
ui\updaters\block_list_updater.py                                            151    151     0%
ui\updaters\preview_updater.py                                                42     42     0%
ui\updaters\string_settings_updater.py                                        62     62     0%
ui\updaters\title_status_bar_updater.py                                       26     26     0%
utils\__init__.py                                                              2      0   100%
utils\constants.py                                                            10      0   100%
utils\hotkey_manager.py                                                      110    110     0%
utils\logging_utils.py                                                       101     27    73%
utils\syntax_highlighter.py                                                  421    421     0%
utils\utils.py                                                               142     99    30%
----------------------------------------------------------------------------------------------
TOTAL                                                                      18788  17248     8%
Coverage HTML written to dir htmlcov
======================= 53 passed, 147 skipped in 1.85s =======================
