============================= test session starts =============================
platform win32 -- Python 3.14.3, pytest-9.0.2, pluggy-1.6.0 -- D:\git\dev\Picoripi\venv\Scripts\python.exe
cachedir: .pytest_cache
PyQt5 5.15.11 -- Qt runtime 5.15.2 -- Qt compiled 5.15.2
rootdir: D:\git\dev\Picoripi
configfile: pytest.ini (WARNING: ignoring pytest config in pyproject.toml!)
plugins: cov-7.0.0, mock-3.15.1, qt-4.5.0
collecting ... collected 48 items

.\venv\Scripts\python.exe : --- Logging error ---
At line:1 char:51
+ ... PATH = "."; .\venv\Scripts\python.exe -u -m pytest -s -v tests/test_p ...
+                 ~~~~~~~~~~~~~~~~~~~~~~~~~~~~~~~~~~~~~~~~~~~~~~~~~~~~~~~~~
    + CategoryInfo          : NotSpecified: (--- Logging error ---:String) [], RemoteException
    + FullyQualifiedErrorId : NativeCommandError
 
Traceback (most recent call last):
  File "C:\Program Files\Python314\Lib\logging\handlers.py", line 80, in emit
    self.doRollover()
    ~~~~~~~~~~~~~~~^^
  File "C:\Program Files\Python314\Lib\logging\handlers.py", line 185, in doRollover
    self.rotate(self.baseFilename, dfn)
    ~~~~~~~~~~~^^^^^^^^^^^^^^^^^^^^^^^^
  File "C:\Program Files\Python314\Lib\logging\handlers.py", line 121, in rotate
    os.rename(source, dest)
    ~~~~~~~~~^^^^^^^^^^^^^^
PermissionError: [WinError 32] The process cannot access the file because it is being used by another process: 'D:\\git\\dev\\Picoripi\\app_debug.txt' -> 'D:\\
git\\dev\\Picoripi\\app_debug.txt.1'
Call stack:
  File "<frozen runpy>", line 198, in _run_module_as_main
  File "<frozen runpy>", line 88, in _run_code
  File "D:\git\dev\Picoripi\venv\Lib\site-packages\pytest\__main__.py", line 9, in <module>
    raise SystemExit(pytest.console_main())
  File "D:\git\dev\Picoripi\venv\Lib\site-packages\_pytest\config\__init__.py", line 223, in console_main
    code = main()
  File "D:\git\dev\Picoripi\venv\Lib\site-packages\_pytest\config\__init__.py", line 199, in main
    ret: ExitCode | int = config.hook.pytest_cmdline_main(config=config)
  File "D:\git\dev\Picoripi\venv\Lib\site-packages\pluggy\_hooks.py", line 512, in __call__
    return self._hookexec(self.name, self._hookimpls.copy(), kwargs, firstresult)
  File "D:\git\dev\Picoripi\venv\Lib\site-packages\pluggy\_manager.py", line 120, in _hookexec
    return self._inner_hookexec(hook_name, methods, kwargs, firstresult)
  File "D:\git\dev\Picoripi\venv\Lib\site-packages\pluggy\_callers.py", line 121, in _multicall
    res = hook_impl.function(*args)
  File "D:\git\dev\Picoripi\venv\Lib\site-packages\_pytest\main.py", line 365, in pytest_cmdline_main
    return wrap_session(config, _main)
  File "D:\git\dev\Picoripi\venv\Lib\site-packages\_pytest\main.py", line 318, in wrap_session
    session.exitstatus = doit(config, session) or 0
  File "D:\git\dev\Picoripi\venv\Lib\site-packages\_pytest\main.py", line 372, in _main
    config.hook.pytest_runtestloop(session=session)
  File "D:\git\dev\Picoripi\venv\Lib\site-packages\pluggy\_hooks.py", line 512, in __call__
    return self._hookexec(self.name, self._hookimpls.copy(), kwargs, firstresult)
  File "D:\git\dev\Picoripi\venv\Lib\site-packages\pluggy\_manager.py", line 120, in _hookexec
    return self._inner_hookexec(hook_name, methods, kwargs, firstresult)
  File "D:\git\dev\Picoripi\venv\Lib\site-packages\pluggy\_callers.py", line 121, in _multicall
    res = hook_impl.function(*args)
  File "D:\git\dev\Picoripi\venv\Lib\site-packages\_pytest\main.py", line 396, in pytest_runtestloop
    item.config.hook.pytest_runtest_protocol(item=item, nextitem=nextitem)
  File "D:\git\dev\Picoripi\venv\Lib\site-packages\pluggy\_hooks.py", line 512, in __call__
    return self._hookexec(self.name, self._hookimpls.copy(), kwargs, firstresult)
  File "D:\git\dev\Picoripi\venv\Lib\site-packages\pluggy\_manager.py", line 120, in _hookexec
    return self._inner_hookexec(hook_name, methods, kwargs, firstresult)
  File "D:\git\dev\Picoripi\venv\Lib\site-packages\pluggy\_callers.py", line 121, in _multicall
    res = hook_impl.function(*args)
  File "D:\git\dev\Picoripi\venv\Lib\site-packages\_pytest\runner.py", line 118, in pytest_runtest_protocol
    runtestprotocol(item, nextitem=nextitem)
  File "D:\git\dev\Picoripi\venv\Lib\site-packages\_pytest\runner.py", line 137, in runtestprotocol
    reports.append(call_and_report(item, "call", log))
  File "D:\git\dev\Picoripi\venv\Lib\site-packages\_pytest\runner.py", line 244, in call_and_report
    call = CallInfo.from_call(
  File "D:\git\dev\Picoripi\venv\Lib\site-packages\_pytest\runner.py", line 353, in from_call
    result: TResult | None = func()
  File "D:\git\dev\Picoripi\venv\Lib\site-packages\_pytest\runner.py", line 245, in <lambda>
    lambda: runtest_hook(item=item, **kwds),
  File "D:\git\dev\Picoripi\venv\Lib\site-packages\pluggy\_hooks.py", line 512, in __call__
    return self._hookexec(self.name, self._hookimpls.copy(), kwargs, firstresult)
  File "D:\git\dev\Picoripi\venv\Lib\site-packages\pluggy\_manager.py", line 120, in _hookexec
    return self._inner_hookexec(hook_name, methods, kwargs, firstresult)
  File "D:\git\dev\Picoripi\venv\Lib\site-packages\pluggy\_callers.py", line 121, in _multicall
    res = hook_impl.function(*args)
  File "D:\git\dev\Picoripi\venv\Lib\site-packages\_pytest\runner.py", line 179, in pytest_runtest_call
    item.runtest()
  File "D:\git\dev\Picoripi\venv\Lib\site-packages\_pytest\unittest.py", line 389, in runtest
    testcase(result=self)
  File "C:\Program Files\Python314\Lib\unittest\case.py", line 725, in __call__
    return self.run(*args, **kwds)
  File "C:\Program Files\Python314\Lib\unittest\case.py", line 665, in run
    self._callSetUp()
  File "C:\Program Files\Python314\Lib\unittest\case.py", line 612, in _callSetUp
    self.setUp()
  File "D:\git\dev\Picoripi\tests\test_project_lifecycle.py", line 114, in setUp
    self.pm = ProjectManager(self.mw)
  File "D:\git\dev\Picoripi\core\project_manager.py", line 78, in __init__
    self.load(str(project_path))
  File "D:\git\dev\Picoripi\core\project_manager.py", line 156, in load
    log_error(f"Invalid project path: {path}")
  File "D:\git\dev\Picoripi\utils\logging_utils.py", line 143, in log_error
    _log_message(logging.ERROR, message, category, exc_info)
  File "D:\git\dev\Picoripi\utils\logging_utils.py", line 128, in _log_message
    adapter.error(message, exc_info=exc_info)
Message: "Invalid project path: <MockMainWindow id='1830895599104'>"
Arguments: ()
2026-03-21 19:23:24,300 - ERROR - [GENERAL] logging_utils - _log_message - Invalid project path: <MockMainWindow id='1830895599104'>
--- Logging error ---
Traceback (most recent call last):
  File "C:\Program Files\Python314\Lib\logging\handlers.py", line 80, in emit
    self.doRollover()
    ~~~~~~~~~~~~~~~^^
  File "C:\Program Files\Python314\Lib\logging\handlers.py", line 185, in doRollover
    self.rotate(self.baseFilename, dfn)
    ~~~~~~~~~~~^^^^^^^^^^^^^^^^^^^^^^^^
  File "C:\Program Files\Python314\Lib\logging\handlers.py", line 121, in rotate
    os.rename(source, dest)
    ~~~~~~~~~^^^^^^^^^^^^^^
PermissionError: [WinError 32] The process cannot access the file because it is being used by another process: 'D:\\git\\dev\\Picoripi\\app_debug.txt' -> 'D:\\
git\\dev\\Picoripi\\app_debug.txt.1'
Call stack:
  File "<frozen runpy>", line 198, in _run_module_as_main
  File "<frozen runpy>", line 88, in _run_code
  File "D:\git\dev\Picoripi\venv\Lib\site-packages\pytest\__main__.py", line 9, in <module>
    raise SystemExit(pytest.console_main())
  File "D:\git\dev\Picoripi\venv\Lib\site-packages\_pytest\config\__init__.py", line 223, in console_main
    code = main()
  File "D:\git\dev\Picoripi\venv\Lib\site-packages\_pytest\config\__init__.py", line 199, in main
    ret: ExitCode | int = config.hook.pytest_cmdline_main(config=config)
  File "D:\git\dev\Picoripi\venv\Lib\site-packages\pluggy\_hooks.py", line 512, in __call__
    return self._hookexec(self.name, self._hookimpls.copy(), kwargs, firstresult)
  File "D:\git\dev\Picoripi\venv\Lib\site-packages\pluggy\_manager.py", line 120, in _hookexec
    return self._inner_hookexec(hook_name, methods, kwargs, firstresult)
  File "D:\git\dev\Picoripi\venv\Lib\site-packages\pluggy\_callers.py", line 121, in _multicall
    res = hook_impl.function(*args)
  File "D:\git\dev\Picoripi\venv\Lib\site-packages\_pytest\main.py", line 365, in pytest_cmdline_main
    return wrap_session(config, _main)
  File "D:\git\dev\Picoripi\venv\Lib\site-packages\_pytest\main.py", line 318, in wrap_session
    session.exitstatus = doit(config, session) or 0
  File "D:\git\dev\Picoripi\venv\Lib\site-packages\_pytest\main.py", line 372, in _main
    config.hook.pytest_runtestloop(session=session)
  File "D:\git\dev\Picoripi\venv\Lib\site-packages\pluggy\_hooks.py", line 512, in __call__
    return self._hookexec(self.name, self._hookimpls.copy(), kwargs, firstresult)
  File "D:\git\dev\Picoripi\venv\Lib\site-packages\pluggy\_manager.py", line 120, in _hookexec
    return self._inner_hookexec(hook_name, methods, kwargs, firstresult)
  File "D:\git\dev\Picoripi\venv\Lib\site-packages\pluggy\_callers.py", line 121, in _multicall
    res = hook_impl.function(*args)
  File "D:\git\dev\Picoripi\venv\Lib\site-packages\_pytest\main.py", line 396, in pytest_runtestloop
    item.config.hook.pytest_runtest_protocol(item=item, nextitem=nextitem)
  File "D:\git\dev\Picoripi\venv\Lib\site-packages\pluggy\_hooks.py", line 512, in __call__
    return self._hookexec(self.name, self._hookimpls.copy(), kwargs, firstresult)
  File "D:\git\dev\Picoripi\venv\Lib\site-packages\pluggy\_manager.py", line 120, in _hookexec
    return self._inner_hookexec(hook_name, methods, kwargs, firstresult)
  File "D:\git\dev\Picoripi\venv\Lib\site-packages\pluggy\_callers.py", line 121, in _multicall
    res = hook_impl.function(*args)
  File "D:\git\dev\Picoripi\venv\Lib\site-packages\_pytest\runner.py", line 118, in pytest_runtest_protocol
    runtestprotocol(item, nextitem=nextitem)
  File "D:\git\dev\Picoripi\venv\Lib\site-packages\_pytest\runner.py", line 137, in runtestprotocol
    reports.append(call_and_report(item, "call", log))
  File "D:\git\dev\Picoripi\venv\Lib\site-packages\_pytest\runner.py", line 244, in call_and_report
    call = CallInfo.from_call(
  File "D:\git\dev\Picoripi\venv\Lib\site-packages\_pytest\runner.py", line 353, in from_call
    result: TResult | None = func()
  File "D:\git\dev\Picoripi\venv\Lib\site-packages\_pytest\runner.py", line 245, in <lambda>
    lambda: runtest_hook(item=item, **kwds),
  File "D:\git\dev\Picoripi\venv\Lib\site-packages\pluggy\_hooks.py", line 512, in __call__
    return self._hookexec(self.name, self._hookimpls.copy(), kwargs, firstresult)
  File "D:\git\dev\Picoripi\venv\Lib\site-packages\pluggy\_manager.py", line 120, in _hookexec
    return self._inner_hookexec(hook_name, methods, kwargs, firstresult)
  File "D:\git\dev\Picoripi\venv\Lib\site-packages\pluggy\_callers.py", line 121, in _multicall
    res = hook_impl.function(*args)
  File "D:\git\dev\Picoripi\venv\Lib\site-packages\_pytest\runner.py", line 179, in pytest_runtest_call
    item.runtest()
  File "D:\git\dev\Picoripi\venv\Lib\site-packages\_pytest\unittest.py", line 389, in runtest
    testcase(result=self)
  File "C:\Program Files\Python314\Lib\unittest\case.py", line 725, in __call__
    return self.run(*args, **kwds)
  File "C:\Program Files\Python314\Lib\unittest\case.py", line 669, in run
    self._callTestMethod(testMethod)
  File "C:\Program Files\Python314\Lib\unittest\case.py", line 615, in _callTestMethod
    result = method()
  File "D:\git\dev\Picoripi\tests\test_project_lifecycle.py", line 133, in test_complete_project_load_and_population
    success = self.pm.load(project_path)
  File "D:\git\dev\Picoripi\core\project_manager.py", line 174, in load
    log_info(f"Loaded project '{self.project.name}' from {self.project_dir}")
  File "D:\git\dev\Picoripi\utils\logging_utils.py", line 137, in log_info
    _log_message(logging.INFO, message, category)
  File "D:\git\dev\Picoripi\utils\logging_utils.py", line 124, in _log_message
    adapter.info(message)
Message: "Loaded project 'Pokemon' from D:\\git\\dev\\Picoripi\\PokemonRS\\Pokemon"
Arguments: ()
2026-03-21 19:23:24,308 - INFO - [GENERAL] logging_utils - _log_message - Loaded project 'Pokemon' from D:\git\dev\Picoripi\PokemonRS\Pokemon
--- Logging error ---
Traceback (most recent call last):
  File "C:\Program Files\Python314\Lib\logging\handlers.py", line 80, in emit
    self.doRollover()
    ~~~~~~~~~~~~~~~^^
  File "C:\Program Files\Python314\Lib\logging\handlers.py", line 185, in doRollover
    self.rotate(self.baseFilename, dfn)
    ~~~~~~~~~~~^^^^^^^^^^^^^^^^^^^^^^^^
  File "C:\Program Files\Python314\Lib\logging\handlers.py", line 121, in rotate
    os.rename(source, dest)
    ~~~~~~~~~^^^^^^^^^^^^^^
PermissionError: [WinError 32] The process cannot access the file because it is being used by another process: 'D:\\git\\dev\\Picoripi\\app_debug.txt' -> 'D:\\
git\\dev\\Picoripi\\app_debug.txt.1'
Call stack:
  File "<frozen runpy>", line 198, in _run_module_as_main
  File "<frozen runpy>", line 88, in _run_code
  File "D:\git\dev\Picoripi\venv\Lib\site-packages\pytest\__main__.py", line 9, in <module>
    raise SystemExit(pytest.console_main())
  File "D:\git\dev\Picoripi\venv\Lib\site-packages\_pytest\config\__init__.py", line 223, in console_main
    code = main()
  File "D:\git\dev\Picoripi\venv\Lib\site-packages\_pytest\config\__init__.py", line 199, in main
    ret: ExitCode | int = config.hook.pytest_cmdline_main(config=config)
  File "D:\git\dev\Picoripi\venv\Lib\site-packages\pluggy\_hooks.py", line 512, in __call__
    return self._hookexec(self.name, self._hookimpls.copy(), kwargs, firstresult)
  File "D:\git\dev\Picoripi\venv\Lib\site-packages\pluggy\_manager.py", line 120, in _hookexec
    return self._inner_hookexec(hook_name, methods, kwargs, firstresult)
  File "D:\git\dev\Picoripi\venv\Lib\site-packages\pluggy\_callers.py", line 121, in _multicall
    res = hook_impl.function(*args)
  File "D:\git\dev\Picoripi\venv\Lib\site-packages\_pytest\main.py", line 365, in pytest_cmdline_main
    return wrap_session(config, _main)
  File "D:\git\dev\Picoripi\venv\Lib\site-packages\_pytest\main.py", line 318, in wrap_session
    session.exitstatus = doit(config, session) or 0
  File "D:\git\dev\Picoripi\venv\Lib\site-packages\_pytest\main.py", line 372, in _main
    config.hook.pytest_runtestloop(session=session)
  File "D:\git\dev\Picoripi\venv\Lib\site-packages\pluggy\_hooks.py", line 512, in __call__
    return self._hookexec(self.name, self._hookimpls.copy(), kwargs, firstresult)
  File "D:\git\dev\Picoripi\venv\Lib\site-packages\pluggy\_manager.py", line 120, in _hookexec
    return self._inner_hookexec(hook_name, methods, kwargs, firstresult)
  File "D:\git\dev\Picoripi\venv\Lib\site-packages\pluggy\_callers.py", line 121, in _multicall
    res = hook_impl.function(*args)
  File "D:\git\dev\Picoripi\venv\Lib\site-packages\_pytest\main.py", line 396, in pytest_runtestloop
    item.config.hook.pytest_runtest_protocol(item=item, nextitem=nextitem)
  File "D:\git\dev\Picoripi\venv\Lib\site-packages\pluggy\_hooks.py", line 512, in __call__
    return self._hookexec(self.name, self._hookimpls.copy(), kwargs, firstresult)
  File "D:\git\dev\Picoripi\venv\Lib\site-packages\pluggy\_manager.py", line 120, in _hookexec
    return self._inner_hookexec(hook_name, methods, kwargs, firstresult)
  File "D:\git\dev\Picoripi\venv\Lib\site-packages\pluggy\_callers.py", line 121, in _multicall
    res = hook_impl.function(*args)
  File "D:\git\dev\Picoripi\venv\Lib\site-packages\_pytest\runner.py", line 118, in pytest_runtest_protocol
    runtestprotocol(item, nextitem=nextitem)
  File "D:\git\dev\Picoripi\venv\Lib\site-packages\_pytest\runner.py", line 137, in runtestprotocol
    reports.append(call_and_report(item, "call", log))
  File "D:\git\dev\Picoripi\venv\Lib\site-packages\_pytest\runner.py", line 244, in call_and_report
    call = CallInfo.from_call(
  File "D:\git\dev\Picoripi\venv\Lib\site-packages\_pytest\runner.py", line 353, in from_call
    result: TResult | None = func()
  File "D:\git\dev\Picoripi\venv\Lib\site-packages\_pytest\runner.py", line 245, in <lambda>
    lambda: runtest_hook(item=item, **kwds),
  File "D:\git\dev\Picoripi\venv\Lib\site-packages\pluggy\_hooks.py", line 512, in __call__
    return self._hookexec(self.name, self._hookimpls.copy(), kwargs, firstresult)
  File "D:\git\dev\Picoripi\venv\Lib\site-packages\pluggy\_manager.py", line 120, in _hookexec
    return self._inner_hookexec(hook_name, methods, kwargs, firstresult)
  File "D:\git\dev\Picoripi\venv\Lib\site-packages\pluggy\_callers.py", line 121, in _multicall
    res = hook_impl.function(*args)
  File "D:\git\dev\Picoripi\venv\Lib\site-packages\_pytest\runner.py", line 179, in pytest_runtest_call
    item.runtest()
  File "D:\git\dev\Picoripi\venv\Lib\site-packages\_pytest\unittest.py", line 389, in runtest
    testcase(result=self)
  File "C:\Program Files\Python314\Lib\unittest\case.py", line 725, in __call__
    return self.run(*args, **kwds)
  File "C:\Program Files\Python314\Lib\unittest\case.py", line 669, in run
    self._callTestMethod(testMethod)
  File "C:\Program Files\Python314\Lib\unittest\case.py", line 615, in _callTestMethod
    result = method()
  File "D:\git\dev\Picoripi\tests\test_project_lifecycle.py", line 139, in test_complete_project_load_and_population
    self.mw.plugin_handler.load_game_plugin()
  File "D:\git\dev\Picoripi\ui\main_window\main_window_plugin_handler.py", line 51, in load_game_plugin
    log_info(f"Attempting to load plugin: '{self.mw.active_game_plugin}'")
  File "D:\git\dev\Picoripi\utils\logging_utils.py", line 137, in log_info
    _log_message(logging.INFO, message, category)
  File "D:\git\dev\Picoripi\utils\logging_utils.py", line 124, in _log_message
    adapter.info(message)
Message: "Attempting to load plugin: 'pokemon_fr'"
Arguments: ()
2026-03-21 19:23:24,309 - INFO - [GENERAL] logging_utils - _log_message - Attempting to load plugin: 'pokemon_fr'
--- Logging error ---
Traceback (most recent call last):
  File "D:\git\dev\Picoripi\ui\main_window\main_window_plugin_handler.py", line 74, in load_game_plugin
    self.mw.current_game_rules = GameRulesClass(main_window_ref=self.mw)
                                 ~~~~~~~~~~~~~~^^^^^^^^^^^^^^^^^^^^^^^^^
  File "D:\git\dev\Picoripi\plugins\pokemon_fr\rules.py", line 20, in __init__
    self.tag_manager = TagManager(main_window_ref)
                       ~~~~~~~~~~^^^^^^^^^^^^^^^^^
  File "D:\git\dev\Picoripi\plugins\pokemon_fr\tag_manager.py", line 8, in __init__
    super().__init__(main_window_ref)
    ~~~~~~~~~~~~~~~~^^^^^^^^^^^^^^^^^
  File "D:\git\dev\Picoripi\plugins\common\tag_manager.py", line 13, in __init__
    self.reconfigure_styles()
    ~~~~~~~~~~~~~~~~~~~~~~~^^
  File "D:\git\dev\Picoripi\plugins\common\tag_manager.py", line 37, in reconfigure_styles
    tag_color = get_safe_color(tag_color_str, "#FF8C00")
  File "D:\git\dev\Picoripi\plugins\common\tag_manager.py", line 25, in get_safe_color
    color = QColor(color_str)
TypeError: arguments did not match any overloaded call:
  QColor(color: Qt.GlobalColor): 
  QColor(rgb: int): too many arguments
  QColor(rgba64: QRgba64): not enough arguments
  QColor(variant: Any): argument 1 has unexpected type 'MockMainWindow'
  QColor(): argument 1 has unexpected type 'MockMainWindow'

During handling of the above exception, another exception occurred:

Traceback (most recent call last):
  File "C:\Program Files\Python314\Lib\logging\handlers.py", line 80, in emit
    self.doRollover()
    ~~~~~~~~~~~~~~~^^
  File "C:\Program Files\Python314\Lib\logging\handlers.py", line 185, in doRollover
    self.rotate(self.baseFilename, dfn)
    ~~~~~~~~~~~^^^^^^^^^^^^^^^^^^^^^^^^
  File "C:\Program Files\Python314\Lib\logging\handlers.py", line 121, in rotate
    os.rename(source, dest)
    ~~~~~~~~~^^^^^^^^^^^^^^
PermissionError: [WinError 32] The process cannot access the file because it is being used by another process: 'D:\\git\\dev\\Picoripi\\app_debug.txt' -> 'D:\\
git\\dev\\Picoripi\\app_debug.txt.1'
Call stack:
  File "<frozen runpy>", line 198, in _run_module_as_main
  File "<frozen runpy>", line 88, in _run_code
  File "D:\git\dev\Picoripi\venv\Lib\site-packages\pytest\__main__.py", line 9, in <module>
    raise SystemExit(pytest.console_main())
  File "D:\git\dev\Picoripi\venv\Lib\site-packages\_pytest\config\__init__.py", line 223, in console_main
    code = main()
  File "D:\git\dev\Picoripi\venv\Lib\site-packages\_pytest\config\__init__.py", line 199, in main
    ret: ExitCode | int = config.hook.pytest_cmdline_main(config=config)
  File "D:\git\dev\Picoripi\venv\Lib\site-packages\pluggy\_hooks.py", line 512, in __call__
    return self._hookexec(self.name, self._hookimpls.copy(), kwargs, firstresult)
  File "D:\git\dev\Picoripi\venv\Lib\site-packages\pluggy\_manager.py", line 120, in _hookexec
    return self._inner_hookexec(hook_name, methods, kwargs, firstresult)
  File "D:\git\dev\Picoripi\venv\Lib\site-packages\pluggy\_callers.py", line 121, in _multicall
    res = hook_impl.function(*args)
  File "D:\git\dev\Picoripi\venv\Lib\site-packages\_pytest\main.py", line 365, in pytest_cmdline_main
    return wrap_session(config, _main)
  File "D:\git\dev\Picoripi\venv\Lib\site-packages\_pytest\main.py", line 318, in wrap_session
    session.exitstatus = doit(config, session) or 0
  File "D:\git\dev\Picoripi\venv\Lib\site-packages\_pytest\main.py", line 372, in _main
    config.hook.pytest_runtestloop(session=session)
  File "D:\git\dev\Picoripi\venv\Lib\site-packages\pluggy\_hooks.py", line 512, in __call__
    return self._hookexec(self.name, self._hookimpls.copy(), kwargs, firstresult)
  File "D:\git\dev\Picoripi\venv\Lib\site-packages\pluggy\_manager.py", line 120, in _hookexec
    return self._inner_hookexec(hook_name, methods, kwargs, firstresult)
  File "D:\git\dev\Picoripi\venv\Lib\site-packages\pluggy\_callers.py", line 121, in _multicall
    res = hook_impl.function(*args)
  File "D:\git\dev\Picoripi\venv\Lib\site-packages\_pytest\main.py", line 396, in pytest_runtestloop
    item.config.hook.pytest_runtest_protocol(item=item, nextitem=nextitem)
  File "D:\git\dev\Picoripi\venv\Lib\site-packages\pluggy\_hooks.py", line 512, in __call__
    return self._hookexec(self.name, self._hookimpls.copy(), kwargs, firstresult)
  File "D:\git\dev\Picoripi\venv\Lib\site-packages\pluggy\_manager.py", line 120, in _hookexec
    return self._inner_hookexec(hook_name, methods, kwargs, firstresult)
  File "D:\git\dev\Picoripi\venv\Lib\site-packages\pluggy\_callers.py", line 121, in _multicall
    res = hook_impl.function(*args)
  File "D:\git\dev\Picoripi\venv\Lib\site-packages\_pytest\runner.py", line 118, in pytest_runtest_protocol
    runtestprotocol(item, nextitem=nextitem)
  File "D:\git\dev\Picoripi\venv\Lib\site-packages\_pytest\runner.py", line 137, in runtestprotocol
    reports.append(call_and_report(item, "call", log))
  File "D:\git\dev\Picoripi\venv\Lib\site-packages\_pytest\runner.py", line 244, in call_and_report
    call = CallInfo.from_call(
  File "D:\git\dev\Picoripi\venv\Lib\site-packages\_pytest\runner.py", line 353, in from_call
    result: TResult | None = func()
  File "D:\git\dev\Picoripi\venv\Lib\site-packages\_pytest\runner.py", line 245, in <lambda>
    lambda: runtest_hook(item=item, **kwds),
  File "D:\git\dev\Picoripi\venv\Lib\site-packages\pluggy\_hooks.py", line 512, in __call__
    return self._hookexec(self.name, self._hookimpls.copy(), kwargs, firstresult)
  File "D:\git\dev\Picoripi\venv\Lib\site-packages\pluggy\_manager.py", line 120, in _hookexec
    return self._inner_hookexec(hook_name, methods, kwargs, firstresult)
  File "D:\git\dev\Picoripi\venv\Lib\site-packages\pluggy\_callers.py", line 121, in _multicall
    res = hook_impl.function(*args)
  File "D:\git\dev\Picoripi\venv\Lib\site-packages\_pytest\runner.py", line 179, in pytest_runtest_call
    item.runtest()
  File "D:\git\dev\Picoripi\venv\Lib\site-packages\_pytest\unittest.py", line 389, in runtest
    testcase(result=self)
  File "C:\Program Files\Python314\Lib\unittest\case.py", line 725, in __call__
    return self.run(*args, **kwds)
  File "C:\Program Files\Python314\Lib\unittest\case.py", line 669, in run
    self._callTestMethod(testMethod)
  File "C:\Program Files\Python314\Lib\unittest\case.py", line 615, in _callTestMethod
    result = method()
  File "D:\git\dev\Picoripi\tests\test_project_lifecycle.py", line 139, in test_complete_project_load_and_population
    self.mw.plugin_handler.load_game_plugin()
  File "D:\git\dev\Picoripi\ui\main_window\main_window_plugin_handler.py", line 87, in load_game_plugin
    log_error(error_msg, exc_info=True)
  File "D:\git\dev\Picoripi\utils\logging_utils.py", line 143, in log_error
    _log_message(logging.ERROR, message, category, exc_info)
  File "D:\git\dev\Picoripi\utils\logging_utils.py", line 128, in _log_message
    adapter.error(message, exc_info=exc_info)
Message: 'Unexpected error loading game plugin plugins.pokemon_fr.rules:\narguments did not match any overloaded call:\n  QColor(color: Qt.GlobalColor): \n  QC
olor(rgb: int): too many arguments\n  QColor(rgba64: QRgba64): not enough arguments\n  QColor(variant: Any): argument 1 has unexpected type \'MockMainWindow\'\
n  QColor(): argument 1 has unexpected type \'MockMainWindow\'\n\nTraceback (most recent call last):\n  File "D:\\git\\dev\\Picoripi\\ui\\main_window\\main_win
dow_plugin_handler.py", line 74, in load_game_plugin\n    self.mw.current_game_rules = GameRulesClass(main_window_ref=self.mw)\n                               
  ~~~~~~~~~~~~~~^^^^^^^^^^^^^^^^^^^^^^^^^\n  File "D:\\git\\dev\\Picoripi\\plugins\\pokemon_fr\\rules.py", line 20, in __init__\n    self.tag_manager = TagMana
ger(main_window_ref)\n                       ~~~~~~~~~~^^^^^^^^^^^^^^^^^\n  File "D:\\git\\dev\\Picoripi\\plugins\\pokemon_fr\\tag_manager.py", line 8, in __in
it__\n    super().__init__(main_window_ref)\n    ~~~~~~~~~~~~~~~~^^^^^^^^^^^^^^^^^\n  File "D:\\git\\dev\\Picoripi\\plugins\\common\\tag_manager.py", line 13, 
in __init__\n    self.reconfigure_styles()\n    ~~~~~~~~~~~~~~~~~~~~~~~^^\n  File "D:\\git\\dev\\Picoripi\\plugins\\common\\tag_manager.py", line 37, in reconf
igure_styles\n    tag_color = get_safe_color(tag_color_str, "#FF8C00")\n  File "D:\\git\\dev\\Picoripi\\plugins\\common\\tag_manager.py", line 25, in get_safe_
color\n    color = QColor(color_str)\nTypeError: arguments did not match any overloaded call:\n  QColor(color: Qt.GlobalColor): \n  QColor(rgb: int): too many 
arguments\n  QColor(rgba64: QRgba64): not enough arguments\n  QColor(variant: Any): argument 1 has unexpected type \'MockMainWindow\'\n  QColor(): argument 1 h
as unexpected type \'MockMainWindow\'\n'
Arguments: ()
2026-03-21 19:23:24,342 - ERROR - [GENERAL] logging_utils - _log_message - Unexpected error loading game plugin plugins.pokemon_fr.rules:
arguments did not match any overloaded call:
  QColor(color: Qt.GlobalColor): 
  QColor(rgb: int): too many arguments
  QColor(rgba64: QRgba64): not enough arguments
  QColor(variant: Any): argument 1 has unexpected type 'MockMainWindow'
  QColor(): argument 1 has unexpected type 'MockMainWindow'

Traceback (most recent call last):
  File "D:\git\dev\Picoripi\ui\main_window\main_window_plugin_handler.py", line 74, in load_game_plugin
    self.mw.current_game_rules = GameRulesClass(main_window_ref=self.mw)
                                 ~~~~~~~~~~~~~~^^^^^^^^^^^^^^^^^^^^^^^^^
  File "D:\git\dev\Picoripi\plugins\pokemon_fr\rules.py", line 20, in __init__
    self.tag_manager = TagManager(main_window_ref)
                       ~~~~~~~~~~^^^^^^^^^^^^^^^^^
  File "D:\git\dev\Picoripi\plugins\pokemon_fr\tag_manager.py", line 8, in __init__
    super().__init__(main_window_ref)
    ~~~~~~~~~~~~~~~~^^^^^^^^^^^^^^^^^
  File "D:\git\dev\Picoripi\plugins\common\tag_manager.py", line 13, in __init__
    self.reconfigure_styles()
    ~~~~~~~~~~~~~~~~~~~~~~~^^
  File "D:\git\dev\Picoripi\plugins\common\tag_manager.py", line 37, in reconfigure_styles
    tag_color = get_safe_color(tag_color_str, "#FF8C00")
  File "D:\git\dev\Picoripi\plugins\common\tag_manager.py", line 25, in get_safe_color
    color = QColor(color_str)
TypeError: arguments did not match any overloaded call:
  QColor(color: Qt.GlobalColor): 
  QColor(rgb: int): too many arguments
  QColor(rgba64: QRgba64): not enough arguments
  QColor(variant: Any): argument 1 has unexpected type 'MockMainWindow'
  QColor(): argument 1 has unexpected type 'MockMainWindow'
Traceback (most recent call last):
  File "D:\git\dev\Picoripi\ui\main_window\main_window_plugin_handler.py", line 74, in load_game_plugin
    self.mw.current_game_rules = GameRulesClass(main_window_ref=self.mw)
                                 ~~~~~~~~~~~~~~^^^^^^^^^^^^^^^^^^^^^^^^^
  File "D:\git\dev\Picoripi\plugins\pokemon_fr\rules.py", line 20, in __init__
    self.tag_manager = TagManager(main_window_ref)
                       ~~~~~~~~~~^^^^^^^^^^^^^^^^^
  File "D:\git\dev\Picoripi\plugins\pokemon_fr\tag_manager.py", line 8, in __init__
    super().__init__(main_window_ref)
    ~~~~~~~~~~~~~~~~^^^^^^^^^^^^^^^^^
  File "D:\git\dev\Picoripi\plugins\common\tag_manager.py", line 13, in __init__
    self.reconfigure_styles()
    ~~~~~~~~~~~~~~~~~~~~~~~^^
  File "D:\git\dev\Picoripi\plugins\common\tag_manager.py", line 37, in reconfigure_styles
    tag_color = get_safe_color(tag_color_str, "#FF8C00")
  File "D:\git\dev\Picoripi\plugins\common\tag_manager.py", line 25, in get_safe_color
    color = QColor(color_str)
TypeError: arguments did not match any overloaded call:
  QColor(color: Qt.GlobalColor): 
  QColor(rgb: int): too many arguments
  QColor(rgba64: QRgba64): not enough arguments
  QColor(variant: Any): argument 1 has unexpected type 'MockMainWindow'
  QColor(): argument 1 has unexpected type 'MockMainWindow'
--- Logging error ---
Traceback (most recent call last):
  File "D:\git\dev\Picoripi\ui\main_window\main_window_plugin_handler.py", line 74, in load_game_plugin
    self.mw.current_game_rules = GameRulesClass(main_window_ref=self.mw)
                                 ~~~~~~~~~~~~~~^^^^^^^^^^^^^^^^^^^^^^^^^
  File "D:\git\dev\Picoripi\plugins\pokemon_fr\rules.py", line 20, in __init__
    self.tag_manager = TagManager(main_window_ref)
                       ~~~~~~~~~~^^^^^^^^^^^^^^^^^
  File "D:\git\dev\Picoripi\plugins\pokemon_fr\tag_manager.py", line 8, in __init__
    super().__init__(main_window_ref)
    ~~~~~~~~~~~~~~~~^^^^^^^^^^^^^^^^^
  File "D:\git\dev\Picoripi\plugins\common\tag_manager.py", line 13, in __init__
    self.reconfigure_styles()
    ~~~~~~~~~~~~~~~~~~~~~~~^^
  File "D:\git\dev\Picoripi\plugins\common\tag_manager.py", line 37, in reconfigure_styles
    tag_color = get_safe_color(tag_color_str, "#FF8C00")
  File "D:\git\dev\Picoripi\plugins\common\tag_manager.py", line 25, in get_safe_color
    color = QColor(color_str)
TypeError: arguments did not match any overloaded call:
  QColor(color: Qt.GlobalColor): 
  QColor(rgb: int): too many arguments
  QColor(rgba64: QRgba64): not enough arguments
  QColor(variant: Any): argument 1 has unexpected type 'MockMainWindow'
  QColor(): argument 1 has unexpected type 'MockMainWindow'

During handling of the above exception, another exception occurred:

Traceback (most recent call last):
  File "C:\Program Files\Python314\Lib\logging\handlers.py", line 80, in emit
    self.doRollover()
    ~~~~~~~~~~~~~~~^^
  File "C:\Program Files\Python314\Lib\logging\handlers.py", line 185, in doRollover
    self.rotate(self.baseFilename, dfn)
    ~~~~~~~~~~~^^^^^^^^^^^^^^^^^^^^^^^^
  File "C:\Program Files\Python314\Lib\logging\handlers.py", line 121, in rotate
    os.rename(source, dest)
    ~~~~~~~~~^^^^^^^^^^^^^^
PermissionError: [WinError 32] The process cannot access the file because it is being used by another process: 'D:\\git\\dev\\Picoripi\\app_debug.txt' -> 'D:\\
git\\dev\\Picoripi\\app_debug.txt.1'
Call stack:
  File "<frozen runpy>", line 198, in _run_module_as_main
  File "<frozen runpy>", line 88, in _run_code
  File "D:\git\dev\Picoripi\venv\Lib\site-packages\pytest\__main__.py", line 9, in <module>
    raise SystemExit(pytest.console_main())
  File "D:\git\dev\Picoripi\venv\Lib\site-packages\_pytest\config\__init__.py", line 223, in console_main
    code = main()
  File "D:\git\dev\Picoripi\venv\Lib\site-packages\_pytest\config\__init__.py", line 199, in main
    ret: ExitCode | int = config.hook.pytest_cmdline_main(config=config)
  File "D:\git\dev\Picoripi\venv\Lib\site-packages\pluggy\_hooks.py", line 512, in __call__
    return self._hookexec(self.name, self._hookimpls.copy(), kwargs, firstresult)
  File "D:\git\dev\Picoripi\venv\Lib\site-packages\pluggy\_manager.py", line 120, in _hookexec
    return self._inner_hookexec(hook_name, methods, kwargs, firstresult)
  File "D:\git\dev\Picoripi\venv\Lib\site-packages\pluggy\_callers.py", line 121, in _multicall
    res = hook_impl.function(*args)
  File "D:\git\dev\Picoripi\venv\Lib\site-packages\_pytest\main.py", line 365, in pytest_cmdline_main
    return wrap_session(config, _main)
  File "D:\git\dev\Picoripi\venv\Lib\site-packages\_pytest\main.py", line 318, in wrap_session
    session.exitstatus = doit(config, session) or 0
  File "D:\git\dev\Picoripi\venv\Lib\site-packages\_pytest\main.py", line 372, in _main
    config.hook.pytest_runtestloop(session=session)
  File "D:\git\dev\Picoripi\venv\Lib\site-packages\pluggy\_hooks.py", line 512, in __call__
    return self._hookexec(self.name, self._hookimpls.copy(), kwargs, firstresult)
  File "D:\git\dev\Picoripi\venv\Lib\site-packages\pluggy\_manager.py", line 120, in _hookexec
    return self._inner_hookexec(hook_name, methods, kwargs, firstresult)
  File "D:\git\dev\Picoripi\venv\Lib\site-packages\pluggy\_callers.py", line 121, in _multicall
    res = hook_impl.function(*args)
  File "D:\git\dev\Picoripi\venv\Lib\site-packages\_pytest\main.py", line 396, in pytest_runtestloop
    item.config.hook.pytest_runtest_protocol(item=item, nextitem=nextitem)
  File "D:\git\dev\Picoripi\venv\Lib\site-packages\pluggy\_hooks.py", line 512, in __call__
    return self._hookexec(self.name, self._hookimpls.copy(), kwargs, firstresult)
  File "D:\git\dev\Picoripi\venv\Lib\site-packages\pluggy\_manager.py", line 120, in _hookexec
    return self._inner_hookexec(hook_name, methods, kwargs, firstresult)
  File "D:\git\dev\Picoripi\venv\Lib\site-packages\pluggy\_callers.py", line 121, in _multicall
    res = hook_impl.function(*args)
  File "D:\git\dev\Picoripi\venv\Lib\site-packages\_pytest\runner.py", line 118, in pytest_runtest_protocol
    runtestprotocol(item, nextitem=nextitem)
  File "D:\git\dev\Picoripi\venv\Lib\site-packages\_pytest\runner.py", line 137, in runtestprotocol
    reports.append(call_and_report(item, "call", log))
  File "D:\git\dev\Picoripi\venv\Lib\site-packages\_pytest\runner.py", line 244, in call_and_report
    call = CallInfo.from_call(
  File "D:\git\dev\Picoripi\venv\Lib\site-packages\_pytest\runner.py", line 353, in from_call
    result: TResult | None = func()
  File "D:\git\dev\Picoripi\venv\Lib\site-packages\_pytest\runner.py", line 245, in <lambda>
    lambda: runtest_hook(item=item, **kwds),
  File "D:\git\dev\Picoripi\venv\Lib\site-packages\pluggy\_hooks.py", line 512, in __call__
    return self._hookexec(self.name, self._hookimpls.copy(), kwargs, firstresult)
  File "D:\git\dev\Picoripi\venv\Lib\site-packages\pluggy\_manager.py", line 120, in _hookexec
    return self._inner_hookexec(hook_name, methods, kwargs, firstresult)
  File "D:\git\dev\Picoripi\venv\Lib\site-packages\pluggy\_callers.py", line 121, in _multicall
    res = hook_impl.function(*args)
  File "D:\git\dev\Picoripi\venv\Lib\site-packages\_pytest\runner.py", line 179, in pytest_runtest_call
    item.runtest()
  File "D:\git\dev\Picoripi\venv\Lib\site-packages\_pytest\unittest.py", line 389, in runtest
    testcase(result=self)
  File "C:\Program Files\Python314\Lib\unittest\case.py", line 725, in __call__
    return self.run(*args, **kwds)
  File "C:\Program Files\Python314\Lib\unittest\case.py", line 669, in run
    self._callTestMethod(testMethod)
  File "C:\Program Files\Python314\Lib\unittest\case.py", line 615, in _callTestMethod
    result = method()
  File "D:\git\dev\Picoripi\tests\test_project_lifecycle.py", line 139, in test_complete_project_load_and_population
    self.mw.plugin_handler.load_game_plugin()
  File "D:\git\dev\Picoripi\ui\main_window\main_window_plugin_handler.py", line 88, in load_game_plugin
    self._load_fallback_rules(error_msg)
  File "D:\git\dev\Picoripi\ui\main_window\main_window_plugin_handler.py", line 94, in _load_fallback_rules
    log_info("Loading fallback game rules.")
  File "D:\git\dev\Picoripi\utils\logging_utils.py", line 137, in log_info
    _log_message(logging.INFO, message, category)
  File "D:\git\dev\Picoripi\utils\logging_utils.py", line 124, in _log_message
    adapter.info(message)
Message: 'Loading fallback game rules.'
Arguments: ()
2026-03-21 19:23:24,344 - INFO - [GENERAL] logging_utils - _log_message - Loading fallback game rules.
tests/test_project_lifecycle.py::TestProjectLifecycle::test_complete_project_load_and_population FAILED
--- Logging error ---
Traceback (most recent call last):
  File "C:\Program Files\Python314\Lib\logging\handlers.py", line 80, in emit
    self.doRollover()
    ~~~~~~~~~~~~~~~^^
  File "C:\Program Files\Python314\Lib\logging\handlers.py", line 185, in doRollover
    self.rotate(self.baseFilename, dfn)
    ~~~~~~~~~~~^^^^^^^^^^^^^^^^^^^^^^^^
  File "C:\Program Files\Python314\Lib\logging\handlers.py", line 121, in rotate
    os.rename(source, dest)
    ~~~~~~~~~^^^^^^^^^^^^^^
PermissionError: [WinError 32] The process cannot access the file because it is being used by another process: 'D:\\git\\dev\\Picoripi\\app_debug.txt' -> 'D:\\
git\\dev\\Picoripi\\app_debug.txt.1'
Call stack:
  File "<frozen runpy>", line 198, in _run_module_as_main
  File "<frozen runpy>", line 88, in _run_code
  File "D:\git\dev\Picoripi\venv\Lib\site-packages\pytest\__main__.py", line 9, in <module>
    raise SystemExit(pytest.console_main())
  File "D:\git\dev\Picoripi\venv\Lib\site-packages\_pytest\config\__init__.py", line 223, in console_main
    code = main()
  File "D:\git\dev\Picoripi\venv\Lib\site-packages\_pytest\config\__init__.py", line 199, in main
    ret: ExitCode | int = config.hook.pytest_cmdline_main(config=config)
  File "D:\git\dev\Picoripi\venv\Lib\site-packages\pluggy\_hooks.py", line 512, in __call__
    return self._hookexec(self.name, self._hookimpls.copy(), kwargs, firstresult)
  File "D:\git\dev\Picoripi\venv\Lib\site-packages\pluggy\_manager.py", line 120, in _hookexec
    return self._inner_hookexec(hook_name, methods, kwargs, firstresult)
  File "D:\git\dev\Picoripi\venv\Lib\site-packages\pluggy\_callers.py", line 121, in _multicall
    res = hook_impl.function(*args)
  File "D:\git\dev\Picoripi\venv\Lib\site-packages\_pytest\main.py", line 365, in pytest_cmdline_main
    return wrap_session(config, _main)
  File "D:\git\dev\Picoripi\venv\Lib\site-packages\_pytest\main.py", line 318, in wrap_session
    session.exitstatus = doit(config, session) or 0
  File "D:\git\dev\Picoripi\venv\Lib\site-packages\_pytest\main.py", line 372, in _main
    config.hook.pytest_runtestloop(session=session)
  File "D:\git\dev\Picoripi\venv\Lib\site-packages\pluggy\_hooks.py", line 512, in __call__
    return self._hookexec(self.name, self._hookimpls.copy(), kwargs, firstresult)
  File "D:\git\dev\Picoripi\venv\Lib\site-packages\pluggy\_manager.py", line 120, in _hookexec
    return self._inner_hookexec(hook_name, methods, kwargs, firstresult)
  File "D:\git\dev\Picoripi\venv\Lib\site-packages\pluggy\_callers.py", line 121, in _multicall
    res = hook_impl.function(*args)
  File "D:\git\dev\Picoripi\venv\Lib\site-packages\_pytest\main.py", line 396, in pytest_runtestloop
    item.config.hook.pytest_runtest_protocol(item=item, nextitem=nextitem)
  File "D:\git\dev\Picoripi\venv\Lib\site-packages\pluggy\_hooks.py", line 512, in __call__
    return self._hookexec(self.name, self._hookimpls.copy(), kwargs, firstresult)
  File "D:\git\dev\Picoripi\venv\Lib\site-packages\pluggy\_manager.py", line 120, in _hookexec
    return self._inner_hookexec(hook_name, methods, kwargs, firstresult)
  File "D:\git\dev\Picoripi\venv\Lib\site-packages\pluggy\_callers.py", line 121, in _multicall
    res = hook_impl.function(*args)
  File "D:\git\dev\Picoripi\venv\Lib\site-packages\_pytest\runner.py", line 118, in pytest_runtest_protocol
    runtestprotocol(item, nextitem=nextitem)
  File "D:\git\dev\Picoripi\venv\Lib\site-packages\_pytest\runner.py", line 137, in runtestprotocol
    reports.append(call_and_report(item, "call", log))
  File "D:\git\dev\Picoripi\venv\Lib\site-packages\_pytest\runner.py", line 244, in call_and_report
    call = CallInfo.from_call(
  File "D:\git\dev\Picoripi\venv\Lib\site-packages\_pytest\runner.py", line 353, in from_call
    result: TResult | None = func()
  File "D:\git\dev\Picoripi\venv\Lib\site-packages\_pytest\runner.py", line 245, in <lambda>
    lambda: runtest_hook(item=item, **kwds),
  File "D:\git\dev\Picoripi\venv\Lib\site-packages\pluggy\_hooks.py", line 512, in __call__
    return self._hookexec(self.name, self._hookimpls.copy(), kwargs, firstresult)
  File "D:\git\dev\Picoripi\venv\Lib\site-packages\pluggy\_manager.py", line 120, in _hookexec
    return self._inner_hookexec(hook_name, methods, kwargs, firstresult)
  File "D:\git\dev\Picoripi\venv\Lib\site-packages\pluggy\_callers.py", line 121, in _multicall
    res = hook_impl.function(*args)
  File "D:\git\dev\Picoripi\venv\Lib\site-packages\_pytest\runner.py", line 179, in pytest_runtest_call
    item.runtest()
  File "D:\git\dev\Picoripi\venv\Lib\site-packages\_pytest\unittest.py", line 389, in runtest
    testcase(result=self)
  File "C:\Program Files\Python314\Lib\unittest\case.py", line 725, in __call__
    return self.run(*args, **kwds)
  File "C:\Program Files\Python314\Lib\unittest\case.py", line 669, in run
    self._callTestMethod(testMethod)
  File "C:\Program Files\Python314\Lib\unittest\case.py", line 615, in _callTestMethod
    result = method()
  File "D:\git\dev\Picoripi\tests\test_search_handler.py", line 75, in test_search_basic
    found = self.handler.find_next("world", False, True, False)
  File "D:\git\dev\Picoripi\handlers\search_handler.py", line 116, in find_next
    log_debug(f"SearchHandler: find_next. Q: '{query}', Case: {case_sensitive}, Orig: {search_in_original}, IgnoreTags: {ignore_tags}, Fuzzy: {is_fuzzy}")
  File "D:\git\dev\Picoripi\utils\logging_utils.py", line 134, in log_debug
    _log_message(logging.DEBUG, message, category)
  File "D:\git\dev\Picoripi\utils\logging_utils.py", line 122, in _log_message
    adapter.debug(message)
Message: "SearchHandler: find_next. Q: 'world', Case: False, Orig: True, IgnoreTags: False, Fuzzy: False"
Arguments: ()
2026-03-21 19:23:24,379 - DEBUG - [GENERAL] logging_utils - _log_message - SearchHandler: find_next. Q: 'world', Case: False, Orig: True, IgnoreTags: False, Fu
zzy: False
--- Logging error ---
Traceback (most recent call last):
  File "C:\Program Files\Python314\Lib\logging\handlers.py", line 80, in emit
    self.doRollover()
    ~~~~~~~~~~~~~~~^^
  File "C:\Program Files\Python314\Lib\logging\handlers.py", line 185, in doRollover
    self.rotate(self.baseFilename, dfn)
    ~~~~~~~~~~~^^^^^^^^^^^^^^^^^^^^^^^^
  File "C:\Program Files\Python314\Lib\logging\handlers.py", line 121, in rotate
    os.rename(source, dest)
    ~~~~~~~~~^^^^^^^^^^^^^^
PermissionError: [WinError 32] The process cannot access the file because it is being used by another process: 'D:\\git\\dev\\Picoripi\\app_debug.txt' -> 'D:\\
git\\dev\\Picoripi\\app_debug.txt.1'
Call stack:
  File "<frozen runpy>", line 198, in _run_module_as_main
  File "<frozen runpy>", line 88, in _run_code
  File "D:\git\dev\Picoripi\venv\Lib\site-packages\pytest\__main__.py", line 9, in <module>
    raise SystemExit(pytest.console_main())
  File "D:\git\dev\Picoripi\venv\Lib\site-packages\_pytest\config\__init__.py", line 223, in console_main
    code = main()
  File "D:\git\dev\Picoripi\venv\Lib\site-packages\_pytest\config\__init__.py", line 199, in main
    ret: ExitCode | int = config.hook.pytest_cmdline_main(config=config)
  File "D:\git\dev\Picoripi\venv\Lib\site-packages\pluggy\_hooks.py", line 512, in __call__
    return self._hookexec(self.name, self._hookimpls.copy(), kwargs, firstresult)
  File "D:\git\dev\Picoripi\venv\Lib\site-packages\pluggy\_manager.py", line 120, in _hookexec
    return self._inner_hookexec(hook_name, methods, kwargs, firstresult)
  File "D:\git\dev\Picoripi\venv\Lib\site-packages\pluggy\_callers.py", line 121, in _multicall
    res = hook_impl.function(*args)
  File "D:\git\dev\Picoripi\venv\Lib\site-packages\_pytest\main.py", line 365, in pytest_cmdline_main
    return wrap_session(config, _main)
  File "D:\git\dev\Picoripi\venv\Lib\site-packages\_pytest\main.py", line 318, in wrap_session
    session.exitstatus = doit(config, session) or 0
  File "D:\git\dev\Picoripi\venv\Lib\site-packages\_pytest\main.py", line 372, in _main
    config.hook.pytest_runtestloop(session=session)
  File "D:\git\dev\Picoripi\venv\Lib\site-packages\pluggy\_hooks.py", line 512, in __call__
    return self._hookexec(self.name, self._hookimpls.copy(), kwargs, firstresult)
  File "D:\git\dev\Picoripi\venv\Lib\site-packages\pluggy\_manager.py", line 120, in _hookexec
    return self._inner_hookexec(hook_name, methods, kwargs, firstresult)
  File "D:\git\dev\Picoripi\venv\Lib\site-packages\pluggy\_callers.py", line 121, in _multicall
    res = hook_impl.function(*args)
  File "D:\git\dev\Picoripi\venv\Lib\site-packages\_pytest\main.py", line 396, in pytest_runtestloop
    item.config.hook.pytest_runtest_protocol(item=item, nextitem=nextitem)
  File "D:\git\dev\Picoripi\venv\Lib\site-packages\pluggy\_hooks.py", line 512, in __call__
    return self._hookexec(self.name, self._hookimpls.copy(), kwargs, firstresult)
  File "D:\git\dev\Picoripi\venv\Lib\site-packages\pluggy\_manager.py", line 120, in _hookexec
    return self._inner_hookexec(hook_name, methods, kwargs, firstresult)
  File "D:\git\dev\Picoripi\venv\Lib\site-packages\pluggy\_callers.py", line 121, in _multicall
    res = hook_impl.function(*args)
  File "D:\git\dev\Picoripi\venv\Lib\site-packages\_pytest\runner.py", line 118, in pytest_runtest_protocol
    runtestprotocol(item, nextitem=nextitem)
  File "D:\git\dev\Picoripi\venv\Lib\site-packages\_pytest\runner.py", line 137, in runtestprotocol
    reports.append(call_and_report(item, "call", log))
  File "D:\git\dev\Picoripi\venv\Lib\site-packages\_pytest\runner.py", line 244, in call_and_report
    call = CallInfo.from_call(
  File "D:\git\dev\Picoripi\venv\Lib\site-packages\_pytest\runner.py", line 353, in from_call
    result: TResult | None = func()
  File "D:\git\dev\Picoripi\venv\Lib\site-packages\_pytest\runner.py", line 245, in <lambda>
    lambda: runtest_hook(item=item, **kwds),
  File "D:\git\dev\Picoripi\venv\Lib\site-packages\pluggy\_hooks.py", line 512, in __call__
    return self._hookexec(self.name, self._hookimpls.copy(), kwargs, firstresult)
  File "D:\git\dev\Picoripi\venv\Lib\site-packages\pluggy\_manager.py", line 120, in _hookexec
    return self._inner_hookexec(hook_name, methods, kwargs, firstresult)
  File "D:\git\dev\Picoripi\venv\Lib\site-packages\pluggy\_callers.py", line 121, in _multicall
    res = hook_impl.function(*args)
  File "D:\git\dev\Picoripi\venv\Lib\site-packages\_pytest\runner.py", line 179, in pytest_runtest_call
    item.runtest()
  File "D:\git\dev\Picoripi\venv\Lib\site-packages\_pytest\unittest.py", line 389, in runtest
    testcase(result=self)
  File "C:\Program Files\Python314\Lib\unittest\case.py", line 725, in __call__
    return self.run(*args, **kwds)
  File "C:\Program Files\Python314\Lib\unittest\case.py", line 669, in run
    self._callTestMethod(testMethod)
  File "C:\Program Files\Python314\Lib\unittest\case.py", line 615, in _callTestMethod
    result = method()
  File "D:\git\dev\Picoripi\tests\test_search_handler.py", line 75, in test_search_basic
    found = self.handler.find_next("world", False, True, False)
  File "D:\git\dev\Picoripi\handlers\search_handler.py", line 162, in find_next
    log_debug(f"Found match in {'processed' if ignore_tags else 'raw'} text at DataB {b_idx}, DataS {s_idx}, SearchTextPos {match_pos_in_search_text}")
  File "D:\git\dev\Picoripi\utils\logging_utils.py", line 134, in log_debug
    _log_message(logging.DEBUG, message, category)
  File "D:\git\dev\Picoripi\utils\logging_utils.py", line 122, in _log_message
    adapter.debug(message)
Message: 'Found match in raw text at DataB 0, DataS 0, SearchTextPos 6'
Arguments: ()
2026-03-21 19:23:24,380 - DEBUG - [GENERAL] logging_utils - _log_message - Found match in raw text at DataB 0, DataS 0, SearchTextPos 6
--- Logging error ---
Traceback (most recent call last):
  File "C:\Program Files\Python314\Lib\logging\handlers.py", line 80, in emit
    self.doRollover()
    ~~~~~~~~~~~~~~~^^
  File "C:\Program Files\Python314\Lib\logging\handlers.py", line 185, in doRollover
    self.rotate(self.baseFilename, dfn)
    ~~~~~~~~~~~^^^^^^^^^^^^^^^^^^^^^^^^
  File "C:\Program Files\Python314\Lib\logging\handlers.py", line 121, in rotate
    os.rename(source, dest)
    ~~~~~~~~~^^^^^^^^^^^^^^
PermissionError: [WinError 32] The process cannot access the file because it is being used by another process: 'D:\\git\\dev\\Picoripi\\app_debug.txt' -> 'D:\\
git\\dev\\Picoripi\\app_debug.txt.1'
Call stack:
  File "<frozen runpy>", line 198, in _run_module_as_main
  File "<frozen runpy>", line 88, in _run_code
  File "D:\git\dev\Picoripi\venv\Lib\site-packages\pytest\__main__.py", line 9, in <module>
    raise SystemExit(pytest.console_main())
  File "D:\git\dev\Picoripi\venv\Lib\site-packages\_pytest\config\__init__.py", line 223, in console_main
    code = main()
  File "D:\git\dev\Picoripi\venv\Lib\site-packages\_pytest\config\__init__.py", line 199, in main
    ret: ExitCode | int = config.hook.pytest_cmdline_main(config=config)
  File "D:\git\dev\Picoripi\venv\Lib\site-packages\pluggy\_hooks.py", line 512, in __call__
    return self._hookexec(self.name, self._hookimpls.copy(), kwargs, firstresult)
  File "D:\git\dev\Picoripi\venv\Lib\site-packages\pluggy\_manager.py", line 120, in _hookexec
    return self._inner_hookexec(hook_name, methods, kwargs, firstresult)
  File "D:\git\dev\Picoripi\venv\Lib\site-packages\pluggy\_callers.py", line 121, in _multicall
    res = hook_impl.function(*args)
  File "D:\git\dev\Picoripi\venv\Lib\site-packages\_pytest\main.py", line 365, in pytest_cmdline_main
    return wrap_session(config, _main)
  File "D:\git\dev\Picoripi\venv\Lib\site-packages\_pytest\main.py", line 318, in wrap_session
    session.exitstatus = doit(config, session) or 0
  File "D:\git\dev\Picoripi\venv\Lib\site-packages\_pytest\main.py", line 372, in _main
    config.hook.pytest_runtestloop(session=session)
  File "D:\git\dev\Picoripi\venv\Lib\site-packages\pluggy\_hooks.py", line 512, in __call__
    return self._hookexec(self.name, self._hookimpls.copy(), kwargs, firstresult)
  File "D:\git\dev\Picoripi\venv\Lib\site-packages\pluggy\_manager.py", line 120, in _hookexec
    return self._inner_hookexec(hook_name, methods, kwargs, firstresult)
  File "D:\git\dev\Picoripi\venv\Lib\site-packages\pluggy\_callers.py", line 121, in _multicall
    res = hook_impl.function(*args)
  File "D:\git\dev\Picoripi\venv\Lib\site-packages\_pytest\main.py", line 396, in pytest_runtestloop
    item.config.hook.pytest_runtest_protocol(item=item, nextitem=nextitem)
  File "D:\git\dev\Picoripi\venv\Lib\site-packages\pluggy\_hooks.py", line 512, in __call__
    return self._hookexec(self.name, self._hookimpls.copy(), kwargs, firstresult)
  File "D:\git\dev\Picoripi\venv\Lib\site-packages\pluggy\_manager.py", line 120, in _hookexec
    return self._inner_hookexec(hook_name, methods, kwargs, firstresult)
  File "D:\git\dev\Picoripi\venv\Lib\site-packages\pluggy\_callers.py", line 121, in _multicall
    res = hook_impl.function(*args)
  File "D:\git\dev\Picoripi\venv\Lib\site-packages\_pytest\runner.py", line 118, in pytest_runtest_protocol
    runtestprotocol(item, nextitem=nextitem)
  File "D:\git\dev\Picoripi\venv\Lib\site-packages\_pytest\runner.py", line 137, in runtestprotocol
    reports.append(call_and_report(item, "call", log))
  File "D:\git\dev\Picoripi\venv\Lib\site-packages\_pytest\runner.py", line 244, in call_and_report
    call = CallInfo.from_call(
  File "D:\git\dev\Picoripi\venv\Lib\site-packages\_pytest\runner.py", line 353, in from_call
    result: TResult | None = func()
  File "D:\git\dev\Picoripi\venv\Lib\site-packages\_pytest\runner.py", line 245, in <lambda>
    lambda: runtest_hook(item=item, **kwds),
  File "D:\git\dev\Picoripi\venv\Lib\site-packages\pluggy\_hooks.py", line 512, in __call__
    return self._hookexec(self.name, self._hookimpls.copy(), kwargs, firstresult)
  File "D:\git\dev\Picoripi\venv\Lib\site-packages\pluggy\_manager.py", line 120, in _hookexec
    return self._inner_hookexec(hook_name, methods, kwargs, firstresult)
  File "D:\git\dev\Picoripi\venv\Lib\site-packages\pluggy\_callers.py", line 121, in _multicall
    res = hook_impl.function(*args)
  File "D:\git\dev\Picoripi\venv\Lib\site-packages\_pytest\runner.py", line 179, in pytest_runtest_call
    item.runtest()
  File "D:\git\dev\Picoripi\venv\Lib\site-packages\_pytest\unittest.py", line 389, in runtest
    testcase(result=self)
  File "C:\Program Files\Python314\Lib\unittest\case.py", line 725, in __call__
    return self.run(*args, **kwds)
  File "C:\Program Files\Python314\Lib\unittest\case.py", line 669, in run
    self._callTestMethod(testMethod)
  File "C:\Program Files\Python314\Lib\unittest\case.py", line 615, in _callTestMethod
    result = method()
  File "D:\git\dev\Picoripi\tests\test_search_handler.py", line 75, in test_search_basic
    found = self.handler.find_next("world", False, True, False)
  File "D:\git\dev\Picoripi\handlers\search_handler.py", line 167, in find_next
    self._navigate_to_match(b_idx, s_idx, match_pos_in_search_text, len(effective_query), self.ignore_tags_newlines)
  File "D:\git\dev\Picoripi\handlers\search_handler.py", line 277, in _navigate_to_match
    log_debug(f"Navigating. Data: B:{block_idx_match_in_data}, S:{string_idx_match_in_data}. SearchTextPos:{char_pos_in_search_text}, SearchTextLen:{match_len_
in_search_text}, TaglessNLSearch:{was_search_tagless_and_newline_agnostic}")
  File "D:\git\dev\Picoripi\utils\logging_utils.py", line 134, in log_debug
    _log_message(logging.DEBUG, message, category)
  File "D:\git\dev\Picoripi\utils\logging_utils.py", line 122, in _log_message
    adapter.debug(message)
Message: 'Navigating. Data: B:0, S:0. SearchTextPos:6, SearchTextLen:5, TaglessNLSearch:False'
Arguments: ()
2026-03-21 19:23:24,381 - DEBUG - [GENERAL] logging_utils - _log_message - Navigating. Data: B:0, S:0. SearchTextPos:6, SearchTextLen:5, TaglessNLSearch:False
--- Logging error ---
Traceback (most recent call last):
  File "C:\Program Files\Python314\Lib\logging\handlers.py", line 80, in emit
    self.doRollover()
    ~~~~~~~~~~~~~~~^^
  File "C:\Program Files\Python314\Lib\logging\handlers.py", line 185, in doRollover
    self.rotate(self.baseFilename, dfn)
    ~~~~~~~~~~~^^^^^^^^^^^^^^^^^^^^^^^^
  File "C:\Program Files\Python314\Lib\logging\handlers.py", line 121, in rotate
    os.rename(source, dest)
    ~~~~~~~~~^^^^^^^^^^^^^^
PermissionError: [WinError 32] The process cannot access the file because it is being used by another process: 'D:\\git\\dev\\Picoripi\\app_debug.txt' -> 'D:\\
git\\dev\\Picoripi\\app_debug.txt.1'
Call stack:
  File "<frozen runpy>", line 198, in _run_module_as_main
  File "<frozen runpy>", line 88, in _run_code
  File "D:\git\dev\Picoripi\venv\Lib\site-packages\pytest\__main__.py", line 9, in <module>
    raise SystemExit(pytest.console_main())
  File "D:\git\dev\Picoripi\venv\Lib\site-packages\_pytest\config\__init__.py", line 223, in console_main
    code = main()
  File "D:\git\dev\Picoripi\venv\Lib\site-packages\_pytest\config\__init__.py", line 199, in main
    ret: ExitCode | int = config.hook.pytest_cmdline_main(config=config)
  File "D:\git\dev\Picoripi\venv\Lib\site-packages\pluggy\_hooks.py", line 512, in __call__
    return self._hookexec(self.name, self._hookimpls.copy(), kwargs, firstresult)
  File "D:\git\dev\Picoripi\venv\Lib\site-packages\pluggy\_manager.py", line 120, in _hookexec
    return self._inner_hookexec(hook_name, methods, kwargs, firstresult)
  File "D:\git\dev\Picoripi\venv\Lib\site-packages\pluggy\_callers.py", line 121, in _multicall
    res = hook_impl.function(*args)
  File "D:\git\dev\Picoripi\venv\Lib\site-packages\_pytest\main.py", line 365, in pytest_cmdline_main
    return wrap_session(config, _main)
  File "D:\git\dev\Picoripi\venv\Lib\site-packages\_pytest\main.py", line 318, in wrap_session
    session.exitstatus = doit(config, session) or 0
  File "D:\git\dev\Picoripi\venv\Lib\site-packages\_pytest\main.py", line 372, in _main
    config.hook.pytest_runtestloop(session=session)
  File "D:\git\dev\Picoripi\venv\Lib\site-packages\pluggy\_hooks.py", line 512, in __call__
    return self._hookexec(self.name, self._hookimpls.copy(), kwargs, firstresult)
  File "D:\git\dev\Picoripi\venv\Lib\site-packages\pluggy\_manager.py", line 120, in _hookexec
    return self._inner_hookexec(hook_name, methods, kwargs, firstresult)
  File "D:\git\dev\Picoripi\venv\Lib\site-packages\pluggy\_callers.py", line 121, in _multicall
    res = hook_impl.function(*args)
  File "D:\git\dev\Picoripi\venv\Lib\site-packages\_pytest\main.py", line 396, in pytest_runtestloop
    item.config.hook.pytest_runtest_protocol(item=item, nextitem=nextitem)
  File "D:\git\dev\Picoripi\venv\Lib\site-packages\pluggy\_hooks.py", line 512, in __call__
    return self._hookexec(self.name, self._hookimpls.copy(), kwargs, firstresult)
  File "D:\git\dev\Picoripi\venv\Lib\site-packages\pluggy\_manager.py", line 120, in _hookexec
    return self._inner_hookexec(hook_name, methods, kwargs, firstresult)
  File "D:\git\dev\Picoripi\venv\Lib\site-packages\pluggy\_callers.py", line 121, in _multicall
    res = hook_impl.function(*args)
  File "D:\git\dev\Picoripi\venv\Lib\site-packages\_pytest\runner.py", line 118, in pytest_runtest_protocol
    runtestprotocol(item, nextitem=nextitem)
  File "D:\git\dev\Picoripi\venv\Lib\site-packages\_pytest\runner.py", line 137, in runtestprotocol
    reports.append(call_and_report(item, "call", log))
  File "D:\git\dev\Picoripi\venv\Lib\site-packages\_pytest\runner.py", line 244, in call_and_report
    call = CallInfo.from_call(
  File "D:\git\dev\Picoripi\venv\Lib\site-packages\_pytest\runner.py", line 353, in from_call
    result: TResult | None = func()
  File "D:\git\dev\Picoripi\venv\Lib\site-packages\_pytest\runner.py", line 245, in <lambda>
    lambda: runtest_hook(item=item, **kwds),
  File "D:\git\dev\Picoripi\venv\Lib\site-packages\pluggy\_hooks.py", line 512, in __call__
    return self._hookexec(self.name, self._hookimpls.copy(), kwargs, firstresult)
  File "D:\git\dev\Picoripi\venv\Lib\site-packages\pluggy\_manager.py", line 120, in _hookexec
    return self._inner_hookexec(hook_name, methods, kwargs, firstresult)
  File "D:\git\dev\Picoripi\venv\Lib\site-packages\pluggy\_callers.py", line 121, in _multicall
    res = hook_impl.function(*args)
  File "D:\git\dev\Picoripi\venv\Lib\site-packages\_pytest\runner.py", line 179, in pytest_runtest_call
    item.runtest()
  File "D:\git\dev\Picoripi\venv\Lib\site-packages\_pytest\unittest.py", line 389, in runtest
    testcase(result=self)
  File "C:\Program Files\Python314\Lib\unittest\case.py", line 725, in __call__
    return self.run(*args, **kwds)
  File "C:\Program Files\Python314\Lib\unittest\case.py", line 669, in run
    self._callTestMethod(testMethod)
  File "C:\Program Files\Python314\Lib\unittest\case.py", line 615, in _callTestMethod
    result = method()
  File "D:\git\dev\Picoripi\tests\test_search_handler.py", line 75, in test_search_basic
    found = self.handler.find_next("world", False, True, False)
  File "D:\git\dev\Picoripi\handlers\search_handler.py", line 167, in find_next
    self._navigate_to_match(b_idx, s_idx, match_pos_in_search_text, len(effective_query), self.ignore_tags_newlines)
  File "D:\git\dev\Picoripi\handlers\search_handler.py", line 278, in _navigate_to_match
    self.clear_all_search_highlights()
  File "D:\git\dev\Picoripi\handlers\search_handler.py", line 507, in clear_all_search_highlights
    log_debug("SearchHandler: Clearing all search highlights.")
  File "D:\git\dev\Picoripi\utils\logging_utils.py", line 134, in log_debug
    _log_message(logging.DEBUG, message, category)
  File "D:\git\dev\Picoripi\utils\logging_utils.py", line 122, in _log_message
    adapter.debug(message)
Message: 'SearchHandler: Clearing all search highlights.'
Arguments: ()
2026-03-21 19:23:24,382 - DEBUG - [GENERAL] logging_utils - _log_message - SearchHandler: Clearing all search highlights.
--- Logging error ---
Traceback (most recent call last):
  File "C:\Program Files\Python314\Lib\logging\handlers.py", line 80, in emit
    self.doRollover()
    ~~~~~~~~~~~~~~~^^
  File "C:\Program Files\Python314\Lib\logging\handlers.py", line 185, in doRollover
    self.rotate(self.baseFilename, dfn)
    ~~~~~~~~~~~^^^^^^^^^^^^^^^^^^^^^^^^
  File "C:\Program Files\Python314\Lib\logging\handlers.py", line 121, in rotate
    os.rename(source, dest)
    ~~~~~~~~~^^^^^^^^^^^^^^
PermissionError: [WinError 32] The process cannot access the file because it is being used by another process: 'D:\\git\\dev\\Picoripi\\app_debug.txt' -> 'D:\\
git\\dev\\Picoripi\\app_debug.txt.1'
Call stack:
  File "<frozen runpy>", line 198, in _run_module_as_main
  File "<frozen runpy>", line 88, in _run_code
  File "D:\git\dev\Picoripi\venv\Lib\site-packages\pytest\__main__.py", line 9, in <module>
    raise SystemExit(pytest.console_main())
  File "D:\git\dev\Picoripi\venv\Lib\site-packages\_pytest\config\__init__.py", line 223, in console_main
    code = main()
  File "D:\git\dev\Picoripi\venv\Lib\site-packages\_pytest\config\__init__.py", line 199, in main
    ret: ExitCode | int = config.hook.pytest_cmdline_main(config=config)
  File "D:\git\dev\Picoripi\venv\Lib\site-packages\pluggy\_hooks.py", line 512, in __call__
    return self._hookexec(self.name, self._hookimpls.copy(), kwargs, firstresult)
  File "D:\git\dev\Picoripi\venv\Lib\site-packages\pluggy\_manager.py", line 120, in _hookexec
    return self._inner_hookexec(hook_name, methods, kwargs, firstresult)
  File "D:\git\dev\Picoripi\venv\Lib\site-packages\pluggy\_callers.py", line 121, in _multicall
    res = hook_impl.function(*args)
  File "D:\git\dev\Picoripi\venv\Lib\site-packages\_pytest\main.py", line 365, in pytest_cmdline_main
    return wrap_session(config, _main)
  File "D:\git\dev\Picoripi\venv\Lib\site-packages\_pytest\main.py", line 318, in wrap_session
    session.exitstatus = doit(config, session) or 0
  File "D:\git\dev\Picoripi\venv\Lib\site-packages\_pytest\main.py", line 372, in _main
    config.hook.pytest_runtestloop(session=session)
  File "D:\git\dev\Picoripi\venv\Lib\site-packages\pluggy\_hooks.py", line 512, in __call__
    return self._hookexec(self.name, self._hookimpls.copy(), kwargs, firstresult)
  File "D:\git\dev\Picoripi\venv\Lib\site-packages\pluggy\_manager.py", line 120, in _hookexec
    return self._inner_hookexec(hook_name, methods, kwargs, firstresult)
  File "D:\git\dev\Picoripi\venv\Lib\site-packages\pluggy\_callers.py", line 121, in _multicall
    res = hook_impl.function(*args)
  File "D:\git\dev\Picoripi\venv\Lib\site-packages\_pytest\main.py", line 396, in pytest_runtestloop
    item.config.hook.pytest_runtest_protocol(item=item, nextitem=nextitem)
  File "D:\git\dev\Picoripi\venv\Lib\site-packages\pluggy\_hooks.py", line 512, in __call__
    return self._hookexec(self.name, self._hookimpls.copy(), kwargs, firstresult)
  File "D:\git\dev\Picoripi\venv\Lib\site-packages\pluggy\_manager.py", line 120, in _hookexec
    return self._inner_hookexec(hook_name, methods, kwargs, firstresult)
  File "D:\git\dev\Picoripi\venv\Lib\site-packages\pluggy\_callers.py", line 121, in _multicall
    res = hook_impl.function(*args)
  File "D:\git\dev\Picoripi\venv\Lib\site-packages\_pytest\runner.py", line 118, in pytest_runtest_protocol
    runtestprotocol(item, nextitem=nextitem)
  File "D:\git\dev\Picoripi\venv\Lib\site-packages\_pytest\runner.py", line 137, in runtestprotocol
    reports.append(call_and_report(item, "call", log))
  File "D:\git\dev\Picoripi\venv\Lib\site-packages\_pytest\runner.py", line 244, in call_and_report
    call = CallInfo.from_call(
  File "D:\git\dev\Picoripi\venv\Lib\site-packages\_pytest\runner.py", line 353, in from_call
    result: TResult | None = func()
  File "D:\git\dev\Picoripi\venv\Lib\site-packages\_pytest\runner.py", line 245, in <lambda>
    lambda: runtest_hook(item=item, **kwds),
  File "D:\git\dev\Picoripi\venv\Lib\site-packages\pluggy\_hooks.py", line 512, in __call__
    return self._hookexec(self.name, self._hookimpls.copy(), kwargs, firstresult)
  File "D:\git\dev\Picoripi\venv\Lib\site-packages\pluggy\_manager.py", line 120, in _hookexec
    return self._inner_hookexec(hook_name, methods, kwargs, firstresult)
  File "D:\git\dev\Picoripi\venv\Lib\site-packages\pluggy\_callers.py", line 121, in _multicall
    res = hook_impl.function(*args)
  File "D:\git\dev\Picoripi\venv\Lib\site-packages\_pytest\runner.py", line 179, in pytest_runtest_call
    item.runtest()
  File "D:\git\dev\Picoripi\venv\Lib\site-packages\_pytest\unittest.py", line 389, in runtest
    testcase(result=self)
  File "C:\Program Files\Python314\Lib\unittest\case.py", line 725, in __call__
    return self.run(*args, **kwds)
  File "C:\Program Files\Python314\Lib\unittest\case.py", line 669, in run
    self._callTestMethod(testMethod)
  File "C:\Program Files\Python314\Lib\unittest\case.py", line 615, in _callTestMethod
    result = method()
  File "D:\git\dev\Picoripi\tests\test_search_handler.py", line 75, in test_search_basic
    found = self.handler.find_next("world", False, True, False)
  File "D:\git\dev\Picoripi\handlers\search_handler.py", line 167, in find_next
    self._navigate_to_match(b_idx, s_idx, match_pos_in_search_text, len(effective_query), self.ignore_tags_newlines)
  File "D:\git\dev\Picoripi\handlers\search_handler.py", line 390, in _navigate_to_match
    log_debug(f"PreciseSearch: Match is in QTextBlk(editor): {target_qtextblock_idx_in_editor}, RawCharInBlk: {char_pos_in_target_qtextblock_raw}")
  File "D:\git\dev\Picoripi\utils\logging_utils.py", line 134, in log_debug
    _log_message(logging.DEBUG, message, category)
  File "D:\git\dev\Picoripi\utils\logging_utils.py", line 122, in _log_message
    adapter.debug(message)
Message: 'PreciseSearch: Match is in QTextBlk(editor): 0, RawCharInBlk: 6'
Arguments: ()
2026-03-21 19:23:24,383 - DEBUG - [GENERAL] logging_utils - _log_message - PreciseSearch: Match is in QTextBlk(editor): 0, RawCharInBlk: 6
--- Logging error ---
Traceback (most recent call last):
  File "C:\Program Files\Python314\Lib\logging\handlers.py", line 80, in emit
    self.doRollover()
    ~~~~~~~~~~~~~~~^^
  File "C:\Program Files\Python314\Lib\logging\handlers.py", line 185, in doRollover
    self.rotate(self.baseFilename, dfn)
    ~~~~~~~~~~~^^^^^^^^^^^^^^^^^^^^^^^^
  File "C:\Program Files\Python314\Lib\logging\handlers.py", line 121, in rotate
    os.rename(source, dest)
    ~~~~~~~~~^^^^^^^^^^^^^^
PermissionError: [WinError 32] The process cannot access the file because it is being used by another process: 'D:\\git\\dev\\Picoripi\\app_debug.txt' -> 'D:\\
git\\dev\\Picoripi\\app_debug.txt.1'
Call stack:
  File "<frozen runpy>", line 198, in _run_module_as_main
  File "<frozen runpy>", line 88, in _run_code
  File "D:\git\dev\Picoripi\venv\Lib\site-packages\pytest\__main__.py", line 9, in <module>
    raise SystemExit(pytest.console_main())
  File "D:\git\dev\Picoripi\venv\Lib\site-packages\_pytest\config\__init__.py", line 223, in console_main
    code = main()
  File "D:\git\dev\Picoripi\venv\Lib\site-packages\_pytest\config\__init__.py", line 199, in main
    ret: ExitCode | int = config.hook.pytest_cmdline_main(config=config)
  File "D:\git\dev\Picoripi\venv\Lib\site-packages\pluggy\_hooks.py", line 512, in __call__
    return self._hookexec(self.name, self._hookimpls.copy(), kwargs, firstresult)
  File "D:\git\dev\Picoripi\venv\Lib\site-packages\pluggy\_manager.py", line 120, in _hookexec
    return self._inner_hookexec(hook_name, methods, kwargs, firstresult)
  File "D:\git\dev\Picoripi\venv\Lib\site-packages\pluggy\_callers.py", line 121, in _multicall
    res = hook_impl.function(*args)
  File "D:\git\dev\Picoripi\venv\Lib\site-packages\_pytest\main.py", line 365, in pytest_cmdline_main
    return wrap_session(config, _main)
  File "D:\git\dev\Picoripi\venv\Lib\site-packages\_pytest\main.py", line 318, in wrap_session
    session.exitstatus = doit(config, session) or 0
  File "D:\git\dev\Picoripi\venv\Lib\site-packages\_pytest\main.py", line 372, in _main
    config.hook.pytest_runtestloop(session=session)
  File "D:\git\dev\Picoripi\venv\Lib\site-packages\pluggy\_hooks.py", line 512, in __call__
    return self._hookexec(self.name, self._hookimpls.copy(), kwargs, firstresult)
  File "D:\git\dev\Picoripi\venv\Lib\site-packages\pluggy\_manager.py", line 120, in _hookexec
    return self._inner_hookexec(hook_name, methods, kwargs, firstresult)
  File "D:\git\dev\Picoripi\venv\Lib\site-packages\pluggy\_callers.py", line 121, in _multicall
    res = hook_impl.function(*args)
  File "D:\git\dev\Picoripi\venv\Lib\site-packages\_pytest\main.py", line 396, in pytest_runtestloop
    item.config.hook.pytest_runtest_protocol(item=item, nextitem=nextitem)
  File "D:\git\dev\Picoripi\venv\Lib\site-packages\pluggy\_hooks.py", line 512, in __call__
    return self._hookexec(self.name, self._hookimpls.copy(), kwargs, firstresult)
  File "D:\git\dev\Picoripi\venv\Lib\site-packages\pluggy\_manager.py", line 120, in _hookexec
    return self._inner_hookexec(hook_name, methods, kwargs, firstresult)
  File "D:\git\dev\Picoripi\venv\Lib\site-packages\pluggy\_callers.py", line 121, in _multicall
    res = hook_impl.function(*args)
  File "D:\git\dev\Picoripi\venv\Lib\site-packages\_pytest\runner.py", line 118, in pytest_runtest_protocol
    runtestprotocol(item, nextitem=nextitem)
  File "D:\git\dev\Picoripi\venv\Lib\site-packages\_pytest\runner.py", line 137, in runtestprotocol
    reports.append(call_and_report(item, "call", log))
  File "D:\git\dev\Picoripi\venv\Lib\site-packages\_pytest\runner.py", line 244, in call_and_report
    call = CallInfo.from_call(
  File "D:\git\dev\Picoripi\venv\Lib\site-packages\_pytest\runner.py", line 353, in from_call
    result: TResult | None = func()
  File "D:\git\dev\Picoripi\venv\Lib\site-packages\_pytest\runner.py", line 245, in <lambda>
    lambda: runtest_hook(item=item, **kwds),
  File "D:\git\dev\Picoripi\venv\Lib\site-packages\pluggy\_hooks.py", line 512, in __call__
    return self._hookexec(self.name, self._hookimpls.copy(), kwargs, firstresult)
  File "D:\git\dev\Picoripi\venv\Lib\site-packages\pluggy\_manager.py", line 120, in _hookexec
    return self._inner_hookexec(hook_name, methods, kwargs, firstresult)
  File "D:\git\dev\Picoripi\venv\Lib\site-packages\pluggy\_callers.py", line 121, in _multicall
    res = hook_impl.function(*args)
  File "D:\git\dev\Picoripi\venv\Lib\site-packages\_pytest\runner.py", line 179, in pytest_runtest_call
    item.runtest()
  File "D:\git\dev\Picoripi\venv\Lib\site-packages\_pytest\unittest.py", line 389, in runtest
    testcase(result=self)
  File "C:\Program Files\Python314\Lib\unittest\case.py", line 725, in __call__
    return self.run(*args, **kwds)
  File "C:\Program Files\Python314\Lib\unittest\case.py", line 669, in run
    self._callTestMethod(testMethod)
  File "C:\Program Files\Python314\Lib\unittest\case.py", line 615, in _callTestMethod
    result = method()
  File "D:\git\dev\Picoripi\tests\test_search_handler.py", line 75, in test_search_basic
    found = self.handler.find_next("world", False, True, False)
  File "D:\git\dev\Picoripi\handlers\search_handler.py", line 167, in find_next
    self._navigate_to_match(b_idx, s_idx, match_pos_in_search_text, len(effective_query), self.ignore_tags_newlines)
  File "D:\git\dev\Picoripi\handlers\search_handler.py", line 418, in _navigate_to_match
    log_debug(f"PreciseSearch: Match is the {occurrence_in_qtextblock_raw}-th occ in its raw QTextBlock.")
  File "D:\git\dev\Picoripi\utils\logging_utils.py", line 134, in log_debug
    _log_message(logging.DEBUG, message, category)
  File "D:\git\dev\Picoripi\utils\logging_utils.py", line 122, in _log_message
    adapter.debug(message)
Message: 'PreciseSearch: Match is the 1-th occ in its raw QTextBlock.'
Arguments: ()
2026-03-21 19:23:24,384 - DEBUG - [GENERAL] logging_utils - _log_message - PreciseSearch: Match is the 1-th occ in its raw QTextBlock.
--- Logging error ---
Traceback (most recent call last):
  File "C:\Program Files\Python314\Lib\logging\handlers.py", line 80, in emit
    self.doRollover()
    ~~~~~~~~~~~~~~~^^
  File "C:\Program Files\Python314\Lib\logging\handlers.py", line 185, in doRollover
    self.rotate(self.baseFilename, dfn)
    ~~~~~~~~~~~^^^^^^^^^^^^^^^^^^^^^^^^
  File "C:\Program Files\Python314\Lib\logging\handlers.py", line 121, in rotate
    os.rename(source, dest)
    ~~~~~~~~~^^^^^^^^^^^^^^
PermissionError: [WinError 32] The process cannot access the file because it is being used by another process: 'D:\\git\\dev\\Picoripi\\app_debug.txt' -> 'D:\\
git\\dev\\Picoripi\\app_debug.txt.1'
Call stack:
  File "<frozen runpy>", line 198, in _run_module_as_main
  File "<frozen runpy>", line 88, in _run_code
  File "D:\git\dev\Picoripi\venv\Lib\site-packages\pytest\__main__.py", line 9, in <module>
    raise SystemExit(pytest.console_main())
  File "D:\git\dev\Picoripi\venv\Lib\site-packages\_pytest\config\__init__.py", line 223, in console_main
    code = main()
  File "D:\git\dev\Picoripi\venv\Lib\site-packages\_pytest\config\__init__.py", line 199, in main
    ret: ExitCode | int = config.hook.pytest_cmdline_main(config=config)
  File "D:\git\dev\Picoripi\venv\Lib\site-packages\pluggy\_hooks.py", line 512, in __call__
    return self._hookexec(self.name, self._hookimpls.copy(), kwargs, firstresult)
  File "D:\git\dev\Picoripi\venv\Lib\site-packages\pluggy\_manager.py", line 120, in _hookexec
    return self._inner_hookexec(hook_name, methods, kwargs, firstresult)
  File "D:\git\dev\Picoripi\venv\Lib\site-packages\pluggy\_callers.py", line 121, in _multicall
    res = hook_impl.function(*args)
  File "D:\git\dev\Picoripi\venv\Lib\site-packages\_pytest\main.py", line 365, in pytest_cmdline_main
    return wrap_session(config, _main)
  File "D:\git\dev\Picoripi\venv\Lib\site-packages\_pytest\main.py", line 318, in wrap_session
    session.exitstatus = doit(config, session) or 0
  File "D:\git\dev\Picoripi\venv\Lib\site-packages\_pytest\main.py", line 372, in _main
    config.hook.pytest_runtestloop(session=session)
  File "D:\git\dev\Picoripi\venv\Lib\site-packages\pluggy\_hooks.py", line 512, in __call__
    return self._hookexec(self.name, self._hookimpls.copy(), kwargs, firstresult)
  File "D:\git\dev\Picoripi\venv\Lib\site-packages\pluggy\_manager.py", line 120, in _hookexec
    return self._inner_hookexec(hook_name, methods, kwargs, firstresult)
  File "D:\git\dev\Picoripi\venv\Lib\site-packages\pluggy\_callers.py", line 121, in _multicall
    res = hook_impl.function(*args)
  File "D:\git\dev\Picoripi\venv\Lib\site-packages\_pytest\main.py", line 396, in pytest_runtestloop
    item.config.hook.pytest_runtest_protocol(item=item, nextitem=nextitem)
  File "D:\git\dev\Picoripi\venv\Lib\site-packages\pluggy\_hooks.py", line 512, in __call__
    return self._hookexec(self.name, self._hookimpls.copy(), kwargs, firstresult)
  File "D:\git\dev\Picoripi\venv\Lib\site-packages\pluggy\_manager.py", line 120, in _hookexec
    return self._inner_hookexec(hook_name, methods, kwargs, firstresult)
  File "D:\git\dev\Picoripi\venv\Lib\site-packages\pluggy\_callers.py", line 121, in _multicall
    res = hook_impl.function(*args)
  File "D:\git\dev\Picoripi\venv\Lib\site-packages\_pytest\runner.py", line 118, in pytest_runtest_protocol
    runtestprotocol(item, nextitem=nextitem)
  File "D:\git\dev\Picoripi\venv\Lib\site-packages\_pytest\runner.py", line 137, in runtestprotocol
    reports.append(call_and_report(item, "call", log))
  File "D:\git\dev\Picoripi\venv\Lib\site-packages\_pytest\runner.py", line 244, in call_and_report
    call = CallInfo.from_call(
  File "D:\git\dev\Picoripi\venv\Lib\site-packages\_pytest\runner.py", line 353, in from_call
    result: TResult | None = func()
  File "D:\git\dev\Picoripi\venv\Lib\site-packages\_pytest\runner.py", line 245, in <lambda>
    lambda: runtest_hook(item=item, **kwds),
  File "D:\git\dev\Picoripi\venv\Lib\site-packages\pluggy\_hooks.py", line 512, in __call__
    return self._hookexec(self.name, self._hookimpls.copy(), kwargs, firstresult)
  File "D:\git\dev\Picoripi\venv\Lib\site-packages\pluggy\_manager.py", line 120, in _hookexec
    return self._inner_hookexec(hook_name, methods, kwargs, firstresult)
  File "D:\git\dev\Picoripi\venv\Lib\site-packages\pluggy\_callers.py", line 121, in _multicall
    res = hook_impl.function(*args)
  File "D:\git\dev\Picoripi\venv\Lib\site-packages\_pytest\runner.py", line 179, in pytest_runtest_call
    item.runtest()
  File "D:\git\dev\Picoripi\venv\Lib\site-packages\_pytest\unittest.py", line 389, in runtest
    testcase(result=self)
  File "C:\Program Files\Python314\Lib\unittest\case.py", line 725, in __call__
    return self.run(*args, **kwds)
  File "C:\Program Files\Python314\Lib\unittest\case.py", line 669, in run
    self._callTestMethod(testMethod)
  File "C:\Program Files\Python314\Lib\unittest\case.py", line 615, in _callTestMethod
    result = method()
  File "D:\git\dev\Picoripi\tests\test_search_handler.py", line 75, in test_search_basic
    found = self.handler.find_next("world", False, True, False)
  File "D:\git\dev\Picoripi\handlers\search_handler.py", line 167, in find_next
    self._navigate_to_match(b_idx, s_idx, match_pos_in_search_text, len(effective_query), self.ignore_tags_newlines)
  File "D:\git\dev\Picoripi\handlers\search_handler.py", line 491, in _navigate_to_match
    log_debug(f"Precise Highlighting in {editor_name_precise}: QBlk(widget):{widget_qtextblock_idx_to_use}, DispPosInBlk:{match_pos_in_widget_qtextblock_precis
e}, DispLen:{match_len_in_widget_qtextblock_precise}, QueryUsedForDisplay: '{display_query_for_widget_precise}'")
  File "D:\git\dev\Picoripi\utils\logging_utils.py", line 134, in log_debug
    _log_message(logging.DEBUG, message, category)
  File "D:\git\dev\Picoripi\utils\logging_utils.py", line 122, in _log_message
    adapter.debug(message)
Message: "Precise Highlighting in preview_text_edit: QBlk(widget):0, DispPosInBlk:<MagicMock name='mock.preview_text_edit.document().findBlockByNumber().text()
.lower().find()' id='1830916267648'>, DispLen:5, QueryUsedForDisplay: 'world'"
Arguments: ()
2026-03-21 19:23:24,387 - DEBUG - [GENERAL] logging_utils - _log_message - Precise Highlighting in preview_text_edit: QBlk(widget):0, DispPosInBlk:<MagicMock n
ame='mock.preview_text_edit.document().findBlockByNumber().text().lower().find()' id='1830916267648'>, DispLen:5, QueryUsedForDisplay: 'world'
tests/test_search_handler.py::TestSearchHandler::test_search_basic FAILED
--- Logging error ---
Traceback (most recent call last):
  File "C:\Program Files\Python314\Lib\logging\handlers.py", line 80, in emit
    self.doRollover()
    ~~~~~~~~~~~~~~~^^
  File "C:\Program Files\Python314\Lib\logging\handlers.py", line 185, in doRollover
    self.rotate(self.baseFilename, dfn)
    ~~~~~~~~~~~^^^^^^^^^^^^^^^^^^^^^^^^
  File "C:\Program Files\Python314\Lib\logging\handlers.py", line 121, in rotate
    os.rename(source, dest)
    ~~~~~~~~~^^^^^^^^^^^^^^
PermissionError: [WinError 32] The process cannot access the file because it is being used by another process: 'D:\\git\\dev\\Picoripi\\app_debug.txt' -> 'D:\\
git\\dev\\Picoripi\\app_debug.txt.1'
Call stack:
  File "<frozen runpy>", line 198, in _run_module_as_main
  File "<frozen runpy>", line 88, in _run_code
  File "D:\git\dev\Picoripi\venv\Lib\site-packages\pytest\__main__.py", line 9, in <module>
    raise SystemExit(pytest.console_main())
  File "D:\git\dev\Picoripi\venv\Lib\site-packages\_pytest\config\__init__.py", line 223, in console_main
    code = main()
  File "D:\git\dev\Picoripi\venv\Lib\site-packages\_pytest\config\__init__.py", line 199, in main
    ret: ExitCode | int = config.hook.pytest_cmdline_main(config=config)
  File "D:\git\dev\Picoripi\venv\Lib\site-packages\pluggy\_hooks.py", line 512, in __call__
    return self._hookexec(self.name, self._hookimpls.copy(), kwargs, firstresult)
  File "D:\git\dev\Picoripi\venv\Lib\site-packages\pluggy\_manager.py", line 120, in _hookexec
    return self._inner_hookexec(hook_name, methods, kwargs, firstresult)
  File "D:\git\dev\Picoripi\venv\Lib\site-packages\pluggy\_callers.py", line 121, in _multicall
    res = hook_impl.function(*args)
  File "D:\git\dev\Picoripi\venv\Lib\site-packages\_pytest\main.py", line 365, in pytest_cmdline_main
    return wrap_session(config, _main)
  File "D:\git\dev\Picoripi\venv\Lib\site-packages\_pytest\main.py", line 318, in wrap_session
    session.exitstatus = doit(config, session) or 0
  File "D:\git\dev\Picoripi\venv\Lib\site-packages\_pytest\main.py", line 372, in _main
    config.hook.pytest_runtestloop(session=session)
  File "D:\git\dev\Picoripi\venv\Lib\site-packages\pluggy\_hooks.py", line 512, in __call__
    return self._hookexec(self.name, self._hookimpls.copy(), kwargs, firstresult)
  File "D:\git\dev\Picoripi\venv\Lib\site-packages\pluggy\_manager.py", line 120, in _hookexec
    return self._inner_hookexec(hook_name, methods, kwargs, firstresult)
  File "D:\git\dev\Picoripi\venv\Lib\site-packages\pluggy\_callers.py", line 121, in _multicall
    res = hook_impl.function(*args)
  File "D:\git\dev\Picoripi\venv\Lib\site-packages\_pytest\main.py", line 396, in pytest_runtestloop
    item.config.hook.pytest_runtest_protocol(item=item, nextitem=nextitem)
  File "D:\git\dev\Picoripi\venv\Lib\site-packages\pluggy\_hooks.py", line 512, in __call__
    return self._hookexec(self.name, self._hookimpls.copy(), kwargs, firstresult)
  File "D:\git\dev\Picoripi\venv\Lib\site-packages\pluggy\_manager.py", line 120, in _hookexec
    return self._inner_hookexec(hook_name, methods, kwargs, firstresult)
  File "D:\git\dev\Picoripi\venv\Lib\site-packages\pluggy\_callers.py", line 121, in _multicall
    res = hook_impl.function(*args)
  File "D:\git\dev\Picoripi\venv\Lib\site-packages\_pytest\runner.py", line 118, in pytest_runtest_protocol
    runtestprotocol(item, nextitem=nextitem)
  File "D:\git\dev\Picoripi\venv\Lib\site-packages\_pytest\runner.py", line 137, in runtestprotocol
    reports.append(call_and_report(item, "call", log))
  File "D:\git\dev\Picoripi\venv\Lib\site-packages\_pytest\runner.py", line 244, in call_and_report
    call = CallInfo.from_call(
  File "D:\git\dev\Picoripi\venv\Lib\site-packages\_pytest\runner.py", line 353, in from_call
    result: TResult | None = func()
  File "D:\git\dev\Picoripi\venv\Lib\site-packages\_pytest\runner.py", line 245, in <lambda>
    lambda: runtest_hook(item=item, **kwds),
  File "D:\git\dev\Picoripi\venv\Lib\site-packages\pluggy\_hooks.py", line 512, in __call__
    return self._hookexec(self.name, self._hookimpls.copy(), kwargs, firstresult)
  File "D:\git\dev\Picoripi\venv\Lib\site-packages\pluggy\_manager.py", line 120, in _hookexec
    return self._inner_hookexec(hook_name, methods, kwargs, firstresult)
  File "D:\git\dev\Picoripi\venv\Lib\site-packages\pluggy\_callers.py", line 121, in _multicall
    res = hook_impl.function(*args)
  File "D:\git\dev\Picoripi\venv\Lib\site-packages\_pytest\runner.py", line 179, in pytest_runtest_call
    item.runtest()
  File "D:\git\dev\Picoripi\venv\Lib\site-packages\_pytest\unittest.py", line 389, in runtest
    testcase(result=self)
  File "C:\Program Files\Python314\Lib\unittest\case.py", line 725, in __call__
    return self.run(*args, **kwds)
  File "C:\Program Files\Python314\Lib\unittest\case.py", line 669, in run
    self._callTestMethod(testMethod)
  File "C:\Program Files\Python314\Lib\unittest\case.py", line 615, in _callTestMethod
    result = method()
  File "D:\git\dev\Picoripi\tests\test_search_handler.py", line 98, in test_search_previous
    self.handler.find_next("block", False, True, False)
  File "D:\git\dev\Picoripi\handlers\search_handler.py", line 116, in find_next
    log_debug(f"SearchHandler: find_next. Q: '{query}', Case: {case_sensitive}, Orig: {search_in_original}, IgnoreTags: {ignore_tags}, Fuzzy: {is_fuzzy}")
  File "D:\git\dev\Picoripi\utils\logging_utils.py", line 134, in log_debug
    _log_message(logging.DEBUG, message, category)
  File "D:\git\dev\Picoripi\utils\logging_utils.py", line 122, in _log_message
    adapter.debug(message)
Message: "SearchHandler: find_next. Q: 'block', Case: False, Orig: True, IgnoreTags: False, Fuzzy: False"
Arguments: ()
2026-03-21 19:23:24,414 - DEBUG - [GENERAL] logging_utils - _log_message - SearchHandler: find_next. Q: 'block', Case: False, Orig: True, IgnoreTags: False, Fu
zzy: False
--- Logging error ---
Traceback (most recent call last):
  File "C:\Program Files\Python314\Lib\logging\handlers.py", line 80, in emit
    self.doRollover()
    ~~~~~~~~~~~~~~~^^
  File "C:\Program Files\Python314\Lib\logging\handlers.py", line 185, in doRollover
    self.rotate(self.baseFilename, dfn)
    ~~~~~~~~~~~^^^^^^^^^^^^^^^^^^^^^^^^
  File "C:\Program Files\Python314\Lib\logging\handlers.py", line 121, in rotate
    os.rename(source, dest)
    ~~~~~~~~~^^^^^^^^^^^^^^
PermissionError: [WinError 32] The process cannot access the file because it is being used by another process: 'D:\\git\\dev\\Picoripi\\app_debug.txt' -> 'D:\\
git\\dev\\Picoripi\\app_debug.txt.1'
Call stack:
  File "<frozen runpy>", line 198, in _run_module_as_main
  File "<frozen runpy>", line 88, in _run_code
  File "D:\git\dev\Picoripi\venv\Lib\site-packages\pytest\__main__.py", line 9, in <module>
    raise SystemExit(pytest.console_main())
  File "D:\git\dev\Picoripi\venv\Lib\site-packages\_pytest\config\__init__.py", line 223, in console_main
    code = main()
  File "D:\git\dev\Picoripi\venv\Lib\site-packages\_pytest\config\__init__.py", line 199, in main
    ret: ExitCode | int = config.hook.pytest_cmdline_main(config=config)
  File "D:\git\dev\Picoripi\venv\Lib\site-packages\pluggy\_hooks.py", line 512, in __call__
    return self._hookexec(self.name, self._hookimpls.copy(), kwargs, firstresult)
  File "D:\git\dev\Picoripi\venv\Lib\site-packages\pluggy\_manager.py", line 120, in _hookexec
    return self._inner_hookexec(hook_name, methods, kwargs, firstresult)
  File "D:\git\dev\Picoripi\venv\Lib\site-packages\pluggy\_callers.py", line 121, in _multicall
    res = hook_impl.function(*args)
  File "D:\git\dev\Picoripi\venv\Lib\site-packages\_pytest\main.py", line 365, in pytest_cmdline_main
    return wrap_session(config, _main)
  File "D:\git\dev\Picoripi\venv\Lib\site-packages\_pytest\main.py", line 318, in wrap_session
    session.exitstatus = doit(config, session) or 0
  File "D:\git\dev\Picoripi\venv\Lib\site-packages\_pytest\main.py", line 372, in _main
    config.hook.pytest_runtestloop(session=session)
  File "D:\git\dev\Picoripi\venv\Lib\site-packages\pluggy\_hooks.py", line 512, in __call__
    return self._hookexec(self.name, self._hookimpls.copy(), kwargs, firstresult)
  File "D:\git\dev\Picoripi\venv\Lib\site-packages\pluggy\_manager.py", line 120, in _hookexec
    return self._inner_hookexec(hook_name, methods, kwargs, firstresult)
  File "D:\git\dev\Picoripi\venv\Lib\site-packages\pluggy\_callers.py", line 121, in _multicall
    res = hook_impl.function(*args)
  File "D:\git\dev\Picoripi\venv\Lib\site-packages\_pytest\main.py", line 396, in pytest_runtestloop
    item.config.hook.pytest_runtest_protocol(item=item, nextitem=nextitem)
  File "D:\git\dev\Picoripi\venv\Lib\site-packages\pluggy\_hooks.py", line 512, in __call__
    return self._hookexec(self.name, self._hookimpls.copy(), kwargs, firstresult)
  File "D:\git\dev\Picoripi\venv\Lib\site-packages\pluggy\_manager.py", line 120, in _hookexec
    return self._inner_hookexec(hook_name, methods, kwargs, firstresult)
  File "D:\git\dev\Picoripi\venv\Lib\site-packages\pluggy\_callers.py", line 121, in _multicall
    res = hook_impl.function(*args)
  File "D:\git\dev\Picoripi\venv\Lib\site-packages\_pytest\runner.py", line 118, in pytest_runtest_protocol
    runtestprotocol(item, nextitem=nextitem)
  File "D:\git\dev\Picoripi\venv\Lib\site-packages\_pytest\runner.py", line 137, in runtestprotocol
    reports.append(call_and_report(item, "call", log))
  File "D:\git\dev\Picoripi\venv\Lib\site-packages\_pytest\runner.py", line 244, in call_and_report
    call = CallInfo.from_call(
  File "D:\git\dev\Picoripi\venv\Lib\site-packages\_pytest\runner.py", line 353, in from_call
    result: TResult | None = func()
  File "D:\git\dev\Picoripi\venv\Lib\site-packages\_pytest\runner.py", line 245, in <lambda>
    lambda: runtest_hook(item=item, **kwds),
  File "D:\git\dev\Picoripi\venv\Lib\site-packages\pluggy\_hooks.py", line 512, in __call__
    return self._hookexec(self.name, self._hookimpls.copy(), kwargs, firstresult)
  File "D:\git\dev\Picoripi\venv\Lib\site-packages\pluggy\_manager.py", line 120, in _hookexec
    return self._inner_hookexec(hook_name, methods, kwargs, firstresult)
  File "D:\git\dev\Picoripi\venv\Lib\site-packages\pluggy\_callers.py", line 121, in _multicall
    res = hook_impl.function(*args)
  File "D:\git\dev\Picoripi\venv\Lib\site-packages\_pytest\runner.py", line 179, in pytest_runtest_call
    item.runtest()
  File "D:\git\dev\Picoripi\venv\Lib\site-packages\_pytest\unittest.py", line 389, in runtest
    testcase(result=self)
  File "C:\Program Files\Python314\Lib\unittest\case.py", line 725, in __call__
    return self.run(*args, **kwds)
  File "C:\Program Files\Python314\Lib\unittest\case.py", line 669, in run
    self._callTestMethod(testMethod)
  File "C:\Program Files\Python314\Lib\unittest\case.py", line 615, in _callTestMethod
    result = method()
  File "D:\git\dev\Picoripi\tests\test_search_handler.py", line 98, in test_search_previous
    self.handler.find_next("block", False, True, False)
  File "D:\git\dev\Picoripi\handlers\search_handler.py", line 162, in find_next
    log_debug(f"Found match in {'processed' if ignore_tags else 'raw'} text at DataB {b_idx}, DataS {s_idx}, SearchTextPos {match_pos_in_search_text}")
  File "D:\git\dev\Picoripi\utils\logging_utils.py", line 134, in log_debug
    _log_message(logging.DEBUG, message, category)
  File "D:\git\dev\Picoripi\utils\logging_utils.py", line 122, in _log_message
    adapter.debug(message)
Message: 'Found match in raw text at DataB 1, DataS 0, SearchTextPos 7'
Arguments: ()
2026-03-21 19:23:24,415 - DEBUG - [GENERAL] logging_utils - _log_message - Found match in raw text at DataB 1, DataS 0, SearchTextPos 7
--- Logging error ---
Traceback (most recent call last):
  File "C:\Program Files\Python314\Lib\logging\handlers.py", line 80, in emit
    self.doRollover()
    ~~~~~~~~~~~~~~~^^
  File "C:\Program Files\Python314\Lib\logging\handlers.py", line 185, in doRollover
    self.rotate(self.baseFilename, dfn)
    ~~~~~~~~~~~^^^^^^^^^^^^^^^^^^^^^^^^
  File "C:\Program Files\Python314\Lib\logging\handlers.py", line 121, in rotate
    os.rename(source, dest)
    ~~~~~~~~~^^^^^^^^^^^^^^
PermissionError: [WinError 32] The process cannot access the file because it is being used by another process: 'D:\\git\\dev\\Picoripi\\app_debug.txt' -> 'D:\\
git\\dev\\Picoripi\\app_debug.txt.1'
Call stack:
  File "<frozen runpy>", line 198, in _run_module_as_main
  File "<frozen runpy>", line 88, in _run_code
  File "D:\git\dev\Picoripi\venv\Lib\site-packages\pytest\__main__.py", line 9, in <module>
    raise SystemExit(pytest.console_main())
  File "D:\git\dev\Picoripi\venv\Lib\site-packages\_pytest\config\__init__.py", line 223, in console_main
    code = main()
  File "D:\git\dev\Picoripi\venv\Lib\site-packages\_pytest\config\__init__.py", line 199, in main
    ret: ExitCode | int = config.hook.pytest_cmdline_main(config=config)
  File "D:\git\dev\Picoripi\venv\Lib\site-packages\pluggy\_hooks.py", line 512, in __call__
    return self._hookexec(self.name, self._hookimpls.copy(), kwargs, firstresult)
  File "D:\git\dev\Picoripi\venv\Lib\site-packages\pluggy\_manager.py", line 120, in _hookexec
    return self._inner_hookexec(hook_name, methods, kwargs, firstresult)
  File "D:\git\dev\Picoripi\venv\Lib\site-packages\pluggy\_callers.py", line 121, in _multicall
    res = hook_impl.function(*args)
  File "D:\git\dev\Picoripi\venv\Lib\site-packages\_pytest\main.py", line 365, in pytest_cmdline_main
    return wrap_session(config, _main)
  File "D:\git\dev\Picoripi\venv\Lib\site-packages\_pytest\main.py", line 318, in wrap_session
    session.exitstatus = doit(config, session) or 0
  File "D:\git\dev\Picoripi\venv\Lib\site-packages\_pytest\main.py", line 372, in _main
    config.hook.pytest_runtestloop(session=session)
  File "D:\git\dev\Picoripi\venv\Lib\site-packages\pluggy\_hooks.py", line 512, in __call__
    return self._hookexec(self.name, self._hookimpls.copy(), kwargs, firstresult)
  File "D:\git\dev\Picoripi\venv\Lib\site-packages\pluggy\_manager.py", line 120, in _hookexec
    return self._inner_hookexec(hook_name, methods, kwargs, firstresult)
  File "D:\git\dev\Picoripi\venv\Lib\site-packages\pluggy\_callers.py", line 121, in _multicall
    res = hook_impl.function(*args)
  File "D:\git\dev\Picoripi\venv\Lib\site-packages\_pytest\main.py", line 396, in pytest_runtestloop
    item.config.hook.pytest_runtest_protocol(item=item, nextitem=nextitem)
  File "D:\git\dev\Picoripi\venv\Lib\site-packages\pluggy\_hooks.py", line 512, in __call__
    return self._hookexec(self.name, self._hookimpls.copy(), kwargs, firstresult)
  File "D:\git\dev\Picoripi\venv\Lib\site-packages\pluggy\_manager.py", line 120, in _hookexec
    return self._inner_hookexec(hook_name, methods, kwargs, firstresult)
  File "D:\git\dev\Picoripi\venv\Lib\site-packages\pluggy\_callers.py", line 121, in _multicall
    res = hook_impl.function(*args)
  File "D:\git\dev\Picoripi\venv\Lib\site-packages\_pytest\runner.py", line 118, in pytest_runtest_protocol
    runtestprotocol(item, nextitem=nextitem)
  File "D:\git\dev\Picoripi\venv\Lib\site-packages\_pytest\runner.py", line 137, in runtestprotocol
    reports.append(call_and_report(item, "call", log))
  File "D:\git\dev\Picoripi\venv\Lib\site-packages\_pytest\runner.py", line 244, in call_and_report
    call = CallInfo.from_call(
  File "D:\git\dev\Picoripi\venv\Lib\site-packages\_pytest\runner.py", line 353, in from_call
    result: TResult | None = func()
  File "D:\git\dev\Picoripi\venv\Lib\site-packages\_pytest\runner.py", line 245, in <lambda>
    lambda: runtest_hook(item=item, **kwds),
  File "D:\git\dev\Picoripi\venv\Lib\site-packages\pluggy\_hooks.py", line 512, in __call__
    return self._hookexec(self.name, self._hookimpls.copy(), kwargs, firstresult)
  File "D:\git\dev\Picoripi\venv\Lib\site-packages\pluggy\_manager.py", line 120, in _hookexec
    return self._inner_hookexec(hook_name, methods, kwargs, firstresult)
  File "D:\git\dev\Picoripi\venv\Lib\site-packages\pluggy\_callers.py", line 121, in _multicall
    res = hook_impl.function(*args)
  File "D:\git\dev\Picoripi\venv\Lib\site-packages\_pytest\runner.py", line 179, in pytest_runtest_call
    item.runtest()
  File "D:\git\dev\Picoripi\venv\Lib\site-packages\_pytest\unittest.py", line 389, in runtest
    testcase(result=self)
  File "C:\Program Files\Python314\Lib\unittest\case.py", line 725, in __call__
    return self.run(*args, **kwds)
  File "C:\Program Files\Python314\Lib\unittest\case.py", line 669, in run
    self._callTestMethod(testMethod)
  File "C:\Program Files\Python314\Lib\unittest\case.py", line 615, in _callTestMethod
    result = method()
  File "D:\git\dev\Picoripi\tests\test_search_handler.py", line 98, in test_search_previous
    self.handler.find_next("block", False, True, False)
  File "D:\git\dev\Picoripi\handlers\search_handler.py", line 167, in find_next
    self._navigate_to_match(b_idx, s_idx, match_pos_in_search_text, len(effective_query), self.ignore_tags_newlines)
  File "D:\git\dev\Picoripi\handlers\search_handler.py", line 277, in _navigate_to_match
    log_debug(f"Navigating. Data: B:{block_idx_match_in_data}, S:{string_idx_match_in_data}. SearchTextPos:{char_pos_in_search_text}, SearchTextLen:{match_len_
in_search_text}, TaglessNLSearch:{was_search_tagless_and_newline_agnostic}")
  File "D:\git\dev\Picoripi\utils\logging_utils.py", line 134, in log_debug
    _log_message(logging.DEBUG, message, category)
  File "D:\git\dev\Picoripi\utils\logging_utils.py", line 122, in _log_message
    adapter.debug(message)
Message: 'Navigating. Data: B:1, S:0. SearchTextPos:7, SearchTextLen:5, TaglessNLSearch:False'
Arguments: ()
2026-03-21 19:23:24,415 - DEBUG - [GENERAL] logging_utils - _log_message - Navigating. Data: B:1, S:0. SearchTextPos:7, SearchTextLen:5, TaglessNLSearch:False
--- Logging error ---
Traceback (most recent call last):
  File "C:\Program Files\Python314\Lib\logging\handlers.py", line 80, in emit
    self.doRollover()
    ~~~~~~~~~~~~~~~^^
  File "C:\Program Files\Python314\Lib\logging\handlers.py", line 185, in doRollover
    self.rotate(self.baseFilename, dfn)
    ~~~~~~~~~~~^^^^^^^^^^^^^^^^^^^^^^^^
  File "C:\Program Files\Python314\Lib\logging\handlers.py", line 121, in rotate
    os.rename(source, dest)
    ~~~~~~~~~^^^^^^^^^^^^^^
PermissionError: [WinError 32] The process cannot access the file because it is being used by another process: 'D:\\git\\dev\\Picoripi\\app_debug.txt' -> 'D:\\
git\\dev\\Picoripi\\app_debug.txt.1'
Call stack:
  File "<frozen runpy>", line 198, in _run_module_as_main
  File "<frozen runpy>", line 88, in _run_code
  File "D:\git\dev\Picoripi\venv\Lib\site-packages\pytest\__main__.py", line 9, in <module>
    raise SystemExit(pytest.console_main())
  File "D:\git\dev\Picoripi\venv\Lib\site-packages\_pytest\config\__init__.py", line 223, in console_main
    code = main()
  File "D:\git\dev\Picoripi\venv\Lib\site-packages\_pytest\config\__init__.py", line 199, in main
    ret: ExitCode | int = config.hook.pytest_cmdline_main(config=config)
  File "D:\git\dev\Picoripi\venv\Lib\site-packages\pluggy\_hooks.py", line 512, in __call__
    return self._hookexec(self.name, self._hookimpls.copy(), kwargs, firstresult)
  File "D:\git\dev\Picoripi\venv\Lib\site-packages\pluggy\_manager.py", line 120, in _hookexec
    return self._inner_hookexec(hook_name, methods, kwargs, firstresult)
  File "D:\git\dev\Picoripi\venv\Lib\site-packages\pluggy\_callers.py", line 121, in _multicall
    res = hook_impl.function(*args)
  File "D:\git\dev\Picoripi\venv\Lib\site-packages\_pytest\main.py", line 365, in pytest_cmdline_main
    return wrap_session(config, _main)
  File "D:\git\dev\Picoripi\venv\Lib\site-packages\_pytest\main.py", line 318, in wrap_session
    session.exitstatus = doit(config, session) or 0
  File "D:\git\dev\Picoripi\venv\Lib\site-packages\_pytest\main.py", line 372, in _main
    config.hook.pytest_runtestloop(session=session)
  File "D:\git\dev\Picoripi\venv\Lib\site-packages\pluggy\_hooks.py", line 512, in __call__
    return self._hookexec(self.name, self._hookimpls.copy(), kwargs, firstresult)
  File "D:\git\dev\Picoripi\venv\Lib\site-packages\pluggy\_manager.py", line 120, in _hookexec
    return self._inner_hookexec(hook_name, methods, kwargs, firstresult)
  File "D:\git\dev\Picoripi\venv\Lib\site-packages\pluggy\_callers.py", line 121, in _multicall
    res = hook_impl.function(*args)
  File "D:\git\dev\Picoripi\venv\Lib\site-packages\_pytest\main.py", line 396, in pytest_runtestloop
    item.config.hook.pytest_runtest_protocol(item=item, nextitem=nextitem)
  File "D:\git\dev\Picoripi\venv\Lib\site-packages\pluggy\_hooks.py", line 512, in __call__
    return self._hookexec(self.name, self._hookimpls.copy(), kwargs, firstresult)
  File "D:\git\dev\Picoripi\venv\Lib\site-packages\pluggy\_manager.py", line 120, in _hookexec
    return self._inner_hookexec(hook_name, methods, kwargs, firstresult)
  File "D:\git\dev\Picoripi\venv\Lib\site-packages\pluggy\_callers.py", line 121, in _multicall
    res = hook_impl.function(*args)
  File "D:\git\dev\Picoripi\venv\Lib\site-packages\_pytest\runner.py", line 118, in pytest_runtest_protocol
    runtestprotocol(item, nextitem=nextitem)
  File "D:\git\dev\Picoripi\venv\Lib\site-packages\_pytest\runner.py", line 137, in runtestprotocol
    reports.append(call_and_report(item, "call", log))
  File "D:\git\dev\Picoripi\venv\Lib\site-packages\_pytest\runner.py", line 244, in call_and_report
    call = CallInfo.from_call(
  File "D:\git\dev\Picoripi\venv\Lib\site-packages\_pytest\runner.py", line 353, in from_call
    result: TResult | None = func()
  File "D:\git\dev\Picoripi\venv\Lib\site-packages\_pytest\runner.py", line 245, in <lambda>
    lambda: runtest_hook(item=item, **kwds),
  File "D:\git\dev\Picoripi\venv\Lib\site-packages\pluggy\_hooks.py", line 512, in __call__
    return self._hookexec(self.name, self._hookimpls.copy(), kwargs, firstresult)
  File "D:\git\dev\Picoripi\venv\Lib\site-packages\pluggy\_manager.py", line 120, in _hookexec
    return self._inner_hookexec(hook_name, methods, kwargs, firstresult)
  File "D:\git\dev\Picoripi\venv\Lib\site-packages\pluggy\_callers.py", line 121, in _multicall
    res = hook_impl.function(*args)
  File "D:\git\dev\Picoripi\venv\Lib\site-packages\_pytest\runner.py", line 179, in pytest_runtest_call
    item.runtest()
  File "D:\git\dev\Picoripi\venv\Lib\site-packages\_pytest\unittest.py", line 389, in runtest
    testcase(result=self)
  File "C:\Program Files\Python314\Lib\unittest\case.py", line 725, in __call__
    return self.run(*args, **kwds)
  File "C:\Program Files\Python314\Lib\unittest\case.py", line 669, in run
    self._callTestMethod(testMethod)
  File "C:\Program Files\Python314\Lib\unittest\case.py", line 615, in _callTestMethod
    result = method()
  File "D:\git\dev\Picoripi\tests\test_search_handler.py", line 98, in test_search_previous
    self.handler.find_next("block", False, True, False)
  File "D:\git\dev\Picoripi\handlers\search_handler.py", line 167, in find_next
    self._navigate_to_match(b_idx, s_idx, match_pos_in_search_text, len(effective_query), self.ignore_tags_newlines)
  File "D:\git\dev\Picoripi\handlers\search_handler.py", line 390, in _navigate_to_match
    log_debug(f"PreciseSearch: Match is in QTextBlk(editor): {target_qtextblock_idx_in_editor}, RawCharInBlk: {char_pos_in_target_qtextblock_raw}")
  File "D:\git\dev\Picoripi\utils\logging_utils.py", line 134, in log_debug
    _log_message(logging.DEBUG, message, category)
  File "D:\git\dev\Picoripi\utils\logging_utils.py", line 122, in _log_message
    adapter.debug(message)
Message: 'PreciseSearch: Match is in QTextBlk(editor): 0, RawCharInBlk: 7'
Arguments: ()
2026-03-21 19:23:24,421 - DEBUG - [GENERAL] logging_utils - _log_message - PreciseSearch: Match is in QTextBlk(editor): 0, RawCharInBlk: 7
--- Logging error ---
Traceback (most recent call last):
  File "C:\Program Files\Python314\Lib\logging\handlers.py", line 80, in emit
    self.doRollover()
    ~~~~~~~~~~~~~~~^^
  File "C:\Program Files\Python314\Lib\logging\handlers.py", line 185, in doRollover
    self.rotate(self.baseFilename, dfn)
    ~~~~~~~~~~~^^^^^^^^^^^^^^^^^^^^^^^^
  File "C:\Program Files\Python314\Lib\logging\handlers.py", line 121, in rotate
    os.rename(source, dest)
    ~~~~~~~~~^^^^^^^^^^^^^^
PermissionError: [WinError 32] The process cannot access the file because it is being used by another process: 'D:\\git\\dev\\Picoripi\\app_debug.txt' -> 'D:\\
git\\dev\\Picoripi\\app_debug.txt.1'
Call stack:
  File "<frozen runpy>", line 198, in _run_module_as_main
  File "<frozen runpy>", line 88, in _run_code
  File "D:\git\dev\Picoripi\venv\Lib\site-packages\pytest\__main__.py", line 9, in <module>
    raise SystemExit(pytest.console_main())
  File "D:\git\dev\Picoripi\venv\Lib\site-packages\_pytest\config\__init__.py", line 223, in console_main
    code = main()
  File "D:\git\dev\Picoripi\venv\Lib\site-packages\_pytest\config\__init__.py", line 199, in main
    ret: ExitCode | int = config.hook.pytest_cmdline_main(config=config)
  File "D:\git\dev\Picoripi\venv\Lib\site-packages\pluggy\_hooks.py", line 512, in __call__
    return self._hookexec(self.name, self._hookimpls.copy(), kwargs, firstresult)
  File "D:\git\dev\Picoripi\venv\Lib\site-packages\pluggy\_manager.py", line 120, in _hookexec
    return self._inner_hookexec(hook_name, methods, kwargs, firstresult)
  File "D:\git\dev\Picoripi\venv\Lib\site-packages\pluggy\_callers.py", line 121, in _multicall
    res = hook_impl.function(*args)
  File "D:\git\dev\Picoripi\venv\Lib\site-packages\_pytest\main.py", line 365, in pytest_cmdline_main
    return wrap_session(config, _main)
  File "D:\git\dev\Picoripi\venv\Lib\site-packages\_pytest\main.py", line 318, in wrap_session
    session.exitstatus = doit(config, session) or 0
  File "D:\git\dev\Picoripi\venv\Lib\site-packages\_pytest\main.py", line 372, in _main
    config.hook.pytest_runtestloop(session=session)
  File "D:\git\dev\Picoripi\venv\Lib\site-packages\pluggy\_hooks.py", line 512, in __call__
    return self._hookexec(self.name, self._hookimpls.copy(), kwargs, firstresult)
  File "D:\git\dev\Picoripi\venv\Lib\site-packages\pluggy\_manager.py", line 120, in _hookexec
    return self._inner_hookexec(hook_name, methods, kwargs, firstresult)
  File "D:\git\dev\Picoripi\venv\Lib\site-packages\pluggy\_callers.py", line 121, in _multicall
    res = hook_impl.function(*args)
  File "D:\git\dev\Picoripi\venv\Lib\site-packages\_pytest\main.py", line 396, in pytest_runtestloop
    item.config.hook.pytest_runtest_protocol(item=item, nextitem=nextitem)
  File "D:\git\dev\Picoripi\venv\Lib\site-packages\pluggy\_hooks.py", line 512, in __call__
    return self._hookexec(self.name, self._hookimpls.copy(), kwargs, firstresult)
  File "D:\git\dev\Picoripi\venv\Lib\site-packages\pluggy\_manager.py", line 120, in _hookexec
    return self._inner_hookexec(hook_name, methods, kwargs, firstresult)
  File "D:\git\dev\Picoripi\venv\Lib\site-packages\pluggy\_callers.py", line 121, in _multicall
    res = hook_impl.function(*args)
  File "D:\git\dev\Picoripi\venv\Lib\site-packages\_pytest\runner.py", line 118, in pytest_runtest_protocol
    runtestprotocol(item, nextitem=nextitem)
  File "D:\git\dev\Picoripi\venv\Lib\site-packages\_pytest\runner.py", line 137, in runtestprotocol
    reports.append(call_and_report(item, "call", log))
  File "D:\git\dev\Picoripi\venv\Lib\site-packages\_pytest\runner.py", line 244, in call_and_report
    call = CallInfo.from_call(
  File "D:\git\dev\Picoripi\venv\Lib\site-packages\_pytest\runner.py", line 353, in from_call
    result: TResult | None = func()
  File "D:\git\dev\Picoripi\venv\Lib\site-packages\_pytest\runner.py", line 245, in <lambda>
    lambda: runtest_hook(item=item, **kwds),
  File "D:\git\dev\Picoripi\venv\Lib\site-packages\pluggy\_hooks.py", line 512, in __call__
    return self._hookexec(self.name, self._hookimpls.copy(), kwargs, firstresult)
  File "D:\git\dev\Picoripi\venv\Lib\site-packages\pluggy\_manager.py", line 120, in _hookexec
    return self._inner_hookexec(hook_name, methods, kwargs, firstresult)
  File "D:\git\dev\Picoripi\venv\Lib\site-packages\pluggy\_callers.py", line 121, in _multicall
    res = hook_impl.function(*args)
  File "D:\git\dev\Picoripi\venv\Lib\site-packages\_pytest\runner.py", line 179, in pytest_runtest_call
    item.runtest()
  File "D:\git\dev\Picoripi\venv\Lib\site-packages\_pytest\unittest.py", line 389, in runtest
    testcase(result=self)
  File "C:\Program Files\Python314\Lib\unittest\case.py", line 725, in __call__
    return self.run(*args, **kwds)
  File "C:\Program Files\Python314\Lib\unittest\case.py", line 669, in run
    self._callTestMethod(testMethod)
  File "C:\Program Files\Python314\Lib\unittest\case.py", line 615, in _callTestMethod
    result = method()
  File "D:\git\dev\Picoripi\tests\test_search_handler.py", line 98, in test_search_previous
    self.handler.find_next("block", False, True, False)
  File "D:\git\dev\Picoripi\handlers\search_handler.py", line 167, in find_next
    self._navigate_to_match(b_idx, s_idx, match_pos_in_search_text, len(effective_query), self.ignore_tags_newlines)
  File "D:\git\dev\Picoripi\handlers\search_handler.py", line 491, in _navigate_to_match
    log_debug(f"Precise Highlighting in {editor_name_precise}: QBlk(widget):{widget_qtextblock_idx_to_use}, DispPosInBlk:{match_pos_in_widget_qtextblock_precis
e}, DispLen:{match_len_in_widget_qtextblock_precise}, QueryUsedForDisplay: '{display_query_for_widget_precise}'")
  File "D:\git\dev\Picoripi\utils\logging_utils.py", line 134, in log_debug
    _log_message(logging.DEBUG, message, category)
  File "D:\git\dev\Picoripi\utils\logging_utils.py", line 122, in _log_message
    adapter.debug(message)
Message: "Precise Highlighting in preview_text_edit: QBlk(widget):0, DispPosInBlk:<MagicMock name='mock.preview_text_edit.document().findBlockByNumber().text()
.lower().find()' id='1830898223152'>, DispLen:5, QueryUsedForDisplay: 'block'"
Arguments: ()
2026-03-21 19:23:24,425 - DEBUG - [GENERAL] logging_utils - _log_message - Precise Highlighting in preview_text_edit: QBlk(widget):0, DispPosInBlk:<MagicMock n
ame='mock.preview_text_edit.document().findBlockByNumber().text().lower().find()' id='1830898223152'>, DispLen:5, QueryUsedForDisplay: 'block'
tests/test_search_handler.py::TestSearchHandler::test_search_previous FAILED
--- Logging error ---
Traceback (most recent call last):
  File "C:\Program Files\Python314\Lib\logging\handlers.py", line 80, in emit
    self.doRollover()
    ~~~~~~~~~~~~~~~^^
  File "C:\Program Files\Python314\Lib\logging\handlers.py", line 185, in doRollover
    self.rotate(self.baseFilename, dfn)
    ~~~~~~~~~~~^^^^^^^^^^^^^^^^^^^^^^^^
  File "C:\Program Files\Python314\Lib\logging\handlers.py", line 121, in rotate
    os.rename(source, dest)
    ~~~~~~~~~^^^^^^^^^^^^^^
PermissionError: [WinError 32] The process cannot access the file because it is being used by another process: 'D:\\git\\dev\\Picoripi\\app_debug.txt' -> 'D:\\
git\\dev\\Picoripi\\app_debug.txt.1'
Call stack:
  File "<frozen runpy>", line 198, in _run_module_as_main
  File "<frozen runpy>", line 88, in _run_code
  File "D:\git\dev\Picoripi\venv\Lib\site-packages\pytest\__main__.py", line 9, in <module>
    raise SystemExit(pytest.console_main())
  File "D:\git\dev\Picoripi\venv\Lib\site-packages\_pytest\config\__init__.py", line 223, in console_main
    code = main()
  File "D:\git\dev\Picoripi\venv\Lib\site-packages\_pytest\config\__init__.py", line 199, in main
    ret: ExitCode | int = config.hook.pytest_cmdline_main(config=config)
  File "D:\git\dev\Picoripi\venv\Lib\site-packages\pluggy\_hooks.py", line 512, in __call__
    return self._hookexec(self.name, self._hookimpls.copy(), kwargs, firstresult)
  File "D:\git\dev\Picoripi\venv\Lib\site-packages\pluggy\_manager.py", line 120, in _hookexec
    return self._inner_hookexec(hook_name, methods, kwargs, firstresult)
  File "D:\git\dev\Picoripi\venv\Lib\site-packages\pluggy\_callers.py", line 121, in _multicall
    res = hook_impl.function(*args)
  File "D:\git\dev\Picoripi\venv\Lib\site-packages\_pytest\main.py", line 365, in pytest_cmdline_main
    return wrap_session(config, _main)
  File "D:\git\dev\Picoripi\venv\Lib\site-packages\_pytest\main.py", line 318, in wrap_session
    session.exitstatus = doit(config, session) or 0
  File "D:\git\dev\Picoripi\venv\Lib\site-packages\_pytest\main.py", line 372, in _main
    config.hook.pytest_runtestloop(session=session)
  File "D:\git\dev\Picoripi\venv\Lib\site-packages\pluggy\_hooks.py", line 512, in __call__
    return self._hookexec(self.name, self._hookimpls.copy(), kwargs, firstresult)
  File "D:\git\dev\Picoripi\venv\Lib\site-packages\pluggy\_manager.py", line 120, in _hookexec
    return self._inner_hookexec(hook_name, methods, kwargs, firstresult)
  File "D:\git\dev\Picoripi\venv\Lib\site-packages\pluggy\_callers.py", line 121, in _multicall
    res = hook_impl.function(*args)
  File "D:\git\dev\Picoripi\venv\Lib\site-packages\_pytest\main.py", line 396, in pytest_runtestloop
    item.config.hook.pytest_runtest_protocol(item=item, nextitem=nextitem)
  File "D:\git\dev\Picoripi\venv\Lib\site-packages\pluggy\_hooks.py", line 512, in __call__
    return self._hookexec(self.name, self._hookimpls.copy(), kwargs, firstresult)
  File "D:\git\dev\Picoripi\venv\Lib\site-packages\pluggy\_manager.py", line 120, in _hookexec
    return self._inner_hookexec(hook_name, methods, kwargs, firstresult)
  File "D:\git\dev\Picoripi\venv\Lib\site-packages\pluggy\_callers.py", line 121, in _multicall
    res = hook_impl.function(*args)
  File "D:\git\dev\Picoripi\venv\Lib\site-packages\_pytest\runner.py", line 118, in pytest_runtest_protocol
    runtestprotocol(item, nextitem=nextitem)
  File "D:\git\dev\Picoripi\venv\Lib\site-packages\_pytest\runner.py", line 137, in runtestprotocol
    reports.append(call_and_report(item, "call", log))
  File "D:\git\dev\Picoripi\venv\Lib\site-packages\_pytest\runner.py", line 244, in call_and_report
    call = CallInfo.from_call(
  File "D:\git\dev\Picoripi\venv\Lib\site-packages\_pytest\runner.py", line 353, in from_call
    result: TResult | None = func()
  File "D:\git\dev\Picoripi\venv\Lib\site-packages\_pytest\runner.py", line 245, in <lambda>
    lambda: runtest_hook(item=item, **kwds),
  File "D:\git\dev\Picoripi\venv\Lib\site-packages\pluggy\_hooks.py", line 512, in __call__
    return self._hookexec(self.name, self._hookimpls.copy(), kwargs, firstresult)
  File "D:\git\dev\Picoripi\venv\Lib\site-packages\pluggy\_manager.py", line 120, in _hookexec
    return self._inner_hookexec(hook_name, methods, kwargs, firstresult)
  File "D:\git\dev\Picoripi\venv\Lib\site-packages\pluggy\_callers.py", line 121, in _multicall
    res = hook_impl.function(*args)
  File "D:\git\dev\Picoripi\venv\Lib\site-packages\_pytest\runner.py", line 179, in pytest_runtest_call
    item.runtest()
  File "D:\git\dev\Picoripi\venv\Lib\site-packages\_pytest\unittest.py", line 389, in runtest
    testcase(result=self)
  File "C:\Program Files\Python314\Lib\unittest\case.py", line 725, in __call__
    return self.run(*args, **kwds)
  File "C:\Program Files\Python314\Lib\unittest\case.py", line 669, in run
    self._callTestMethod(testMethod)
  File "C:\Program Files\Python314\Lib\unittest\case.py", line 615, in _callTestMethod
    result = method()
  File "D:\git\dev\Picoripi\tests\test_search_handler.py", line 89, in test_search_reset
    self.handler.find_next("world", False, True, False)
  File "D:\git\dev\Picoripi\handlers\search_handler.py", line 167, in find_next
    self._navigate_to_match(b_idx, s_idx, match_pos_in_search_text, len(effective_query), self.ignore_tags_newlines)
  File "D:\git\dev\Picoripi\handlers\search_handler.py", line 491, in _navigate_to_match
    log_debug(f"Precise Highlighting in {editor_name_precise}: QBlk(widget):{widget_qtextblock_idx_to_use}, DispPosInBlk:{match_pos_in_widget_qtextblock_precis
e}, DispLen:{match_len_in_widget_qtextblock_precise}, QueryUsedForDisplay: '{display_query_for_widget_precise}'")
  File "D:\git\dev\Picoripi\utils\logging_utils.py", line 134, in log_debug
    _log_message(logging.DEBUG, message, category)
  File "D:\git\dev\Picoripi\utils\logging_utils.py", line 122, in _log_message
    adapter.debug(message)
Message: "Precise Highlighting in preview_text_edit: QBlk(widget):0, DispPosInBlk:<MagicMock name='mock.preview_text_edit.document().findBlockByNumber().text()
.lower().find()' id='1830916263952'>, DispLen:5, QueryUsedForDisplay: 'world'"
Arguments: ()
2026-03-21 19:23:24,456 - DEBUG - [GENERAL] logging_utils - _log_message - Precise Highlighting in preview_text_edit: QBlk(widget):0, DispPosInBlk:<MagicMock n
ame='mock.preview_text_edit.document().findBlockByNumber().text().lower().find()' id='1830916263952'>, DispLen:5, QueryUsedForDisplay: 'world'
tests/test_search_handler.py::TestSearchHandler::test_search_reset FAILED
tests/test_app_action_handler.py::TestAppActionHandler::test_calculate_widths_progress PASSED
--- Logging error ---
Traceback (most recent call last):
  File "C:\Program Files\Python314\Lib\logging\handlers.py", line 80, in emit
    self.doRollover()
    ~~~~~~~~~~~~~~~^^
  File "C:\Program Files\Python314\Lib\logging\handlers.py", line 185, in doRollover
    self.rotate(self.baseFilename, dfn)
    ~~~~~~~~~~~^^^^^^^^^^^^^^^^^^^^^^^^
  File "C:\Program Files\Python314\Lib\logging\handlers.py", line 121, in rotate
    os.rename(source, dest)
    ~~~~~~~~~^^^^^^^^^^^^^^
PermissionError: [WinError 32] The process cannot access the file because it is being used by another process: 'D:\\git\\dev\\Picoripi\\app_debug.txt' -> 'D:\\
git\\dev\\Picoripi\\app_debug.txt.1'
Call stack:
  File "<frozen runpy>", line 198, in _run_module_as_main
  File "<frozen runpy>", line 88, in _run_code
  File "D:\git\dev\Picoripi\venv\Lib\site-packages\pytest\__main__.py", line 9, in <module>
    raise SystemExit(pytest.console_main())
  File "D:\git\dev\Picoripi\venv\Lib\site-packages\_pytest\config\__init__.py", line 223, in console_main
    code = main()
  File "D:\git\dev\Picoripi\venv\Lib\site-packages\_pytest\config\__init__.py", line 199, in main
    ret: ExitCode | int = config.hook.pytest_cmdline_main(config=config)
  File "D:\git\dev\Picoripi\venv\Lib\site-packages\pluggy\_hooks.py", line 512, in __call__
    return self._hookexec(self.name, self._hookimpls.copy(), kwargs, firstresult)
  File "D:\git\dev\Picoripi\venv\Lib\site-packages\pluggy\_manager.py", line 120, in _hookexec
    return self._inner_hookexec(hook_name, methods, kwargs, firstresult)
  File "D:\git\dev\Picoripi\venv\Lib\site-packages\pluggy\_callers.py", line 121, in _multicall
    res = hook_impl.function(*args)
  File "D:\git\dev\Picoripi\venv\Lib\site-packages\_pytest\main.py", line 365, in pytest_cmdline_main
    return wrap_session(config, _main)
  File "D:\git\dev\Picoripi\venv\Lib\site-packages\_pytest\main.py", line 318, in wrap_session
    session.exitstatus = doit(config, session) or 0
  File "D:\git\dev\Picoripi\venv\Lib\site-packages\_pytest\main.py", line 372, in _main
    config.hook.pytest_runtestloop(session=session)
  File "D:\git\dev\Picoripi\venv\Lib\site-packages\pluggy\_hooks.py", line 512, in __call__
    return self._hookexec(self.name, self._hookimpls.copy(), kwargs, firstresult)
  File "D:\git\dev\Picoripi\venv\Lib\site-packages\pluggy\_manager.py", line 120, in _hookexec
    return self._inner_hookexec(hook_name, methods, kwargs, firstresult)
  File "D:\git\dev\Picoripi\venv\Lib\site-packages\pluggy\_callers.py", line 121, in _multicall
    res = hook_impl.function(*args)
  File "D:\git\dev\Picoripi\venv\Lib\site-packages\_pytest\main.py", line 396, in pytest_runtestloop
    item.config.hook.pytest_runtest_protocol(item=item, nextitem=nextitem)
  File "D:\git\dev\Picoripi\venv\Lib\site-packages\pluggy\_hooks.py", line 512, in __call__
    return self._hookexec(self.name, self._hookimpls.copy(), kwargs, firstresult)
  File "D:\git\dev\Picoripi\venv\Lib\site-packages\pluggy\_manager.py", line 120, in _hookexec
    return self._inner_hookexec(hook_name, methods, kwargs, firstresult)
  File "D:\git\dev\Picoripi\venv\Lib\site-packages\pluggy\_callers.py", line 121, in _multicall
    res = hook_impl.function(*args)
  File "D:\git\dev\Picoripi\venv\Lib\site-packages\_pytest\runner.py", line 118, in pytest_runtest_protocol
    runtestprotocol(item, nextitem=nextitem)
  File "D:\git\dev\Picoripi\venv\Lib\site-packages\_pytest\runner.py", line 137, in runtestprotocol
    reports.append(call_and_report(item, "call", log))
  File "D:\git\dev\Picoripi\venv\Lib\site-packages\_pytest\runner.py", line 244, in call_and_report
    call = CallInfo.from_call(
  File "D:\git\dev\Picoripi\venv\Lib\site-packages\_pytest\runner.py", line 353, in from_call
    result: TResult | None = func()
  File "D:\git\dev\Picoripi\venv\Lib\site-packages\_pytest\runner.py", line 245, in <lambda>
    lambda: runtest_hook(item=item, **kwds),
  File "D:\git\dev\Picoripi\venv\Lib\site-packages\pluggy\_hooks.py", line 512, in __call__
    return self._hookexec(self.name, self._hookimpls.copy(), kwargs, firstresult)
  File "D:\git\dev\Picoripi\venv\Lib\site-packages\pluggy\_manager.py", line 120, in _hookexec
    return self._inner_hookexec(hook_name, methods, kwargs, firstresult)
  File "D:\git\dev\Picoripi\venv\Lib\site-packages\pluggy\_callers.py", line 121, in _multicall
    res = hook_impl.function(*args)
  File "D:\git\dev\Picoripi\venv\Lib\site-packages\_pytest\runner.py", line 179, in pytest_runtest_call
    item.runtest()
  File "D:\git\dev\Picoripi\venv\Lib\site-packages\_pytest\unittest.py", line 389, in runtest
    testcase(result=self)
  File "C:\Program Files\Python314\Lib\unittest\case.py", line 725, in __call__
    return self.run(*args, **kwds)
  File "C:\Program Files\Python314\Lib\unittest\case.py", line 669, in run
    self._callTestMethod(testMethod)
  File "C:\Program Files\Python314\Lib\unittest\case.py", line 615, in _callTestMethod
    result = method()
  File "C:\Program Files\Python314\Lib\unittest\mock.py", line 1432, in patched
    return func(*newargs, **newkeywargs)
  File "D:\git\dev\Picoripi\tests\test_app_action_handler.py", line 78, in test_open_file_dialog_basic
    self.handler.open_file_dialog_action()
  File "D:\git\dev\Picoripi\handlers\app_action_handler.py", line 47, in open_file_dialog_action
    log_info("Open File Dialog action triggered.")
  File "D:\git\dev\Picoripi\utils\logging_utils.py", line 137, in log_info
    _log_message(logging.INFO, message, category)
  File "D:\git\dev\Picoripi\utils\logging_utils.py", line 124, in _log_message
    adapter.info(message)
Message: 'Open File Dialog action triggered.'
Arguments: ()
2026-03-21 19:23:24,502 - INFO - [GENERAL] logging_utils - _log_message - Open File Dialog action triggered.
--- Logging error ---
Traceback (most recent call last):
  File "C:\Program Files\Python314\Lib\logging\handlers.py", line 80, in emit
    self.doRollover()
    ~~~~~~~~~~~~~~~^^
  File "C:\Program Files\Python314\Lib\logging\handlers.py", line 185, in doRollover
    self.rotate(self.baseFilename, dfn)
    ~~~~~~~~~~~^^^^^^^^^^^^^^^^^^^^^^^^
  File "C:\Program Files\Python314\Lib\logging\handlers.py", line 121, in rotate
    os.rename(source, dest)
    ~~~~~~~~~^^^^^^^^^^^^^^
PermissionError: [WinError 32] The process cannot access the file because it is being used by another process: 'D:\\git\\dev\\Picoripi\\app_debug.txt' -> 'D:\\
git\\dev\\Picoripi\\app_debug.txt.1'
Call stack:
  File "<frozen runpy>", line 198, in _run_module_as_main
  File "<frozen runpy>", line 88, in _run_code
  File "D:\git\dev\Picoripi\venv\Lib\site-packages\pytest\__main__.py", line 9, in <module>
    raise SystemExit(pytest.console_main())
  File "D:\git\dev\Picoripi\venv\Lib\site-packages\_pytest\config\__init__.py", line 223, in console_main
    code = main()
  File "D:\git\dev\Picoripi\venv\Lib\site-packages\_pytest\config\__init__.py", line 199, in main
    ret: ExitCode | int = config.hook.pytest_cmdline_main(config=config)
  File "D:\git\dev\Picoripi\venv\Lib\site-packages\pluggy\_hooks.py", line 512, in __call__
    return self._hookexec(self.name, self._hookimpls.copy(), kwargs, firstresult)
  File "D:\git\dev\Picoripi\venv\Lib\site-packages\pluggy\_manager.py", line 120, in _hookexec
    return self._inner_hookexec(hook_name, methods, kwargs, firstresult)
  File "D:\git\dev\Picoripi\venv\Lib\site-packages\pluggy\_callers.py", line 121, in _multicall
    res = hook_impl.function(*args)
  File "D:\git\dev\Picoripi\venv\Lib\site-packages\_pytest\main.py", line 365, in pytest_cmdline_main
    return wrap_session(config, _main)
  File "D:\git\dev\Picoripi\venv\Lib\site-packages\_pytest\main.py", line 318, in wrap_session
    session.exitstatus = doit(config, session) or 0
  File "D:\git\dev\Picoripi\venv\Lib\site-packages\_pytest\main.py", line 372, in _main
    config.hook.pytest_runtestloop(session=session)
  File "D:\git\dev\Picoripi\venv\Lib\site-packages\pluggy\_hooks.py", line 512, in __call__
    return self._hookexec(self.name, self._hookimpls.copy(), kwargs, firstresult)
  File "D:\git\dev\Picoripi\venv\Lib\site-packages\pluggy\_manager.py", line 120, in _hookexec
    return self._inner_hookexec(hook_name, methods, kwargs, firstresult)
  File "D:\git\dev\Picoripi\venv\Lib\site-packages\pluggy\_callers.py", line 121, in _multicall
    res = hook_impl.function(*args)
  File "D:\git\dev\Picoripi\venv\Lib\site-packages\_pytest\main.py", line 396, in pytest_runtestloop
    item.config.hook.pytest_runtest_protocol(item=item, nextitem=nextitem)
  File "D:\git\dev\Picoripi\venv\Lib\site-packages\pluggy\_hooks.py", line 512, in __call__
    return self._hookexec(self.name, self._hookimpls.copy(), kwargs, firstresult)
  File "D:\git\dev\Picoripi\venv\Lib\site-packages\pluggy\_manager.py", line 120, in _hookexec
    return self._inner_hookexec(hook_name, methods, kwargs, firstresult)
  File "D:\git\dev\Picoripi\venv\Lib\site-packages\pluggy\_callers.py", line 121, in _multicall
    res = hook_impl.function(*args)
  File "D:\git\dev\Picoripi\venv\Lib\site-packages\_pytest\runner.py", line 118, in pytest_runtest_protocol
    runtestprotocol(item, nextitem=nextitem)
  File "D:\git\dev\Picoripi\venv\Lib\site-packages\_pytest\runner.py", line 137, in runtestprotocol
    reports.append(call_and_report(item, "call", log))
  File "D:\git\dev\Picoripi\venv\Lib\site-packages\_pytest\runner.py", line 244, in call_and_report
    call = CallInfo.from_call(
  File "D:\git\dev\Picoripi\venv\Lib\site-packages\_pytest\runner.py", line 353, in from_call
    result: TResult | None = func()
  File "D:\git\dev\Picoripi\venv\Lib\site-packages\_pytest\runner.py", line 245, in <lambda>
    lambda: runtest_hook(item=item, **kwds),
  File "D:\git\dev\Picoripi\venv\Lib\site-packages\pluggy\_hooks.py", line 512, in __call__
    return self._hookexec(self.name, self._hookimpls.copy(), kwargs, firstresult)
  File "D:\git\dev\Picoripi\venv\Lib\site-packages\pluggy\_manager.py", line 120, in _hookexec
    return self._inner_hookexec(hook_name, methods, kwargs, firstresult)
  File "D:\git\dev\Picoripi\venv\Lib\site-packages\pluggy\_callers.py", line 121, in _multicall
    res = hook_impl.function(*args)
  File "D:\git\dev\Picoripi\venv\Lib\site-packages\_pytest\runner.py", line 179, in pytest_runtest_call
    item.runtest()
  File "D:\git\dev\Picoripi\venv\Lib\site-packages\_pytest\unittest.py", line 389, in runtest
    testcase(result=self)
  File "C:\Program Files\Python314\Lib\unittest\case.py", line 725, in __call__
    return self.run(*args, **kwds)
  File "C:\Program Files\Python314\Lib\unittest\case.py", line 669, in run
    self._callTestMethod(testMethod)
  File "C:\Program Files\Python314\Lib\unittest\case.py", line 615, in _callTestMethod
    result = method()
  File "C:\Program Files\Python314\Lib\unittest\mock.py", line 1432, in patched
    return func(*newargs, **newkeywargs)
  File "D:\git\dev\Picoripi\tests\test_app_action_handler.py", line 78, in test_open_file_dialog_basic
    self.handler.open_file_dialog_action()
  File "D:\git\dev\Picoripi\handlers\app_action_handler.py", line 62, in open_file_dialog_action
    self.load_all_data_for_path(path, manually_set_edited_path=None, is_initial_load_from_settings=False)
  File "D:\git\dev\Picoripi\handlers\app_action_handler.py", line 161, in load_all_data_for_path
    log_info(f"Loading all data for path: '{original_file_path}'")
  File "D:\git\dev\Picoripi\utils\logging_utils.py", line 137, in log_info
    _log_message(logging.INFO, message, category)
  File "D:\git\dev\Picoripi\utils\logging_utils.py", line 124, in _log_message
    adapter.info(message)
Message: "Loading all data for path: 'test.json'"
Arguments: ()
2026-03-21 19:23:24,503 - INFO - [GENERAL] logging_utils - _log_message - Loading all data for path: 'test.json'
tests/test_app_action_handler.py::TestAppActionHandler::test_open_file_dialog_basic PASSED
--- Logging error ---
Traceback (most recent call last):
  File "C:\Program Files\Python314\Lib\logging\handlers.py", line 80, in emit
    self.doRollover()
    ~~~~~~~~~~~~~~~^^
  File "C:\Program Files\Python314\Lib\logging\handlers.py", line 185, in doRollover
    self.rotate(self.baseFilename, dfn)
    ~~~~~~~~~~~^^^^^^^^^^^^^^^^^^^^^^^^
  File "C:\Program Files\Python314\Lib\logging\handlers.py", line 121, in rotate
    os.rename(source, dest)
    ~~~~~~~~~^^^^^^^^^^^^^^
PermissionError: [WinError 32] The process cannot access the file because it is being used by another process: 'D:\\git\\dev\\Picoripi\\app_debug.txt' -> 'D:\\
git\\dev\\Picoripi\\app_debug.txt.1'
Call stack:
  File "<frozen runpy>", line 198, in _run_module_as_main
  File "<frozen runpy>", line 88, in _run_code
  File "D:\git\dev\Picoripi\venv\Lib\site-packages\pytest\__main__.py", line 9, in <module>
    raise SystemExit(pytest.console_main())
  File "D:\git\dev\Picoripi\venv\Lib\site-packages\_pytest\config\__init__.py", line 223, in console_main
    code = main()
  File "D:\git\dev\Picoripi\venv\Lib\site-packages\_pytest\config\__init__.py", line 199, in main
    ret: ExitCode | int = config.hook.pytest_cmdline_main(config=config)
  File "D:\git\dev\Picoripi\venv\Lib\site-packages\pluggy\_hooks.py", line 512, in __call__
    return self._hookexec(self.name, self._hookimpls.copy(), kwargs, firstresult)
  File "D:\git\dev\Picoripi\venv\Lib\site-packages\pluggy\_manager.py", line 120, in _hookexec
    return self._inner_hookexec(hook_name, methods, kwargs, firstresult)
  File "D:\git\dev\Picoripi\venv\Lib\site-packages\pluggy\_callers.py", line 121, in _multicall
    res = hook_impl.function(*args)
  File "D:\git\dev\Picoripi\venv\Lib\site-packages\_pytest\main.py", line 365, in pytest_cmdline_main
    return wrap_session(config, _main)
  File "D:\git\dev\Picoripi\venv\Lib\site-packages\_pytest\main.py", line 318, in wrap_session
    session.exitstatus = doit(config, session) or 0
  File "D:\git\dev\Picoripi\venv\Lib\site-packages\_pytest\main.py", line 372, in _main
    config.hook.pytest_runtestloop(session=session)
  File "D:\git\dev\Picoripi\venv\Lib\site-packages\pluggy\_hooks.py", line 512, in __call__
    return self._hookexec(self.name, self._hookimpls.copy(), kwargs, firstresult)
  File "D:\git\dev\Picoripi\venv\Lib\site-packages\pluggy\_manager.py", line 120, in _hookexec
    return self._inner_hookexec(hook_name, methods, kwargs, firstresult)
  File "D:\git\dev\Picoripi\venv\Lib\site-packages\pluggy\_callers.py", line 121, in _multicall
    res = hook_impl.function(*args)
  File "D:\git\dev\Picoripi\venv\Lib\site-packages\_pytest\main.py", line 396, in pytest_runtestloop
    item.config.hook.pytest_runtest_protocol(item=item, nextitem=nextitem)
  File "D:\git\dev\Picoripi\venv\Lib\site-packages\pluggy\_hooks.py", line 512, in __call__
    return self._hookexec(self.name, self._hookimpls.copy(), kwargs, firstresult)
  File "D:\git\dev\Picoripi\venv\Lib\site-packages\pluggy\_manager.py", line 120, in _hookexec
    return self._inner_hookexec(hook_name, methods, kwargs, firstresult)
  File "D:\git\dev\Picoripi\venv\Lib\site-packages\pluggy\_callers.py", line 121, in _multicall
    res = hook_impl.function(*args)
  File "D:\git\dev\Picoripi\venv\Lib\site-packages\_pytest\runner.py", line 118, in pytest_runtest_protocol
    runtestprotocol(item, nextitem=nextitem)
  File "D:\git\dev\Picoripi\venv\Lib\site-packages\_pytest\runner.py", line 137, in runtestprotocol
    reports.append(call_and_report(item, "call", log))
  File "D:\git\dev\Picoripi\venv\Lib\site-packages\_pytest\runner.py", line 244, in call_and_report
    call = CallInfo.from_call(
  File "D:\git\dev\Picoripi\venv\Lib\site-packages\_pytest\runner.py", line 353, in from_call
    result: TResult | None = func()
  File "D:\git\dev\Picoripi\venv\Lib\site-packages\_pytest\runner.py", line 245, in <lambda>
    lambda: runtest_hook(item=item, **kwds),
  File "D:\git\dev\Picoripi\venv\Lib\site-packages\pluggy\_hooks.py", line 512, in __call__
    return self._hookexec(self.name, self._hookimpls.copy(), kwargs, firstresult)
  File "D:\git\dev\Picoripi\venv\Lib\site-packages\pluggy\_manager.py", line 120, in _hookexec
    return self._inner_hookexec(hook_name, methods, kwargs, firstresult)
  File "D:\git\dev\Picoripi\venv\Lib\site-packages\pluggy\_callers.py", line 121, in _multicall
    res = hook_impl.function(*args)
  File "D:\git\dev\Picoripi\venv\Lib\site-packages\_pytest\runner.py", line 179, in pytest_runtest_call
    item.runtest()
  File "D:\git\dev\Picoripi\venv\Lib\site-packages\_pytest\unittest.py", line 389, in runtest
    testcase(result=self)
  File "C:\Program Files\Python314\Lib\unittest\case.py", line 725, in __call__
    return self.run(*args, **kwds)
  File "C:\Program Files\Python314\Lib\unittest\case.py", line 669, in run
    self._callTestMethod(testMethod)
  File "C:\Program Files\Python314\Lib\unittest\case.py", line 615, in _callTestMethod
    result = method()
  File "C:\Program Files\Python314\Lib\unittest\mock.py", line 1432, in patched
    return func(*newargs, **newkeywargs)
  File "D:\git\dev\Picoripi\tests\test_app_action_handler.py", line 89, in test_save_as_dialog
    self.handler.save_as_dialog_action()
  File "D:\git\dev\Picoripi\handlers\app_action_handler.py", line 138, in save_as_dialog_action
    log_info("Save As Dialog action triggered.")
  File "D:\git\dev\Picoripi\utils\logging_utils.py", line 137, in log_info
    _log_message(logging.INFO, message, category)
  File "D:\git\dev\Picoripi\utils\logging_utils.py", line 124, in _log_message
    adapter.info(message)
Message: 'Save As Dialog action triggered.'
Arguments: ()
2026-03-21 19:23:24,546 - INFO - [GENERAL] logging_utils - _log_message - Save As Dialog action triggered.
tests/test_app_action_handler.py::TestAppActionHandler::test_save_as_dialog PASSED
tests/test_handlers/test_list_selection_handler.py::test_ListSelectionHandler_init PASSED
tests/test_handlers/test_list_selection_handler.py::test_ListSelectionHandler_navigate_between_blocks PASSED
--- Logging error ---
Traceback (most recent call last):
  File "C:\Program Files\Python314\Lib\logging\handlers.py", line 80, in emit
    self.doRollover()
    ~~~~~~~~~~~~~~~^^
  File "C:\Program Files\Python314\Lib\logging\handlers.py", line 185, in doRollover
    self.rotate(self.baseFilename, dfn)
    ~~~~~~~~~~~^^^^^^^^^^^^^^^^^^^^^^^^
  File "C:\Program Files\Python314\Lib\logging\handlers.py", line 121, in rotate
    os.rename(source, dest)
    ~~~~~~~~~^^^^^^^^^^^^^^
PermissionError: [WinError 32] The process cannot access the file because it is being used by another process: 'D:\\git\\dev\\Picoripi\\app_debug.txt' -> 'D:\\
git\\dev\\Picoripi\\app_debug.txt.1'
Call stack:
  File "<frozen runpy>", line 198, in _run_module_as_main
  File "<frozen runpy>", line 88, in _run_code
  File "D:\git\dev\Picoripi\venv\Lib\site-packages\pytest\__main__.py", line 9, in <module>
    raise SystemExit(pytest.console_main())
  File "D:\git\dev\Picoripi\venv\Lib\site-packages\_pytest\config\__init__.py", line 223, in console_main
    code = main()
  File "D:\git\dev\Picoripi\venv\Lib\site-packages\_pytest\config\__init__.py", line 199, in main
    ret: ExitCode | int = config.hook.pytest_cmdline_main(config=config)
  File "D:\git\dev\Picoripi\venv\Lib\site-packages\pluggy\_hooks.py", line 512, in __call__
    return self._hookexec(self.name, self._hookimpls.copy(), kwargs, firstresult)
  File "D:\git\dev\Picoripi\venv\Lib\site-packages\pluggy\_manager.py", line 120, in _hookexec
    return self._inner_hookexec(hook_name, methods, kwargs, firstresult)
  File "D:\git\dev\Picoripi\venv\Lib\site-packages\pluggy\_callers.py", line 121, in _multicall
    res = hook_impl.function(*args)
  File "D:\git\dev\Picoripi\venv\Lib\site-packages\_pytest\main.py", line 365, in pytest_cmdline_main
    return wrap_session(config, _main)
  File "D:\git\dev\Picoripi\venv\Lib\site-packages\_pytest\main.py", line 318, in wrap_session
    session.exitstatus = doit(config, session) or 0
  File "D:\git\dev\Picoripi\venv\Lib\site-packages\_pytest\main.py", line 372, in _main
    config.hook.pytest_runtestloop(session=session)
  File "D:\git\dev\Picoripi\venv\Lib\site-packages\pluggy\_hooks.py", line 512, in __call__
    return self._hookexec(self.name, self._hookimpls.copy(), kwargs, firstresult)
  File "D:\git\dev\Picoripi\venv\Lib\site-packages\pluggy\_manager.py", line 120, in _hookexec
    return self._inner_hookexec(hook_name, methods, kwargs, firstresult)
  File "D:\git\dev\Picoripi\venv\Lib\site-packages\pluggy\_callers.py", line 121, in _multicall
    res = hook_impl.function(*args)
  File "D:\git\dev\Picoripi\venv\Lib\site-packages\_pytest\main.py", line 396, in pytest_runtestloop
    item.config.hook.pytest_runtest_protocol(item=item, nextitem=nextitem)
  File "D:\git\dev\Picoripi\venv\Lib\site-packages\pluggy\_hooks.py", line 512, in __call__
    return self._hookexec(self.name, self._hookimpls.copy(), kwargs, firstresult)
  File "D:\git\dev\Picoripi\venv\Lib\site-packages\pluggy\_manager.py", line 120, in _hookexec
    return self._inner_hookexec(hook_name, methods, kwargs, firstresult)
  File "D:\git\dev\Picoripi\venv\Lib\site-packages\pluggy\_callers.py", line 121, in _multicall
    res = hook_impl.function(*args)
  File "D:\git\dev\Picoripi\venv\Lib\site-packages\_pytest\runner.py", line 118, in pytest_runtest_protocol
    runtestprotocol(item, nextitem=nextitem)
  File "D:\git\dev\Picoripi\venv\Lib\site-packages\_pytest\runner.py", line 137, in runtestprotocol
    reports.append(call_and_report(item, "call", log))
  File "D:\git\dev\Picoripi\venv\Lib\site-packages\_pytest\runner.py", line 244, in call_and_report
    call = CallInfo.from_call(
  File "D:\git\dev\Picoripi\venv\Lib\site-packages\_pytest\runner.py", line 353, in from_call
    result: TResult | None = func()
  File "D:\git\dev\Picoripi\venv\Lib\site-packages\_pytest\runner.py", line 245, in <lambda>
    lambda: runtest_hook(item=item, **kwds),
  File "D:\git\dev\Picoripi\venv\Lib\site-packages\pluggy\_hooks.py", line 512, in __call__
    return self._hookexec(self.name, self._hookimpls.copy(), kwargs, firstresult)
  File "D:\git\dev\Picoripi\venv\Lib\site-packages\pluggy\_manager.py", line 120, in _hookexec
    return self._inner_hookexec(hook_name, methods, kwargs, firstresult)
  File "D:\git\dev\Picoripi\venv\Lib\site-packages\pluggy\_callers.py", line 121, in _multicall
    res = hook_impl.function(*args)
  File "D:\git\dev\Picoripi\venv\Lib\site-packages\_pytest\runner.py", line 179, in pytest_runtest_call
    item.runtest()
  File "D:\git\dev\Picoripi\venv\Lib\site-packages\_pytest\python.py", line 1720, in runtest
    self.ihook.pytest_pyfunc_call(pyfuncitem=self)
  File "D:\git\dev\Picoripi\venv\Lib\site-packages\pluggy\_hooks.py", line 512, in __call__
    return self._hookexec(self.name, self._hookimpls.copy(), kwargs, firstresult)
  File "D:\git\dev\Picoripi\venv\Lib\site-packages\pluggy\_manager.py", line 120, in _hookexec
    return self._inner_hookexec(hook_name, methods, kwargs, firstresult)
  File "D:\git\dev\Picoripi\venv\Lib\site-packages\pluggy\_callers.py", line 121, in _multicall
    res = hook_impl.function(*args)
  File "D:\git\dev\Picoripi\venv\Lib\site-packages\_pytest\python.py", line 166, in pytest_pyfunc_call
    result = testfunction(**testargs)
  File "D:\git\dev\Picoripi\tests\test_handlers\test_list_selection_handler.py", line 51, in test_ListSelectionHandler_navigate_between_folders
    handler.navigate_between_folders(False)
  File "D:\git\dev\Picoripi\handlers\list_selection_handler.py", line 22, in navigate_between_folders
    log_debug(f"ListSelectionHandler: navigate_between_folders forward={forward}")
  File "D:\git\dev\Picoripi\utils\logging_utils.py", line 134, in log_debug
    _log_message(logging.DEBUG, message, category)
  File "D:\git\dev\Picoripi\utils\logging_utils.py", line 122, in _log_message
    adapter.debug(message)
Message: 'ListSelectionHandler: navigate_between_folders forward=False'
Arguments: ()
2026-03-21 19:23:24,602 - DEBUG - [GENERAL] logging_utils - _log_message - ListSelectionHandler: navigate_between_folders forward=False
tests/test_handlers/test_list_selection_handler.py::test_ListSelectionHandler_navigate_between_folders PASSED
tests/test_handlers/test_list_selection_handler.py::test_ListSelectionHandler_block_selected PASSED
tests/test_handlers/test_list_selection_handler.py::test_ListSelectionHandler_restore_block_selection PASSED
tests/test_handlers/test_list_selection_handler.py::test_ListSelectionHandler_update_block_toolbar_button_states PASSED
tests/test_handlers/test_list_selection_handler.py::test_ListSelectionHandler_select_string_by_absolute_index PASSED
tests/test_handlers/test_list_selection_handler.py::test_ListSelectionHandler_string_selected_from_preview PASSED
tests/test_handlers/test_list_selection_handler.py::test_ListSelectionHandler_rename_block PASSED
--- Logging error ---
Traceback (most recent call last):
  File "C:\Program Files\Python314\Lib\logging\handlers.py", line 80, in emit
    self.doRollover()
    ~~~~~~~~~~~~~~~^^
  File "C:\Program Files\Python314\Lib\logging\handlers.py", line 185, in doRollover
    self.rotate(self.baseFilename, dfn)
    ~~~~~~~~~~~^^^^^^^^^^^^^^^^^^^^^^^^
  File "C:\Program Files\Python314\Lib\logging\handlers.py", line 121, in rotate
    os.rename(source, dest)
    ~~~~~~~~~^^^^^^^^^^^^^^
PermissionError: [WinError 32] The process cannot access the file because it is being used by another process: 'D:\\git\\dev\\Picoripi\\app_debug.txt' -> 'D:\\
git\\dev\\Picoripi\\app_debug.txt.1'
Call stack:
  File "<frozen runpy>", line 198, in _run_module_as_main
  File "<frozen runpy>", line 88, in _run_code
  File "D:\git\dev\Picoripi\venv\Lib\site-packages\pytest\__main__.py", line 9, in <module>
    raise SystemExit(pytest.console_main())
  File "D:\git\dev\Picoripi\venv\Lib\site-packages\_pytest\config\__init__.py", line 223, in console_main
    code = main()
  File "D:\git\dev\Picoripi\venv\Lib\site-packages\_pytest\config\__init__.py", line 199, in main
    ret: ExitCode | int = config.hook.pytest_cmdline_main(config=config)
  File "D:\git\dev\Picoripi\venv\Lib\site-packages\pluggy\_hooks.py", line 512, in __call__
    return self._hookexec(self.name, self._hookimpls.copy(), kwargs, firstresult)
  File "D:\git\dev\Picoripi\venv\Lib\site-packages\pluggy\_manager.py", line 120, in _hookexec
    return self._inner_hookexec(hook_name, methods, kwargs, firstresult)
  File "D:\git\dev\Picoripi\venv\Lib\site-packages\pluggy\_callers.py", line 121, in _multicall
    res = hook_impl.function(*args)
  File "D:\git\dev\Picoripi\venv\Lib\site-packages\_pytest\main.py", line 365, in pytest_cmdline_main
    return wrap_session(config, _main)
  File "D:\git\dev\Picoripi\venv\Lib\site-packages\_pytest\main.py", line 318, in wrap_session
    session.exitstatus = doit(config, session) or 0
  File "D:\git\dev\Picoripi\venv\Lib\site-packages\_pytest\main.py", line 372, in _main
    config.hook.pytest_runtestloop(session=session)
  File "D:\git\dev\Picoripi\venv\Lib\site-packages\pluggy\_hooks.py", line 512, in __call__
    return self._hookexec(self.name, self._hookimpls.copy(), kwargs, firstresult)
  File "D:\git\dev\Picoripi\venv\Lib\site-packages\pluggy\_manager.py", line 120, in _hookexec
    return self._inner_hookexec(hook_name, methods, kwargs, firstresult)
  File "D:\git\dev\Picoripi\venv\Lib\site-packages\pluggy\_callers.py", line 121, in _multicall
    res = hook_impl.function(*args)
  File "D:\git\dev\Picoripi\venv\Lib\site-packages\_pytest\main.py", line 396, in pytest_runtestloop
    item.config.hook.pytest_runtest_protocol(item=item, nextitem=nextitem)
  File "D:\git\dev\Picoripi\venv\Lib\site-packages\pluggy\_hooks.py", line 512, in __call__
    return self._hookexec(self.name, self._hookimpls.copy(), kwargs, firstresult)
  File "D:\git\dev\Picoripi\venv\Lib\site-packages\pluggy\_manager.py", line 120, in _hookexec
    return self._inner_hookexec(hook_name, methods, kwargs, firstresult)
  File "D:\git\dev\Picoripi\venv\Lib\site-packages\pluggy\_callers.py", line 121, in _multicall
    res = hook_impl.function(*args)
  File "D:\git\dev\Picoripi\venv\Lib\site-packages\_pytest\runner.py", line 118, in pytest_runtest_protocol
    runtestprotocol(item, nextitem=nextitem)
  File "D:\git\dev\Picoripi\venv\Lib\site-packages\_pytest\runner.py", line 137, in runtestprotocol
    reports.append(call_and_report(item, "call", log))
  File "D:\git\dev\Picoripi\venv\Lib\site-packages\_pytest\runner.py", line 244, in call_and_report
    call = CallInfo.from_call(
  File "D:\git\dev\Picoripi\venv\Lib\site-packages\_pytest\runner.py", line 353, in from_call
    result: TResult | None = func()
  File "D:\git\dev\Picoripi\venv\Lib\site-packages\_pytest\runner.py", line 245, in <lambda>
    lambda: runtest_hook(item=item, **kwds),
  File "D:\git\dev\Picoripi\venv\Lib\site-packages\pluggy\_hooks.py", line 512, in __call__
    return self._hookexec(self.name, self._hookimpls.copy(), kwargs, firstresult)
  File "D:\git\dev\Picoripi\venv\Lib\site-packages\pluggy\_manager.py", line 120, in _hookexec
    return self._inner_hookexec(hook_name, methods, kwargs, firstresult)
  File "D:\git\dev\Picoripi\venv\Lib\site-packages\pluggy\_callers.py", line 121, in _multicall
    res = hook_impl.function(*args)
  File "D:\git\dev\Picoripi\venv\Lib\site-packages\_pytest\runner.py", line 179, in pytest_runtest_call
    item.runtest()
  File "D:\git\dev\Picoripi\venv\Lib\site-packages\_pytest\python.py", line 1720, in runtest
    self.ihook.pytest_pyfunc_call(pyfuncitem=self)
  File "D:\git\dev\Picoripi\venv\Lib\site-packages\pluggy\_hooks.py", line 512, in __call__
    return self._hookexec(self.name, self._hookimpls.copy(), kwargs, firstresult)
  File "D:\git\dev\Picoripi\venv\Lib\site-packages\pluggy\_manager.py", line 120, in _hookexec
    return self._inner_hookexec(hook_name, methods, kwargs, firstresult)
  File "D:\git\dev\Picoripi\venv\Lib\site-packages\pluggy\_callers.py", line 121, in _multicall
    res = hook_impl.function(*args)
  File "D:\git\dev\Picoripi\venv\Lib\site-packages\_pytest\python.py", line 166, in pytest_pyfunc_call
    result = testfunction(**testargs)
  File "D:\git\dev\Picoripi\tests\test_handlers\test_list_selection_handler.py", line 126, in test_ListSelectionHandler_handle_block_item_text_changed
    handler.handle_block_item_text_changed(mock_item, 0)
  File "D:\git\dev\Picoripi\handlers\list_selection_handler.py", line 334, in handle_block_item_text_changed
    log_debug(f"Block {block_index_from_data} renamed to '{new_text}'")
  File "D:\git\dev\Picoripi\utils\logging_utils.py", line 134, in log_debug
    _log_message(logging.DEBUG, message, category)
  File "D:\git\dev\Picoripi\utils\logging_utils.py", line 122, in _log_message
    adapter.debug(message)
Message: "Block 0 renamed to 'NewName'"
Arguments: ()
2026-03-21 19:23:24,700 - DEBUG - [GENERAL] logging_utils - _log_message - Block 0 renamed to 'NewName'
tests/test_handlers/test_list_selection_handler.py::test_ListSelectionHandler_handle_block_item_text_changed PASSED
tests/test_handlers/test_list_selection_handler.py::test_ListSelectionHandler_data_string_has_any_problem PASSED
--- Logging error ---
Traceback (most recent call last):
  File "C:\Program Files\Python314\Lib\logging\handlers.py", line 80, in emit
    self.doRollover()
    ~~~~~~~~~~~~~~~^^
  File "C:\Program Files\Python314\Lib\logging\handlers.py", line 185, in doRollover
    self.rotate(self.baseFilename, dfn)
    ~~~~~~~~~~~^^^^^^^^^^^^^^^^^^^^^^^^
  File "C:\Program Files\Python314\Lib\logging\handlers.py", line 121, in rotate
    os.rename(source, dest)
    ~~~~~~~~~^^^^^^^^^^^^^^
PermissionError: [WinError 32] The process cannot access the file because it is being used by another process: 'D:\\git\\dev\\Picoripi\\app_debug.txt' -> 'D:\\
git\\dev\\Picoripi\\app_debug.txt.1'
Call stack:
  File "<frozen runpy>", line 198, in _run_module_as_main
  File "<frozen runpy>", line 88, in _run_code
  File "D:\git\dev\Picoripi\venv\Lib\site-packages\pytest\__main__.py", line 9, in <module>
    raise SystemExit(pytest.console_main())
  File "D:\git\dev\Picoripi\venv\Lib\site-packages\_pytest\config\__init__.py", line 223, in console_main
    code = main()
  File "D:\git\dev\Picoripi\venv\Lib\site-packages\_pytest\config\__init__.py", line 199, in main
    ret: ExitCode | int = config.hook.pytest_cmdline_main(config=config)
  File "D:\git\dev\Picoripi\venv\Lib\site-packages\pluggy\_hooks.py", line 512, in __call__
    return self._hookexec(self.name, self._hookimpls.copy(), kwargs, firstresult)
  File "D:\git\dev\Picoripi\venv\Lib\site-packages\pluggy\_manager.py", line 120, in _hookexec
    return self._inner_hookexec(hook_name, methods, kwargs, firstresult)
  File "D:\git\dev\Picoripi\venv\Lib\site-packages\pluggy\_callers.py", line 121, in _multicall
    res = hook_impl.function(*args)
  File "D:\git\dev\Picoripi\venv\Lib\site-packages\_pytest\main.py", line 365, in pytest_cmdline_main
    return wrap_session(config, _main)
  File "D:\git\dev\Picoripi\venv\Lib\site-packages\_pytest\main.py", line 318, in wrap_session
    session.exitstatus = doit(config, session) or 0
  File "D:\git\dev\Picoripi\venv\Lib\site-packages\_pytest\main.py", line 372, in _main
    config.hook.pytest_runtestloop(session=session)
  File "D:\git\dev\Picoripi\venv\Lib\site-packages\pluggy\_hooks.py", line 512, in __call__
    return self._hookexec(self.name, self._hookimpls.copy(), kwargs, firstresult)
  File "D:\git\dev\Picoripi\venv\Lib\site-packages\pluggy\_manager.py", line 120, in _hookexec
    return self._inner_hookexec(hook_name, methods, kwargs, firstresult)
  File "D:\git\dev\Picoripi\venv\Lib\site-packages\pluggy\_callers.py", line 121, in _multicall
    res = hook_impl.function(*args)
  File "D:\git\dev\Picoripi\venv\Lib\site-packages\_pytest\main.py", line 396, in pytest_runtestloop
    item.config.hook.pytest_runtest_protocol(item=item, nextitem=nextitem)
  File "D:\git\dev\Picoripi\venv\Lib\site-packages\pluggy\_hooks.py", line 512, in __call__
    return self._hookexec(self.name, self._hookimpls.copy(), kwargs, firstresult)
  File "D:\git\dev\Picoripi\venv\Lib\site-packages\pluggy\_manager.py", line 120, in _hookexec
    return self._inner_hookexec(hook_name, methods, kwargs, firstresult)
  File "D:\git\dev\Picoripi\venv\Lib\site-packages\pluggy\_callers.py", line 121, in _multicall
    res = hook_impl.function(*args)
  File "D:\git\dev\Picoripi\venv\Lib\site-packages\_pytest\runner.py", line 118, in pytest_runtest_protocol
    runtestprotocol(item, nextitem=nextitem)
  File "D:\git\dev\Picoripi\venv\Lib\site-packages\_pytest\runner.py", line 137, in runtestprotocol
    reports.append(call_and_report(item, "call", log))
  File "D:\git\dev\Picoripi\venv\Lib\site-packages\_pytest\runner.py", line 244, in call_and_report
    call = CallInfo.from_call(
  File "D:\git\dev\Picoripi\venv\Lib\site-packages\_pytest\runner.py", line 353, in from_call
    result: TResult | None = func()
  File "D:\git\dev\Picoripi\venv\Lib\site-packages\_pytest\runner.py", line 245, in <lambda>
    lambda: runtest_hook(item=item, **kwds),
  File "D:\git\dev\Picoripi\venv\Lib\site-packages\pluggy\_hooks.py", line 512, in __call__
    return self._hookexec(self.name, self._hookimpls.copy(), kwargs, firstresult)
  File "D:\git\dev\Picoripi\venv\Lib\site-packages\pluggy\_manager.py", line 120, in _hookexec
    return self._inner_hookexec(hook_name, methods, kwargs, firstresult)
  File "D:\git\dev\Picoripi\venv\Lib\site-packages\pluggy\_callers.py", line 121, in _multicall
    res = hook_impl.function(*args)
  File "D:\git\dev\Picoripi\venv\Lib\site-packages\_pytest\runner.py", line 179, in pytest_runtest_call
    item.runtest()
  File "D:\git\dev\Picoripi\venv\Lib\site-packages\_pytest\python.py", line 1720, in runtest
    self.ihook.pytest_pyfunc_call(pyfuncitem=self)
  File "D:\git\dev\Picoripi\venv\Lib\site-packages\pluggy\_hooks.py", line 512, in __call__
    return self._hookexec(self.name, self._hookimpls.copy(), kwargs, firstresult)
  File "D:\git\dev\Picoripi\venv\Lib\site-packages\pluggy\_manager.py", line 120, in _hookexec
    return self._inner_hookexec(hook_name, methods, kwargs, firstresult)
  File "D:\git\dev\Picoripi\venv\Lib\site-packages\pluggy\_callers.py", line 121, in _multicall
    res = hook_impl.function(*args)
  File "D:\git\dev\Picoripi\venv\Lib\site-packages\_pytest\python.py", line 166, in pytest_pyfunc_call
    result = testfunction(**testargs)
  File "D:\git\dev\Picoripi\tests\test_handlers\test_list_selection_handler.py", line 144, in test_ListSelectionHandler_navigate_to_problem_string
    handler.navigate_to_problem_string(True)
  File "D:\git\dev\Picoripi\handlers\list_selection_handler.py", line 437, in navigate_to_problem_string
    log_debug(f"[NAV] Start navigation. Direction down: {direction_down}, current_string_idx: {start_scan_idx}")
  File "D:\git\dev\Picoripi\utils\logging_utils.py", line 134, in log_debug
    _log_message(logging.DEBUG, message, category)
  File "D:\git\dev\Picoripi\utils\logging_utils.py", line 122, in _log_message
    adapter.debug(message)
Message: '[NAV] Start navigation. Direction down: True, current_string_idx: -1'
Arguments: ()
2026-03-21 19:23:24,732 - DEBUG - [GENERAL] logging_utils - _log_message - [NAV] Start navigation. Direction down: True, current_string_idx: -1
--- Logging error ---
Traceback (most recent call last):
  File "C:\Program Files\Python314\Lib\logging\handlers.py", line 80, in emit
    self.doRollover()
    ~~~~~~~~~~~~~~~^^
  File "C:\Program Files\Python314\Lib\logging\handlers.py", line 185, in doRollover
    self.rotate(self.baseFilename, dfn)
    ~~~~~~~~~~~^^^^^^^^^^^^^^^^^^^^^^^^
  File "C:\Program Files\Python314\Lib\logging\handlers.py", line 121, in rotate
    os.rename(source, dest)
    ~~~~~~~~~^^^^^^^^^^^^^^
PermissionError: [WinError 32] The process cannot access the file because it is being used by another process: 'D:\\git\\dev\\Picoripi\\app_debug.txt' -> 'D:\\
git\\dev\\Picoripi\\app_debug.txt.1'
Call stack:
  File "<frozen runpy>", line 198, in _run_module_as_main
  File "<frozen runpy>", line 88, in _run_code
  File "D:\git\dev\Picoripi\venv\Lib\site-packages\pytest\__main__.py", line 9, in <module>
    raise SystemExit(pytest.console_main())
  File "D:\git\dev\Picoripi\venv\Lib\site-packages\_pytest\config\__init__.py", line 223, in console_main
    code = main()
  File "D:\git\dev\Picoripi\venv\Lib\site-packages\_pytest\config\__init__.py", line 199, in main
    ret: ExitCode | int = config.hook.pytest_cmdline_main(config=config)
  File "D:\git\dev\Picoripi\venv\Lib\site-packages\pluggy\_hooks.py", line 512, in __call__
    return self._hookexec(self.name, self._hookimpls.copy(), kwargs, firstresult)
  File "D:\git\dev\Picoripi\venv\Lib\site-packages\pluggy\_manager.py", line 120, in _hookexec
    return self._inner_hookexec(hook_name, methods, kwargs, firstresult)
  File "D:\git\dev\Picoripi\venv\Lib\site-packages\pluggy\_callers.py", line 121, in _multicall
    res = hook_impl.function(*args)
  File "D:\git\dev\Picoripi\venv\Lib\site-packages\_pytest\main.py", line 365, in pytest_cmdline_main
    return wrap_session(config, _main)
  File "D:\git\dev\Picoripi\venv\Lib\site-packages\_pytest\main.py", line 318, in wrap_session
    session.exitstatus = doit(config, session) or 0
  File "D:\git\dev\Picoripi\venv\Lib\site-packages\_pytest\main.py", line 372, in _main
    config.hook.pytest_runtestloop(session=session)
  File "D:\git\dev\Picoripi\venv\Lib\site-packages\pluggy\_hooks.py", line 512, in __call__
    return self._hookexec(self.name, self._hookimpls.copy(), kwargs, firstresult)
  File "D:\git\dev\Picoripi\venv\Lib\site-packages\pluggy\_manager.py", line 120, in _hookexec
    return self._inner_hookexec(hook_name, methods, kwargs, firstresult)
  File "D:\git\dev\Picoripi\venv\Lib\site-packages\pluggy\_callers.py", line 121, in _multicall
    res = hook_impl.function(*args)
  File "D:\git\dev\Picoripi\venv\Lib\site-packages\_pytest\main.py", line 396, in pytest_runtestloop
    item.config.hook.pytest_runtest_protocol(item=item, nextitem=nextitem)
  File "D:\git\dev\Picoripi\venv\Lib\site-packages\pluggy\_hooks.py", line 512, in __call__
    return self._hookexec(self.name, self._hookimpls.copy(), kwargs, firstresult)
  File "D:\git\dev\Picoripi\venv\Lib\site-packages\pluggy\_manager.py", line 120, in _hookexec
    return self._inner_hookexec(hook_name, methods, kwargs, firstresult)
  File "D:\git\dev\Picoripi\venv\Lib\site-packages\pluggy\_callers.py", line 121, in _multicall
    res = hook_impl.function(*args)
  File "D:\git\dev\Picoripi\venv\Lib\site-packages\_pytest\runner.py", line 118, in pytest_runtest_protocol
    runtestprotocol(item, nextitem=nextitem)
  File "D:\git\dev\Picoripi\venv\Lib\site-packages\_pytest\runner.py", line 137, in runtestprotocol
    reports.append(call_and_report(item, "call", log))
  File "D:\git\dev\Picoripi\venv\Lib\site-packages\_pytest\runner.py", line 244, in call_and_report
    call = CallInfo.from_call(
  File "D:\git\dev\Picoripi\venv\Lib\site-packages\_pytest\runner.py", line 353, in from_call
    result: TResult | None = func()
  File "D:\git\dev\Picoripi\venv\Lib\site-packages\_pytest\runner.py", line 245, in <lambda>
    lambda: runtest_hook(item=item, **kwds),
  File "D:\git\dev\Picoripi\venv\Lib\site-packages\pluggy\_hooks.py", line 512, in __call__
    return self._hookexec(self.name, self._hookimpls.copy(), kwargs, firstresult)
  File "D:\git\dev\Picoripi\venv\Lib\site-packages\pluggy\_manager.py", line 120, in _hookexec
    return self._inner_hookexec(hook_name, methods, kwargs, firstresult)
  File "D:\git\dev\Picoripi\venv\Lib\site-packages\pluggy\_callers.py", line 121, in _multicall
    res = hook_impl.function(*args)
  File "D:\git\dev\Picoripi\venv\Lib\site-packages\_pytest\runner.py", line 179, in pytest_runtest_call
    item.runtest()
  File "D:\git\dev\Picoripi\venv\Lib\site-packages\_pytest\python.py", line 1720, in runtest
    self.ihook.pytest_pyfunc_call(pyfuncitem=self)
  File "D:\git\dev\Picoripi\venv\Lib\site-packages\pluggy\_hooks.py", line 512, in __call__
    return self._hookexec(self.name, self._hookimpls.copy(), kwargs, firstresult)
  File "D:\git\dev\Picoripi\venv\Lib\site-packages\pluggy\_manager.py", line 120, in _hookexec
    return self._inner_hookexec(hook_name, methods, kwargs, firstresult)
  File "D:\git\dev\Picoripi\venv\Lib\site-packages\pluggy\_callers.py", line 121, in _multicall
    res = hook_impl.function(*args)
  File "D:\git\dev\Picoripi\venv\Lib\site-packages\_pytest\python.py", line 166, in pytest_pyfunc_call
    result = testfunction(**testargs)
  File "D:\git\dev\Picoripi\tests\test_handlers\test_list_selection_handler.py", line 144, in test_ListSelectionHandler_navigate_to_problem_string
    handler.navigate_to_problem_string(True)
  File "D:\git\dev\Picoripi\handlers\list_selection_handler.py", line 472, in navigate_to_problem_string
    log_debug(f"[NAV] Found target string at index: {found_target_s_idx}")
  File "D:\git\dev\Picoripi\utils\logging_utils.py", line 134, in log_debug
    _log_message(logging.DEBUG, message, category)
  File "D:\git\dev\Picoripi\utils\logging_utils.py", line 122, in _log_message
    adapter.debug(message)
Message: '[NAV] Found target string at index: 1'
Arguments: ()
2026-03-21 19:23:24,733 - DEBUG - [GENERAL] logging_utils - _log_message - [NAV] Found target string at index: 1
tests/test_handlers/test_list_selection_handler.py::test_ListSelectionHandler_navigate_to_problem_string PASSED
tests/test_handlers/test_list_selection_handler.py::test_ListSelectionHandler_handle_preview_selection_changed PASSED
--- Logging error ---
Traceback (most recent call last):
  File "C:\Program Files\Python314\Lib\logging\handlers.py", line 80, in emit
    self.doRollover()
    ~~~~~~~~~~~~~~~^^
  File "C:\Program Files\Python314\Lib\logging\handlers.py", line 185, in doRollover
    self.rotate(self.baseFilename, dfn)
    ~~~~~~~~~~~^^^^^^^^^^^^^^^^^^^^^^^^
  File "C:\Program Files\Python314\Lib\logging\handlers.py", line 121, in rotate
    os.rename(source, dest)
    ~~~~~~~~~^^^^^^^^^^^^^^
PermissionError: [WinError 32] The process cannot access the file because it is being used by another process: 'D:\\git\\dev\\Picoripi\\app_debug.txt' -> 'D:\\
git\\dev\\Picoripi\\app_debug.txt.1'
Call stack:
  File "<frozen runpy>", line 198, in _run_module_as_main
  File "<frozen runpy>", line 88, in _run_code
  File "D:\git\dev\Picoripi\venv\Lib\site-packages\pytest\__main__.py", line 9, in <module>
    raise SystemExit(pytest.console_main())
  File "D:\git\dev\Picoripi\venv\Lib\site-packages\_pytest\config\__init__.py", line 223, in console_main
    code = main()
  File "D:\git\dev\Picoripi\venv\Lib\site-packages\_pytest\config\__init__.py", line 199, in main
    ret: ExitCode | int = config.hook.pytest_cmdline_main(config=config)
  File "D:\git\dev\Picoripi\venv\Lib\site-packages\pluggy\_hooks.py", line 512, in __call__
    return self._hookexec(self.name, self._hookimpls.copy(), kwargs, firstresult)
  File "D:\git\dev\Picoripi\venv\Lib\site-packages\pluggy\_manager.py", line 120, in _hookexec
    return self._inner_hookexec(hook_name, methods, kwargs, firstresult)
  File "D:\git\dev\Picoripi\venv\Lib\site-packages\pluggy\_callers.py", line 121, in _multicall
    res = hook_impl.function(*args)
  File "D:\git\dev\Picoripi\venv\Lib\site-packages\_pytest\main.py", line 365, in pytest_cmdline_main
    return wrap_session(config, _main)
  File "D:\git\dev\Picoripi\venv\Lib\site-packages\_pytest\main.py", line 318, in wrap_session
    session.exitstatus = doit(config, session) or 0
  File "D:\git\dev\Picoripi\venv\Lib\site-packages\_pytest\main.py", line 372, in _main
    config.hook.pytest_runtestloop(session=session)
  File "D:\git\dev\Picoripi\venv\Lib\site-packages\pluggy\_hooks.py", line 512, in __call__
    return self._hookexec(self.name, self._hookimpls.copy(), kwargs, firstresult)
  File "D:\git\dev\Picoripi\venv\Lib\site-packages\pluggy\_manager.py", line 120, in _hookexec
    return self._inner_hookexec(hook_name, methods, kwargs, firstresult)
  File "D:\git\dev\Picoripi\venv\Lib\site-packages\pluggy\_callers.py", line 121, in _multicall
    res = hook_impl.function(*args)
  File "D:\git\dev\Picoripi\venv\Lib\site-packages\_pytest\main.py", line 396, in pytest_runtestloop
    item.config.hook.pytest_runtest_protocol(item=item, nextitem=nextitem)
  File "D:\git\dev\Picoripi\venv\Lib\site-packages\pluggy\_hooks.py", line 512, in __call__
    return self._hookexec(self.name, self._hookimpls.copy(), kwargs, firstresult)
  File "D:\git\dev\Picoripi\venv\Lib\site-packages\pluggy\_manager.py", line 120, in _hookexec
    return self._inner_hookexec(hook_name, methods, kwargs, firstresult)
  File "D:\git\dev\Picoripi\venv\Lib\site-packages\pluggy\_callers.py", line 121, in _multicall
    res = hook_impl.function(*args)
  File "D:\git\dev\Picoripi\venv\Lib\site-packages\_pytest\runner.py", line 118, in pytest_runtest_protocol
    runtestprotocol(item, nextitem=nextitem)
  File "D:\git\dev\Picoripi\venv\Lib\site-packages\_pytest\runner.py", line 137, in runtestprotocol
    reports.append(call_and_report(item, "call", log))
  File "D:\git\dev\Picoripi\venv\Lib\site-packages\_pytest\runner.py", line 244, in call_and_report
    call = CallInfo.from_call(
  File "D:\git\dev\Picoripi\venv\Lib\site-packages\_pytest\runner.py", line 353, in from_call
    result: TResult | None = func()
  File "D:\git\dev\Picoripi\venv\Lib\site-packages\_pytest\runner.py", line 245, in <lambda>
    lambda: runtest_hook(item=item, **kwds),
  File "D:\git\dev\Picoripi\venv\Lib\site-packages\pluggy\_hooks.py", line 512, in __call__
    return self._hookexec(self.name, self._hookimpls.copy(), kwargs, firstresult)
  File "D:\git\dev\Picoripi\venv\Lib\site-packages\pluggy\_manager.py", line 120, in _hookexec
    return self._inner_hookexec(hook_name, methods, kwargs, firstresult)
  File "D:\git\dev\Picoripi\venv\Lib\site-packages\pluggy\_callers.py", line 121, in _multicall
    res = hook_impl.function(*args)
  File "D:\git\dev\Picoripi\venv\Lib\site-packages\_pytest\runner.py", line 179, in pytest_runtest_call
    item.runtest()
  File "D:\git\dev\Picoripi\venv\Lib\site-packages\_pytest\python.py", line 1720, in runtest
    self.ihook.pytest_pyfunc_call(pyfuncitem=self)
  File "D:\git\dev\Picoripi\venv\Lib\site-packages\pluggy\_hooks.py", line 512, in __call__
    return self._hookexec(self.name, self._hookimpls.copy(), kwargs, firstresult)
  File "D:\git\dev\Picoripi\venv\Lib\site-packages\pluggy\_manager.py", line 120, in _hookexec
    return self._inner_hookexec(hook_name, methods, kwargs, firstresult)
  File "D:\git\dev\Picoripi\venv\Lib\site-packages\pluggy\_callers.py", line 121, in _multicall
    res = hook_impl.function(*args)
  File "D:\git\dev\Picoripi\venv\Lib\site-packages\_pytest\python.py", line 166, in pytest_pyfunc_call
    result = testfunction(**testargs)
  File "C:\Program Files\Python314\Lib\unittest\mock.py", line 1432, in patched
    return func(*newargs, **newkeywargs)
  File "D:\git\dev\Picoripi\tests\test_handlers\test_list_selection_handler.py", line 162, in test_ListSelectionHandler_move_selection_to_category
    handler.move_selection_to_category()
  File "D:\git\dev\Picoripi\handlers\list_selection_handler.py", line 577, in move_selection_to_category
    log_debug(f"Moved {len(selected_indices)} strings to Category '{name}' in Block {proj_b_idx}")
  File "D:\git\dev\Picoripi\utils\logging_utils.py", line 134, in log_debug
    _log_message(logging.DEBUG, message, category)
  File "D:\git\dev\Picoripi\utils\logging_utils.py", line 122, in _log_message
    adapter.debug(message)
Message: "Moved 1 strings to Category 'NewCat' in Block 0"
Arguments: ()
2026-03-21 19:23:24,774 - DEBUG - [GENERAL] logging_utils - _log_message - Moved 1 strings to Category 'NewCat' in Block 0
tests/test_handlers/test_list_selection_handler.py::test_ListSelectionHandler_move_selection_to_category PASSED
tests/test_handlers/test_list_selection_handler.py::test_ListSelectionHandler_rename_category PASSED
tests/test_handlers/test_list_selection_handler.py::test_ListSelectionHandler_delete_category PASSED
tests/test_handlers/test_list_selection_handler.py::test_ListSelectionHandler_toggles PASSED
tests/test_text_operation_handler.py::test_text_edited_basic PASSED
tests/test_text_operation_handler.py::test_revert_line PASSED
tests/test_handlers/test_issue_scan_handler.py::test_IssueScanHandler_init PASSED
--- Logging error ---
Traceback (most recent call last):
  File "C:\Program Files\Python314\Lib\logging\handlers.py", line 80, in emit
    self.doRollover()
    ~~~~~~~~~~~~~~~^^
  File "C:\Program Files\Python314\Lib\logging\handlers.py", line 185, in doRollover
    self.rotate(self.baseFilename, dfn)
    ~~~~~~~~~~~^^^^^^^^^^^^^^^^^^^^^^^^
  File "C:\Program Files\Python314\Lib\logging\handlers.py", line 121, in rotate
    os.rename(source, dest)
    ~~~~~~~~~^^^^^^^^^^^^^^
PermissionError: [WinError 32] The process cannot access the file because it is being used by another process: 'D:\\git\\dev\\Picoripi\\app_debug.txt' -> 'D:\\
git\\dev\\Picoripi\\app_debug.txt.1'
Call stack:
  File "<frozen runpy>", line 198, in _run_module_as_main
  File "<frozen runpy>", line 88, in _run_code
  File "D:\git\dev\Picoripi\venv\Lib\site-packages\pytest\__main__.py", line 9, in <module>
    raise SystemExit(pytest.console_main())
  File "D:\git\dev\Picoripi\venv\Lib\site-packages\_pytest\config\__init__.py", line 223, in console_main
    code = main()
  File "D:\git\dev\Picoripi\venv\Lib\site-packages\_pytest\config\__init__.py", line 199, in main
    ret: ExitCode | int = config.hook.pytest_cmdline_main(config=config)
  File "D:\git\dev\Picoripi\venv\Lib\site-packages\pluggy\_hooks.py", line 512, in __call__
    return self._hookexec(self.name, self._hookimpls.copy(), kwargs, firstresult)
  File "D:\git\dev\Picoripi\venv\Lib\site-packages\pluggy\_manager.py", line 120, in _hookexec
    return self._inner_hookexec(hook_name, methods, kwargs, firstresult)
  File "D:\git\dev\Picoripi\venv\Lib\site-packages\pluggy\_callers.py", line 121, in _multicall
    res = hook_impl.function(*args)
  File "D:\git\dev\Picoripi\venv\Lib\site-packages\_pytest\main.py", line 365, in pytest_cmdline_main
    return wrap_session(config, _main)
  File "D:\git\dev\Picoripi\venv\Lib\site-packages\_pytest\main.py", line 318, in wrap_session
    session.exitstatus = doit(config, session) or 0
  File "D:\git\dev\Picoripi\venv\Lib\site-packages\_pytest\main.py", line 372, in _main
    config.hook.pytest_runtestloop(session=session)
  File "D:\git\dev\Picoripi\venv\Lib\site-packages\pluggy\_hooks.py", line 512, in __call__
    return self._hookexec(self.name, self._hookimpls.copy(), kwargs, firstresult)
  File "D:\git\dev\Picoripi\venv\Lib\site-packages\pluggy\_manager.py", line 120, in _hookexec
    return self._inner_hookexec(hook_name, methods, kwargs, firstresult)
  File "D:\git\dev\Picoripi\venv\Lib\site-packages\pluggy\_callers.py", line 121, in _multicall
    res = hook_impl.function(*args)
  File "D:\git\dev\Picoripi\venv\Lib\site-packages\_pytest\main.py", line 396, in pytest_runtestloop
    item.config.hook.pytest_runtest_protocol(item=item, nextitem=nextitem)
  File "D:\git\dev\Picoripi\venv\Lib\site-packages\pluggy\_hooks.py", line 512, in __call__
    return self._hookexec(self.name, self._hookimpls.copy(), kwargs, firstresult)
  File "D:\git\dev\Picoripi\venv\Lib\site-packages\pluggy\_manager.py", line 120, in _hookexec
    return self._inner_hookexec(hook_name, methods, kwargs, firstresult)
  File "D:\git\dev\Picoripi\venv\Lib\site-packages\pluggy\_callers.py", line 121, in _multicall
    res = hook_impl.function(*args)
  File "D:\git\dev\Picoripi\venv\Lib\site-packages\_pytest\runner.py", line 118, in pytest_runtest_protocol
    runtestprotocol(item, nextitem=nextitem)
  File "D:\git\dev\Picoripi\venv\Lib\site-packages\_pytest\runner.py", line 137, in runtestprotocol
    reports.append(call_and_report(item, "call", log))
  File "D:\git\dev\Picoripi\venv\Lib\site-packages\_pytest\runner.py", line 244, in call_and_report
    call = CallInfo.from_call(
  File "D:\git\dev\Picoripi\venv\Lib\site-packages\_pytest\runner.py", line 353, in from_call
    result: TResult | None = func()
  File "D:\git\dev\Picoripi\venv\Lib\site-packages\_pytest\runner.py", line 245, in <lambda>
    lambda: runtest_hook(item=item, **kwds),
  File "D:\git\dev\Picoripi\venv\Lib\site-packages\pluggy\_hooks.py", line 512, in __call__
    return self._hookexec(self.name, self._hookimpls.copy(), kwargs, firstresult)
  File "D:\git\dev\Picoripi\venv\Lib\site-packages\pluggy\_manager.py", line 120, in _hookexec
    return self._inner_hookexec(hook_name, methods, kwargs, firstresult)
  File "D:\git\dev\Picoripi\venv\Lib\site-packages\pluggy\_callers.py", line 121, in _multicall
    res = hook_impl.function(*args)
  File "D:\git\dev\Picoripi\venv\Lib\site-packages\_pytest\runner.py", line 179, in pytest_runtest_call
    item.runtest()
  File "D:\git\dev\Picoripi\venv\Lib\site-packages\_pytest\python.py", line 1720, in runtest
    self.ihook.pytest_pyfunc_call(pyfuncitem=self)
  File "D:\git\dev\Picoripi\venv\Lib\site-packages\pluggy\_hooks.py", line 512, in __call__
    return self._hookexec(self.name, self._hookimpls.copy(), kwargs, firstresult)
  File "D:\git\dev\Picoripi\venv\Lib\site-packages\pluggy\_manager.py", line 120, in _hookexec
    return self._inner_hookexec(hook_name, methods, kwargs, firstresult)
  File "D:\git\dev\Picoripi\venv\Lib\site-packages\pluggy\_callers.py", line 121, in _multicall
    res = hook_impl.function(*args)
  File "D:\git\dev\Picoripi\venv\Lib\site-packages\_pytest\python.py", line 166, in pytest_pyfunc_call
    result = testfunction(**testargs)
  File "D:\git\dev\Picoripi\tests\test_handlers\test_issue_scan_handler.py", line 30, in test_IssueScanHandler_perform_issues_scan_for_block
    handler._perform_issues_scan_for_block(0)
  File "D:\git\dev\Picoripi\handlers\issue_scan_handler.py", line 15, in _perform_issues_scan_for_block
    log_debug(f"Scanning block {block_idx} for issues...")
  File "D:\git\dev\Picoripi\utils\logging_utils.py", line 134, in log_debug
    _log_message(logging.DEBUG, message, category)
  File "D:\git\dev\Picoripi\utils\logging_utils.py", line 122, in _log_message
    adapter.debug(message)
Message: 'Scanning block 0 for issues...'
Arguments: ()
2026-03-21 19:23:24,871 - DEBUG - [GENERAL] logging_utils - _log_message - Scanning block 0 for issues...
--- Logging error ---
Traceback (most recent call last):
  File "C:\Program Files\Python314\Lib\logging\handlers.py", line 80, in emit
    self.doRollover()
    ~~~~~~~~~~~~~~~^^
  File "C:\Program Files\Python314\Lib\logging\handlers.py", line 185, in doRollover
    self.rotate(self.baseFilename, dfn)
    ~~~~~~~~~~~^^^^^^^^^^^^^^^^^^^^^^^^
  File "C:\Program Files\Python314\Lib\logging\handlers.py", line 121, in rotate
    os.rename(source, dest)
    ~~~~~~~~~^^^^^^^^^^^^^^
PermissionError: [WinError 32] The process cannot access the file because it is being used by another process: 'D:\\git\\dev\\Picoripi\\app_debug.txt' -> 'D:\\
git\\dev\\Picoripi\\app_debug.txt.1'
Call stack:
  File "<frozen runpy>", line 198, in _run_module_as_main
  File "<frozen runpy>", line 88, in _run_code
  File "D:\git\dev\Picoripi\venv\Lib\site-packages\pytest\__main__.py", line 9, in <module>
    raise SystemExit(pytest.console_main())
  File "D:\git\dev\Picoripi\venv\Lib\site-packages\_pytest\config\__init__.py", line 223, in console_main
    code = main()
  File "D:\git\dev\Picoripi\venv\Lib\site-packages\_pytest\config\__init__.py", line 199, in main
    ret: ExitCode | int = config.hook.pytest_cmdline_main(config=config)
  File "D:\git\dev\Picoripi\venv\Lib\site-packages\pluggy\_hooks.py", line 512, in __call__
    return self._hookexec(self.name, self._hookimpls.copy(), kwargs, firstresult)
  File "D:\git\dev\Picoripi\venv\Lib\site-packages\pluggy\_manager.py", line 120, in _hookexec
    return self._inner_hookexec(hook_name, methods, kwargs, firstresult)
  File "D:\git\dev\Picoripi\venv\Lib\site-packages\pluggy\_callers.py", line 121, in _multicall
    res = hook_impl.function(*args)
  File "D:\git\dev\Picoripi\venv\Lib\site-packages\_pytest\main.py", line 365, in pytest_cmdline_main
    return wrap_session(config, _main)
  File "D:\git\dev\Picoripi\venv\Lib\site-packages\_pytest\main.py", line 318, in wrap_session
    session.exitstatus = doit(config, session) or 0
  File "D:\git\dev\Picoripi\venv\Lib\site-packages\_pytest\main.py", line 372, in _main
    config.hook.pytest_runtestloop(session=session)
  File "D:\git\dev\Picoripi\venv\Lib\site-packages\pluggy\_hooks.py", line 512, in __call__
    return self._hookexec(self.name, self._hookimpls.copy(), kwargs, firstresult)
  File "D:\git\dev\Picoripi\venv\Lib\site-packages\pluggy\_manager.py", line 120, in _hookexec
    return self._inner_hookexec(hook_name, methods, kwargs, firstresult)
  File "D:\git\dev\Picoripi\venv\Lib\site-packages\pluggy\_callers.py", line 121, in _multicall
    res = hook_impl.function(*args)
  File "D:\git\dev\Picoripi\venv\Lib\site-packages\_pytest\main.py", line 396, in pytest_runtestloop
    item.config.hook.pytest_runtest_protocol(item=item, nextitem=nextitem)
  File "D:\git\dev\Picoripi\venv\Lib\site-packages\pluggy\_hooks.py", line 512, in __call__
    return self._hookexec(self.name, self._hookimpls.copy(), kwargs, firstresult)
  File "D:\git\dev\Picoripi\venv\Lib\site-packages\pluggy\_manager.py", line 120, in _hookexec
    return self._inner_hookexec(hook_name, methods, kwargs, firstresult)
  File "D:\git\dev\Picoripi\venv\Lib\site-packages\pluggy\_callers.py", line 121, in _multicall
    res = hook_impl.function(*args)
  File "D:\git\dev\Picoripi\venv\Lib\site-packages\_pytest\runner.py", line 118, in pytest_runtest_protocol
    runtestprotocol(item, nextitem=nextitem)
  File "D:\git\dev\Picoripi\venv\Lib\site-packages\_pytest\runner.py", line 137, in runtestprotocol
    reports.append(call_and_report(item, "call", log))
  File "D:\git\dev\Picoripi\venv\Lib\site-packages\_pytest\runner.py", line 244, in call_and_report
    call = CallInfo.from_call(
  File "D:\git\dev\Picoripi\venv\Lib\site-packages\_pytest\runner.py", line 353, in from_call
    result: TResult | None = func()
  File "D:\git\dev\Picoripi\venv\Lib\site-packages\_pytest\runner.py", line 245, in <lambda>
    lambda: runtest_hook(item=item, **kwds),
  File "D:\git\dev\Picoripi\venv\Lib\site-packages\pluggy\_hooks.py", line 512, in __call__
    return self._hookexec(self.name, self._hookimpls.copy(), kwargs, firstresult)
  File "D:\git\dev\Picoripi\venv\Lib\site-packages\pluggy\_manager.py", line 120, in _hookexec
    return self._inner_hookexec(hook_name, methods, kwargs, firstresult)
  File "D:\git\dev\Picoripi\venv\Lib\site-packages\pluggy\_callers.py", line 121, in _multicall
    res = hook_impl.function(*args)
  File "D:\git\dev\Picoripi\venv\Lib\site-packages\_pytest\runner.py", line 179, in pytest_runtest_call
    item.runtest()
  File "D:\git\dev\Picoripi\venv\Lib\site-packages\_pytest\python.py", line 1720, in runtest
    self.ihook.pytest_pyfunc_call(pyfuncitem=self)
  File "D:\git\dev\Picoripi\venv\Lib\site-packages\pluggy\_hooks.py", line 512, in __call__
    return self._hookexec(self.name, self._hookimpls.copy(), kwargs, firstresult)
  File "D:\git\dev\Picoripi\venv\Lib\site-packages\pluggy\_manager.py", line 120, in _hookexec
    return self._inner_hookexec(hook_name, methods, kwargs, firstresult)
  File "D:\git\dev\Picoripi\venv\Lib\site-packages\pluggy\_callers.py", line 121, in _multicall
    res = hook_impl.function(*args)
  File "D:\git\dev\Picoripi\venv\Lib\site-packages\_pytest\python.py", line 166, in pytest_pyfunc_call
    result = testfunction(**testargs)
  File "D:\git\dev\Picoripi\tests\test_handlers\test_issue_scan_handler.py", line 30, in test_IssueScanHandler_perform_issues_scan_for_block
    handler._perform_issues_scan_for_block(0)
  File "D:\git\dev\Picoripi\handlers\issue_scan_handler.py", line 59, in _perform_issues_scan_for_block
    log_debug(f"  Found problems in block {block_idx}, string {string_idx}, subline {i}: {problem_set}")
  File "D:\git\dev\Picoripi\utils\logging_utils.py", line 134, in log_debug
    _log_message(logging.DEBUG, message, category)
  File "D:\git\dev\Picoripi\utils\logging_utils.py", line 122, in _log_message
    adapter.debug(message)
Message: "  Found problems in block 0, string 0, subline 0: {'TOO_LONG'}"
Arguments: ()
2026-03-21 19:23:24,872 - DEBUG - [GENERAL] logging_utils - _log_message -   Found problems in block 0, string 0, subline 0: {'TOO_LONG'}
tests/test_handlers/test_issue_scan_handler.py::test_IssueScanHandler_perform_issues_scan_for_block PASSED
--- Logging error ---
Traceback (most recent call last):
  File "C:\Program Files\Python314\Lib\logging\handlers.py", line 80, in emit
    self.doRollover()
    ~~~~~~~~~~~~~~~^^
  File "C:\Program Files\Python314\Lib\logging\handlers.py", line 185, in doRollover
    self.rotate(self.baseFilename, dfn)
    ~~~~~~~~~~~^^^^^^^^^^^^^^^^^^^^^^^^
  File "C:\Program Files\Python314\Lib\logging\handlers.py", line 121, in rotate
    os.rename(source, dest)
    ~~~~~~~~~^^^^^^^^^^^^^^
PermissionError: [WinError 32] The process cannot access the file because it is being used by another process: 'D:\\git\\dev\\Picoripi\\app_debug.txt' -> 'D:\\
git\\dev\\Picoripi\\app_debug.txt.1'
Call stack:
  File "<frozen runpy>", line 198, in _run_module_as_main
  File "<frozen runpy>", line 88, in _run_code
  File "D:\git\dev\Picoripi\venv\Lib\site-packages\pytest\__main__.py", line 9, in <module>
    raise SystemExit(pytest.console_main())
  File "D:\git\dev\Picoripi\venv\Lib\site-packages\_pytest\config\__init__.py", line 223, in console_main
    code = main()
  File "D:\git\dev\Picoripi\venv\Lib\site-packages\_pytest\config\__init__.py", line 199, in main
    ret: ExitCode | int = config.hook.pytest_cmdline_main(config=config)
  File "D:\git\dev\Picoripi\venv\Lib\site-packages\pluggy\_hooks.py", line 512, in __call__
    return self._hookexec(self.name, self._hookimpls.copy(), kwargs, firstresult)
  File "D:\git\dev\Picoripi\venv\Lib\site-packages\pluggy\_manager.py", line 120, in _hookexec
    return self._inner_hookexec(hook_name, methods, kwargs, firstresult)
  File "D:\git\dev\Picoripi\venv\Lib\site-packages\pluggy\_callers.py", line 121, in _multicall
    res = hook_impl.function(*args)
  File "D:\git\dev\Picoripi\venv\Lib\site-packages\_pytest\main.py", line 365, in pytest_cmdline_main
    return wrap_session(config, _main)
  File "D:\git\dev\Picoripi\venv\Lib\site-packages\_pytest\main.py", line 318, in wrap_session
    session.exitstatus = doit(config, session) or 0
  File "D:\git\dev\Picoripi\venv\Lib\site-packages\_pytest\main.py", line 372, in _main
    config.hook.pytest_runtestloop(session=session)
  File "D:\git\dev\Picoripi\venv\Lib\site-packages\pluggy\_hooks.py", line 512, in __call__
    return self._hookexec(self.name, self._hookimpls.copy(), kwargs, firstresult)
  File "D:\git\dev\Picoripi\venv\Lib\site-packages\pluggy\_manager.py", line 120, in _hookexec
    return self._inner_hookexec(hook_name, methods, kwargs, firstresult)
  File "D:\git\dev\Picoripi\venv\Lib\site-packages\pluggy\_callers.py", line 121, in _multicall
    res = hook_impl.function(*args)
  File "D:\git\dev\Picoripi\venv\Lib\site-packages\_pytest\main.py", line 396, in pytest_runtestloop
    item.config.hook.pytest_runtest_protocol(item=item, nextitem=nextitem)
  File "D:\git\dev\Picoripi\venv\Lib\site-packages\pluggy\_hooks.py", line 512, in __call__
    return self._hookexec(self.name, self._hookimpls.copy(), kwargs, firstresult)
  File "D:\git\dev\Picoripi\venv\Lib\site-packages\pluggy\_manager.py", line 120, in _hookexec
    return self._inner_hookexec(hook_name, methods, kwargs, firstresult)
  File "D:\git\dev\Picoripi\venv\Lib\site-packages\pluggy\_callers.py", line 121, in _multicall
    res = hook_impl.function(*args)
  File "D:\git\dev\Picoripi\venv\Lib\site-packages\_pytest\runner.py", line 118, in pytest_runtest_protocol
    runtestprotocol(item, nextitem=nextitem)
  File "D:\git\dev\Picoripi\venv\Lib\site-packages\_pytest\runner.py", line 137, in runtestprotocol
    reports.append(call_and_report(item, "call", log))
  File "D:\git\dev\Picoripi\venv\Lib\site-packages\_pytest\runner.py", line 244, in call_and_report
    call = CallInfo.from_call(
  File "D:\git\dev\Picoripi\venv\Lib\site-packages\_pytest\runner.py", line 353, in from_call
    result: TResult | None = func()
  File "D:\git\dev\Picoripi\venv\Lib\site-packages\_pytest\runner.py", line 245, in <lambda>
    lambda: runtest_hook(item=item, **kwds),
  File "D:\git\dev\Picoripi\venv\Lib\site-packages\pluggy\_hooks.py", line 512, in __call__
    return self._hookexec(self.name, self._hookimpls.copy(), kwargs, firstresult)
  File "D:\git\dev\Picoripi\venv\Lib\site-packages\pluggy\_manager.py", line 120, in _hookexec
    return self._inner_hookexec(hook_name, methods, kwargs, firstresult)
  File "D:\git\dev\Picoripi\venv\Lib\site-packages\pluggy\_callers.py", line 121, in _multicall
    res = hook_impl.function(*args)
  File "D:\git\dev\Picoripi\venv\Lib\site-packages\_pytest\runner.py", line 179, in pytest_runtest_call
    item.runtest()
  File "D:\git\dev\Picoripi\venv\Lib\site-packages\_pytest\python.py", line 1720, in runtest
    self.ihook.pytest_pyfunc_call(pyfuncitem=self)
  File "D:\git\dev\Picoripi\venv\Lib\site-packages\pluggy\_hooks.py", line 512, in __call__
    return self._hookexec(self.name, self._hookimpls.copy(), kwargs, firstresult)
  File "D:\git\dev\Picoripi\venv\Lib\site-packages\pluggy\_manager.py", line 120, in _hookexec
    return self._inner_hookexec(hook_name, methods, kwargs, firstresult)
  File "D:\git\dev\Picoripi\venv\Lib\site-packages\pluggy\_callers.py", line 121, in _multicall
    res = hook_impl.function(*args)
  File "D:\git\dev\Picoripi\venv\Lib\site-packages\_pytest\python.py", line 166, in pytest_pyfunc_call
    result = testfunction(**testargs)
  File "D:\git\dev\Picoripi\tests\test_handlers\test_issue_scan_handler.py", line 44, in test_IssueScanHandler_perform_issues_scan_for_block_sublines
    handler._perform_issues_scan_for_block(0)
  File "D:\git\dev\Picoripi\handlers\issue_scan_handler.py", line 59, in _perform_issues_scan_for_block
    log_debug(f"  Found problems in block {block_idx}, string {string_idx}, subline {i}: {problem_set}")
  File "D:\git\dev\Picoripi\utils\logging_utils.py", line 134, in log_debug
    _log_message(logging.DEBUG, message, category)
  File "D:\git\dev\Picoripi\utils\logging_utils.py", line 122, in _log_message
    adapter.debug(message)
Message: "  Found problems in block 0, string 0, subline 0: {'PROB1'}"
Arguments: ()
2026-03-21 19:23:24,887 - DEBUG - [GENERAL] logging_utils - _log_message -   Found problems in block 0, string 0, subline 0: {'PROB1'}
tests/test_handlers/test_issue_scan_handler.py::test_IssueScanHandler_perform_issues_scan_for_block_sublines PASSED
tests/test_handlers/test_issue_scan_handler.py::test_IssueScanHandler_initial_silent_scan PASSED
tests/test_handlers/test_issue_scan_handler.py::test_IssueScanHandler_rescan_issues_for_single_block PASSED
tests/test_handlers/test_issue_scan_handler.py::test_IssueScanHandler_rescan_all_tags PASSED
tests/test_handlers/test_text_autofix_logic.py::test_TextAutofixLogic_init PASSED
tests/test_handlers/test_text_autofix_logic.py::test_TextAutofixLogicends_with_sentence_punctuation PASSED
tests/test_handlers/test_text_autofix_logic.py::test_TextAutofixLogicextract_first_word_with_tags PASSED
tests/test_handlers/test_text_autofix_logic.py::test_TextAutofixLogicfix_empty_odd_sublines PASSED
tests/test_handlers/test_text_autofix_logic.py::test_TextAutofixLogicfix_short_lines PASSED
tests/test_handlers/test_text_autofix_logic.py::test_TextAutofixLogicfix_width_exceeded PASSED
tests/test_handlers/test_text_autofix_logic.py::test_TextAutofixLogicfix_blue_sublines PASSED
--- Logging error ---
Traceback (most recent call last):
  File "C:\Program Files\Python314\Lib\logging\handlers.py", line 80, in emit
    self.doRollover()
    ~~~~~~~~~~~~~~~^^
  File "C:\Program Files\Python314\Lib\logging\handlers.py", line 185, in doRollover
    self.rotate(self.baseFilename, dfn)
    ~~~~~~~~~~~^^^^^^^^^^^^^^^^^^^^^^^^
  File "C:\Program Files\Python314\Lib\logging\handlers.py", line 121, in rotate
    os.rename(source, dest)
    ~~~~~~~~~^^^^^^^^^^^^^^
PermissionError: [WinError 32] The process cannot access the file because it is being used by another process: 'D:\\git\\dev\\Picoripi\\app_debug.txt' -> 'D:\\
git\\dev\\Picoripi\\app_debug.txt.1'
Call stack:
  File "<frozen runpy>", line 198, in _run_module_as_main
  File "<frozen runpy>", line 88, in _run_code
  File "D:\git\dev\Picoripi\venv\Lib\site-packages\pytest\__main__.py", line 9, in <module>
    raise SystemExit(pytest.console_main())
  File "D:\git\dev\Picoripi\venv\Lib\site-packages\_pytest\config\__init__.py", line 223, in console_main
    code = main()
  File "D:\git\dev\Picoripi\venv\Lib\site-packages\_pytest\config\__init__.py", line 199, in main
    ret: ExitCode | int = config.hook.pytest_cmdline_main(config=config)
  File "D:\git\dev\Picoripi\venv\Lib\site-packages\pluggy\_hooks.py", line 512, in __call__
    return self._hookexec(self.name, self._hookimpls.copy(), kwargs, firstresult)
  File "D:\git\dev\Picoripi\venv\Lib\site-packages\pluggy\_manager.py", line 120, in _hookexec
    return self._inner_hookexec(hook_name, methods, kwargs, firstresult)
  File "D:\git\dev\Picoripi\venv\Lib\site-packages\pluggy\_callers.py", line 121, in _multicall
    res = hook_impl.function(*args)
  File "D:\git\dev\Picoripi\venv\Lib\site-packages\_pytest\main.py", line 365, in pytest_cmdline_main
    return wrap_session(config, _main)
  File "D:\git\dev\Picoripi\venv\Lib\site-packages\_pytest\main.py", line 318, in wrap_session
    session.exitstatus = doit(config, session) or 0
  File "D:\git\dev\Picoripi\venv\Lib\site-packages\_pytest\main.py", line 372, in _main
    config.hook.pytest_runtestloop(session=session)
  File "D:\git\dev\Picoripi\venv\Lib\site-packages\pluggy\_hooks.py", line 512, in __call__
    return self._hookexec(self.name, self._hookimpls.copy(), kwargs, firstresult)
  File "D:\git\dev\Picoripi\venv\Lib\site-packages\pluggy\_manager.py", line 120, in _hookexec
    return self._inner_hookexec(hook_name, methods, kwargs, firstresult)
  File "D:\git\dev\Picoripi\venv\Lib\site-packages\pluggy\_callers.py", line 121, in _multicall
    res = hook_impl.function(*args)
  File "D:\git\dev\Picoripi\venv\Lib\site-packages\_pytest\main.py", line 396, in pytest_runtestloop
    item.config.hook.pytest_runtest_protocol(item=item, nextitem=nextitem)
  File "D:\git\dev\Picoripi\venv\Lib\site-packages\pluggy\_hooks.py", line 512, in __call__
    return self._hookexec(self.name, self._hookimpls.copy(), kwargs, firstresult)
  File "D:\git\dev\Picoripi\venv\Lib\site-packages\pluggy\_manager.py", line 120, in _hookexec
    return self._inner_hookexec(hook_name, methods, kwargs, firstresult)
  File "D:\git\dev\Picoripi\venv\Lib\site-packages\pluggy\_callers.py", line 121, in _multicall
    res = hook_impl.function(*args)
  File "D:\git\dev\Picoripi\venv\Lib\site-packages\_pytest\runner.py", line 118, in pytest_runtest_protocol
    runtestprotocol(item, nextitem=nextitem)
  File "D:\git\dev\Picoripi\venv\Lib\site-packages\_pytest\runner.py", line 137, in runtestprotocol
    reports.append(call_and_report(item, "call", log))
  File "D:\git\dev\Picoripi\venv\Lib\site-packages\_pytest\runner.py", line 244, in call_and_report
    call = CallInfo.from_call(
  File "D:\git\dev\Picoripi\venv\Lib\site-packages\_pytest\runner.py", line 353, in from_call
    result: TResult | None = func()
  File "D:\git\dev\Picoripi\venv\Lib\site-packages\_pytest\runner.py", line 245, in <lambda>
    lambda: runtest_hook(item=item, **kwds),
  File "D:\git\dev\Picoripi\venv\Lib\site-packages\pluggy\_hooks.py", line 512, in __call__
    return self._hookexec(self.name, self._hookimpls.copy(), kwargs, firstresult)
  File "D:\git\dev\Picoripi\venv\Lib\site-packages\pluggy\_manager.py", line 120, in _hookexec
    return self._inner_hookexec(hook_name, methods, kwargs, firstresult)
  File "D:\git\dev\Picoripi\venv\Lib\site-packages\pluggy\_callers.py", line 121, in _multicall
    res = hook_impl.function(*args)
  File "D:\git\dev\Picoripi\venv\Lib\site-packages\_pytest\runner.py", line 179, in pytest_runtest_call
    item.runtest()
  File "D:\git\dev\Picoripi\venv\Lib\site-packages\_pytest\python.py", line 1720, in runtest
    self.ihook.pytest_pyfunc_call(pyfuncitem=self)
  File "D:\git\dev\Picoripi\venv\Lib\site-packages\pluggy\_hooks.py", line 512, in __call__
    return self._hookexec(self.name, self._hookimpls.copy(), kwargs, firstresult)
  File "D:\git\dev\Picoripi\venv\Lib\site-packages\pluggy\_manager.py", line 120, in _hookexec
    return self._inner_hookexec(hook_name, methods, kwargs, firstresult)
  File "D:\git\dev\Picoripi\venv\Lib\site-packages\pluggy\_callers.py", line 121, in _multicall
    res = hook_impl.function(*args)
  File "D:\git\dev\Picoripi\venv\Lib\site-packages\_pytest\python.py", line 166, in pytest_pyfunc_call
    result = testfunction(**testargs)
  File "D:\git\dev\Picoripi\tests\test_handlers\test_text_autofix_logic.py", line 66, in test_TextAutofixLogicfix_leading_spaces_in_sublines
    assert isinstance(mock_autofix._fix_leading_spaces_in_sublines("line1\n line2"), str)
  File "D:\git\dev\Picoripi\handlers\text_autofix_logic.py", line 329, in _fix_leading_spaces_in_sublines
    log_debug(f"Auto-fix (_fix_leading_spaces_in_sublines): Removed single leading space. Original sub_line: '{sub_line}', Fixed: '{stripped_line}'")
  File "D:\git\dev\Picoripi\utils\logging_utils.py", line 134, in log_debug
    _log_message(logging.DEBUG, message, category)
  File "D:\git\dev\Picoripi\utils\logging_utils.py", line 122, in _log_message
    adapter.debug(message)
Message: "Auto-fix (_fix_leading_spaces_in_sublines): Removed single leading space. Original sub_line: ' line2', Fixed: 'line2'"
Arguments: ()
2026-03-21 19:23:24,997 - DEBUG - [GENERAL] logging_utils - _log_message - Auto-fix (_fix_leading_spaces_in_sublines): Removed single leading space. Original s
ub_line: ' line2', Fixed: 'line2'
tests/test_handlers/test_text_autofix_logic.py::test_TextAutofixLogicfix_leading_spaces_in_sublines PASSED
--- Logging error ---
Traceback (most recent call last):
  File "C:\Program Files\Python314\Lib\logging\handlers.py", line 80, in emit
    self.doRollover()
    ~~~~~~~~~~~~~~~^^
  File "C:\Program Files\Python314\Lib\logging\handlers.py", line 185, in doRollover
    self.rotate(self.baseFilename, dfn)
    ~~~~~~~~~~~^^^^^^^^^^^^^^^^^^^^^^^^
  File "C:\Program Files\Python314\Lib\logging\handlers.py", line 121, in rotate
    os.rename(source, dest)
    ~~~~~~~~~^^^^^^^^^^^^^^
PermissionError: [WinError 32] The process cannot access the file because it is being used by another process: 'D:\\git\\dev\\Picoripi\\app_debug.txt' -> 'D:\\
git\\dev\\Picoripi\\app_debug.txt.1'
Call stack:
  File "<frozen runpy>", line 198, in _run_module_as_main
  File "<frozen runpy>", line 88, in _run_code
  File "D:\git\dev\Picoripi\venv\Lib\site-packages\pytest\__main__.py", line 9, in <module>
    raise SystemExit(pytest.console_main())
  File "D:\git\dev\Picoripi\venv\Lib\site-packages\_pytest\config\__init__.py", line 223, in console_main
    code = main()
  File "D:\git\dev\Picoripi\venv\Lib\site-packages\_pytest\config\__init__.py", line 199, in main
    ret: ExitCode | int = config.hook.pytest_cmdline_main(config=config)
  File "D:\git\dev\Picoripi\venv\Lib\site-packages\pluggy\_hooks.py", line 512, in __call__
    return self._hookexec(self.name, self._hookimpls.copy(), kwargs, firstresult)
  File "D:\git\dev\Picoripi\venv\Lib\site-packages\pluggy\_manager.py", line 120, in _hookexec
    return self._inner_hookexec(hook_name, methods, kwargs, firstresult)
  File "D:\git\dev\Picoripi\venv\Lib\site-packages\pluggy\_callers.py", line 121, in _multicall
    res = hook_impl.function(*args)
  File "D:\git\dev\Picoripi\venv\Lib\site-packages\_pytest\main.py", line 365, in pytest_cmdline_main
    return wrap_session(config, _main)
  File "D:\git\dev\Picoripi\venv\Lib\site-packages\_pytest\main.py", line 318, in wrap_session
    session.exitstatus = doit(config, session) or 0
  File "D:\git\dev\Picoripi\venv\Lib\site-packages\_pytest\main.py", line 372, in _main
    config.hook.pytest_runtestloop(session=session)
  File "D:\git\dev\Picoripi\venv\Lib\site-packages\pluggy\_hooks.py", line 512, in __call__
    return self._hookexec(self.name, self._hookimpls.copy(), kwargs, firstresult)
  File "D:\git\dev\Picoripi\venv\Lib\site-packages\pluggy\_manager.py", line 120, in _hookexec
    return self._inner_hookexec(hook_name, methods, kwargs, firstresult)
  File "D:\git\dev\Picoripi\venv\Lib\site-packages\pluggy\_callers.py", line 121, in _multicall
    res = hook_impl.function(*args)
  File "D:\git\dev\Picoripi\venv\Lib\site-packages\_pytest\main.py", line 396, in pytest_runtestloop
    item.config.hook.pytest_runtest_protocol(item=item, nextitem=nextitem)
  File "D:\git\dev\Picoripi\venv\Lib\site-packages\pluggy\_hooks.py", line 512, in __call__
    return self._hookexec(self.name, self._hookimpls.copy(), kwargs, firstresult)
  File "D:\git\dev\Picoripi\venv\Lib\site-packages\pluggy\_manager.py", line 120, in _hookexec
    return self._inner_hookexec(hook_name, methods, kwargs, firstresult)
  File "D:\git\dev\Picoripi\venv\Lib\site-packages\pluggy\_callers.py", line 121, in _multicall
    res = hook_impl.function(*args)
  File "D:\git\dev\Picoripi\venv\Lib\site-packages\_pytest\runner.py", line 118, in pytest_runtest_protocol
    runtestprotocol(item, nextitem=nextitem)
  File "D:\git\dev\Picoripi\venv\Lib\site-packages\_pytest\runner.py", line 137, in runtestprotocol
    reports.append(call_and_report(item, "call", log))
  File "D:\git\dev\Picoripi\venv\Lib\site-packages\_pytest\runner.py", line 244, in call_and_report
    call = CallInfo.from_call(
  File "D:\git\dev\Picoripi\venv\Lib\site-packages\_pytest\runner.py", line 353, in from_call
    result: TResult | None = func()
  File "D:\git\dev\Picoripi\venv\Lib\site-packages\_pytest\runner.py", line 245, in <lambda>
    lambda: runtest_hook(item=item, **kwds),
  File "D:\git\dev\Picoripi\venv\Lib\site-packages\pluggy\_hooks.py", line 512, in __call__
    return self._hookexec(self.name, self._hookimpls.copy(), kwargs, firstresult)
  File "D:\git\dev\Picoripi\venv\Lib\site-packages\pluggy\_manager.py", line 120, in _hookexec
    return self._inner_hookexec(hook_name, methods, kwargs, firstresult)
  File "D:\git\dev\Picoripi\venv\Lib\site-packages\pluggy\_callers.py", line 121, in _multicall
    res = hook_impl.function(*args)
  File "D:\git\dev\Picoripi\venv\Lib\site-packages\_pytest\runner.py", line 179, in pytest_runtest_call
    item.runtest()
  File "D:\git\dev\Picoripi\venv\Lib\site-packages\_pytest\python.py", line 1720, in runtest
    self.ihook.pytest_pyfunc_call(pyfuncitem=self)
  File "D:\git\dev\Picoripi\venv\Lib\site-packages\pluggy\_hooks.py", line 512, in __call__
    return self._hookexec(self.name, self._hookimpls.copy(), kwargs, firstresult)
  File "D:\git\dev\Picoripi\venv\Lib\site-packages\pluggy\_manager.py", line 120, in _hookexec
    return self._inner_hookexec(hook_name, methods, kwargs, firstresult)
  File "D:\git\dev\Picoripi\venv\Lib\site-packages\pluggy\_callers.py", line 121, in _multicall
    res = hook_impl.function(*args)
  File "D:\git\dev\Picoripi\venv\Lib\site-packages\_pytest\python.py", line 166, in pytest_pyfunc_call
    result = testfunction(**testargs)
  File "D:\git\dev\Picoripi\tests\test_handlers\test_text_autofix_logic.py", line 71, in test_TextAutofixLogiccleanup_spaces_around_tags
    assert isinstance(mock_autofix._cleanup_spaces_around_tags(text), str)
  File "D:\git\dev\Picoripi\handlers\text_autofix_logic.py", line 377, in _cleanup_spaces_around_tags
    log_debug(f"Cleanup: Rule for non-Color:White tag '{tag_content}': Removing space after it (before '{char_after_space_content}').")
  File "D:\git\dev\Picoripi\utils\logging_utils.py", line 134, in log_debug
    _log_message(logging.DEBUG, message, category)
  File "D:\git\dev\Picoripi\utils\logging_utils.py", line 122, in _log_message
    adapter.debug(message)
Message: "Cleanup: Rule for non-Color:White tag '{Tag}': Removing space after it (before 't')."
Arguments: ()
2026-03-21 19:23:25,008 - DEBUG - [GENERAL] logging_utils - _log_message - Cleanup: Rule for non-Color:White tag '{Tag}': Removing space after it (before 't').
--- Logging error ---
Traceback (most recent call last):
  File "C:\Program Files\Python314\Lib\logging\handlers.py", line 80, in emit
    self.doRollover()
    ~~~~~~~~~~~~~~~^^
  File "C:\Program Files\Python314\Lib\logging\handlers.py", line 185, in doRollover
    self.rotate(self.baseFilename, dfn)
    ~~~~~~~~~~~^^^^^^^^^^^^^^^^^^^^^^^^
  File "C:\Program Files\Python314\Lib\logging\handlers.py", line 121, in rotate
    os.rename(source, dest)
    ~~~~~~~~~^^^^^^^^^^^^^^
PermissionError: [WinError 32] The process cannot access the file because it is being used by another process: 'D:\\git\\dev\\Picoripi\\app_debug.txt' -> 'D:\\
git\\dev\\Picoripi\\app_debug.txt.1'
Call stack:
  File "<frozen runpy>", line 198, in _run_module_as_main
  File "<frozen runpy>", line 88, in _run_code
  File "D:\git\dev\Picoripi\venv\Lib\site-packages\pytest\__main__.py", line 9, in <module>
    raise SystemExit(pytest.console_main())
  File "D:\git\dev\Picoripi\venv\Lib\site-packages\_pytest\config\__init__.py", line 223, in console_main
    code = main()
  File "D:\git\dev\Picoripi\venv\Lib\site-packages\_pytest\config\__init__.py", line 199, in main
    ret: ExitCode | int = config.hook.pytest_cmdline_main(config=config)
  File "D:\git\dev\Picoripi\venv\Lib\site-packages\pluggy\_hooks.py", line 512, in __call__
    return self._hookexec(self.name, self._hookimpls.copy(), kwargs, firstresult)
  File "D:\git\dev\Picoripi\venv\Lib\site-packages\pluggy\_manager.py", line 120, in _hookexec
    return self._inner_hookexec(hook_name, methods, kwargs, firstresult)
  File "D:\git\dev\Picoripi\venv\Lib\site-packages\pluggy\_callers.py", line 121, in _multicall
    res = hook_impl.function(*args)
  File "D:\git\dev\Picoripi\venv\Lib\site-packages\_pytest\main.py", line 365, in pytest_cmdline_main
    return wrap_session(config, _main)
  File "D:\git\dev\Picoripi\venv\Lib\site-packages\_pytest\main.py", line 318, in wrap_session
    session.exitstatus = doit(config, session) or 0
  File "D:\git\dev\Picoripi\venv\Lib\site-packages\_pytest\main.py", line 372, in _main
    config.hook.pytest_runtestloop(session=session)
  File "D:\git\dev\Picoripi\venv\Lib\site-packages\pluggy\_hooks.py", line 512, in __call__
    return self._hookexec(self.name, self._hookimpls.copy(), kwargs, firstresult)
  File "D:\git\dev\Picoripi\venv\Lib\site-packages\pluggy\_manager.py", line 120, in _hookexec
    return self._inner_hookexec(hook_name, methods, kwargs, firstresult)
  File "D:\git\dev\Picoripi\venv\Lib\site-packages\pluggy\_callers.py", line 121, in _multicall
    res = hook_impl.function(*args)
  File "D:\git\dev\Picoripi\venv\Lib\site-packages\_pytest\main.py", line 396, in pytest_runtestloop
    item.config.hook.pytest_runtest_protocol(item=item, nextitem=nextitem)
  File "D:\git\dev\Picoripi\venv\Lib\site-packages\pluggy\_hooks.py", line 512, in __call__
    return self._hookexec(self.name, self._hookimpls.copy(), kwargs, firstresult)
  File "D:\git\dev\Picoripi\venv\Lib\site-packages\pluggy\_manager.py", line 120, in _hookexec
    return self._inner_hookexec(hook_name, methods, kwargs, firstresult)
  File "D:\git\dev\Picoripi\venv\Lib\site-packages\pluggy\_callers.py", line 121, in _multicall
    res = hook_impl.function(*args)
  File "D:\git\dev\Picoripi\venv\Lib\site-packages\_pytest\runner.py", line 118, in pytest_runtest_protocol
    runtestprotocol(item, nextitem=nextitem)
  File "D:\git\dev\Picoripi\venv\Lib\site-packages\_pytest\runner.py", line 137, in runtestprotocol
    reports.append(call_and_report(item, "call", log))
  File "D:\git\dev\Picoripi\venv\Lib\site-packages\_pytest\runner.py", line 244, in call_and_report
    call = CallInfo.from_call(
  File "D:\git\dev\Picoripi\venv\Lib\site-packages\_pytest\runner.py", line 353, in from_call
    result: TResult | None = func()
  File "D:\git\dev\Picoripi\venv\Lib\site-packages\_pytest\runner.py", line 245, in <lambda>
    lambda: runtest_hook(item=item, **kwds),
  File "D:\git\dev\Picoripi\venv\Lib\site-packages\pluggy\_hooks.py", line 512, in __call__
    return self._hookexec(self.name, self._hookimpls.copy(), kwargs, firstresult)
  File "D:\git\dev\Picoripi\venv\Lib\site-packages\pluggy\_manager.py", line 120, in _hookexec
    return self._inner_hookexec(hook_name, methods, kwargs, firstresult)
  File "D:\git\dev\Picoripi\venv\Lib\site-packages\pluggy\_callers.py", line 121, in _multicall
    res = hook_impl.function(*args)
  File "D:\git\dev\Picoripi\venv\Lib\site-packages\_pytest\runner.py", line 179, in pytest_runtest_call
    item.runtest()
  File "D:\git\dev\Picoripi\venv\Lib\site-packages\_pytest\python.py", line 1720, in runtest
    self.ihook.pytest_pyfunc_call(pyfuncitem=self)
  File "D:\git\dev\Picoripi\venv\Lib\site-packages\pluggy\_hooks.py", line 512, in __call__
    return self._hookexec(self.name, self._hookimpls.copy(), kwargs, firstresult)
  File "D:\git\dev\Picoripi\venv\Lib\site-packages\pluggy\_manager.py", line 120, in _hookexec
    return self._inner_hookexec(hook_name, methods, kwargs, firstresult)
  File "D:\git\dev\Picoripi\venv\Lib\site-packages\pluggy\_callers.py", line 121, in _multicall
    res = hook_impl.function(*args)
  File "D:\git\dev\Picoripi\venv\Lib\site-packages\_pytest\python.py", line 166, in pytest_pyfunc_call
    result = testfunction(**testargs)
  File "D:\git\dev\Picoripi\tests\test_handlers\test_text_autofix_logic.py", line 71, in test_TextAutofixLogiccleanup_spaces_around_tags
    assert isinstance(mock_autofix._cleanup_spaces_around_tags(text), str)
  File "D:\git\dev\Picoripi\handlers\text_autofix_logic.py", line 393, in _cleanup_spaces_around_tags
    log_debug(f"Auto-fix (_cleanup_spaces_around_tags): Text changed. Original: '{original_text}', Final: '{final_text}'")
  File "D:\git\dev\Picoripi\utils\logging_utils.py", line 134, in log_debug
    _log_message(logging.DEBUG, message, category)
  File "D:\git\dev\Picoripi\utils\logging_utils.py", line 122, in _log_message
    adapter.debug(message)
Message: "Auto-fix (_cleanup_spaces_around_tags): Text changed. Original: ' {Tag} text ', Final: ' {Tag}text '"
Arguments: ()
2026-03-21 19:23:25,009 - DEBUG - [GENERAL] logging_utils - _log_message - Auto-fix (_cleanup_spaces_around_tags): Text changed. Original: ' {Tag} text ', Fina
l: ' {Tag}text '
tests/test_handlers/test_text_autofix_logic.py::test_TextAutofixLogiccleanup_spaces_around_tags PASSED
--- Logging error ---
Traceback (most recent call last):
  File "C:\Program Files\Python314\Lib\logging\handlers.py", line 80, in emit
    self.doRollover()
    ~~~~~~~~~~~~~~~^^
  File "C:\Program Files\Python314\Lib\logging\handlers.py", line 185, in doRollover
    self.rotate(self.baseFilename, dfn)
    ~~~~~~~~~~~^^^^^^^^^^^^^^^^^^^^^^^^
  File "C:\Program Files\Python314\Lib\logging\handlers.py", line 121, in rotate
    os.rename(source, dest)
    ~~~~~~~~~^^^^^^^^^^^^^^
PermissionError: [WinError 32] The process cannot access the file because it is being used by another process: 'D:\\git\\dev\\Picoripi\\app_debug.txt' -> 'D:\\
git\\dev\\Picoripi\\app_debug.txt.1'
Call stack:
  File "<frozen runpy>", line 198, in _run_module_as_main
  File "<frozen runpy>", line 88, in _run_code
  File "D:\git\dev\Picoripi\venv\Lib\site-packages\pytest\__main__.py", line 9, in <module>
    raise SystemExit(pytest.console_main())
  File "D:\git\dev\Picoripi\venv\Lib\site-packages\_pytest\config\__init__.py", line 223, in console_main
    code = main()
  File "D:\git\dev\Picoripi\venv\Lib\site-packages\_pytest\config\__init__.py", line 199, in main
    ret: ExitCode | int = config.hook.pytest_cmdline_main(config=config)
  File "D:\git\dev\Picoripi\venv\Lib\site-packages\pluggy\_hooks.py", line 512, in __call__
    return self._hookexec(self.name, self._hookimpls.copy(), kwargs, firstresult)
  File "D:\git\dev\Picoripi\venv\Lib\site-packages\pluggy\_manager.py", line 120, in _hookexec
    return self._inner_hookexec(hook_name, methods, kwargs, firstresult)
  File "D:\git\dev\Picoripi\venv\Lib\site-packages\pluggy\_callers.py", line 121, in _multicall
    res = hook_impl.function(*args)
  File "D:\git\dev\Picoripi\venv\Lib\site-packages\_pytest\main.py", line 365, in pytest_cmdline_main
    return wrap_session(config, _main)
  File "D:\git\dev\Picoripi\venv\Lib\site-packages\_pytest\main.py", line 318, in wrap_session
    session.exitstatus = doit(config, session) or 0
  File "D:\git\dev\Picoripi\venv\Lib\site-packages\_pytest\main.py", line 372, in _main
    config.hook.pytest_runtestloop(session=session)
  File "D:\git\dev\Picoripi\venv\Lib\site-packages\pluggy\_hooks.py", line 512, in __call__
    return self._hookexec(self.name, self._hookimpls.copy(), kwargs, firstresult)
  File "D:\git\dev\Picoripi\venv\Lib\site-packages\pluggy\_manager.py", line 120, in _hookexec
    return self._inner_hookexec(hook_name, methods, kwargs, firstresult)
  File "D:\git\dev\Picoripi\venv\Lib\site-packages\pluggy\_callers.py", line 121, in _multicall
    res = hook_impl.function(*args)
  File "D:\git\dev\Picoripi\venv\Lib\site-packages\_pytest\main.py", line 396, in pytest_runtestloop
    item.config.hook.pytest_runtest_protocol(item=item, nextitem=nextitem)
  File "D:\git\dev\Picoripi\venv\Lib\site-packages\pluggy\_hooks.py", line 512, in __call__
    return self._hookexec(self.name, self._hookimpls.copy(), kwargs, firstresult)
  File "D:\git\dev\Picoripi\venv\Lib\site-packages\pluggy\_manager.py", line 120, in _hookexec
    return self._inner_hookexec(hook_name, methods, kwargs, firstresult)
  File "D:\git\dev\Picoripi\venv\Lib\site-packages\pluggy\_callers.py", line 121, in _multicall
    res = hook_impl.function(*args)
  File "D:\git\dev\Picoripi\venv\Lib\site-packages\_pytest\runner.py", line 118, in pytest_runtest_protocol
    runtestprotocol(item, nextitem=nextitem)
  File "D:\git\dev\Picoripi\venv\Lib\site-packages\_pytest\runner.py", line 137, in runtestprotocol
    reports.append(call_and_report(item, "call", log))
  File "D:\git\dev\Picoripi\venv\Lib\site-packages\_pytest\runner.py", line 244, in call_and_report
    call = CallInfo.from_call(
  File "D:\git\dev\Picoripi\venv\Lib\site-packages\_pytest\runner.py", line 353, in from_call
    result: TResult | None = func()
  File "D:\git\dev\Picoripi\venv\Lib\site-packages\_pytest\runner.py", line 245, in <lambda>
    lambda: runtest_hook(item=item, **kwds),
  File "D:\git\dev\Picoripi\venv\Lib\site-packages\pluggy\_hooks.py", line 512, in __call__
    return self._hookexec(self.name, self._hookimpls.copy(), kwargs, firstresult)
  File "D:\git\dev\Picoripi\venv\Lib\site-packages\pluggy\_manager.py", line 120, in _hookexec
    return self._inner_hookexec(hook_name, methods, kwargs, firstresult)
  File "D:\git\dev\Picoripi\venv\Lib\site-packages\pluggy\_callers.py", line 121, in _multicall
    res = hook_impl.function(*args)
  File "D:\git\dev\Picoripi\venv\Lib\site-packages\_pytest\runner.py", line 179, in pytest_runtest_call
    item.runtest()
  File "D:\git\dev\Picoripi\venv\Lib\site-packages\_pytest\python.py", line 1720, in runtest
    self.ihook.pytest_pyfunc_call(pyfuncitem=self)
  File "D:\git\dev\Picoripi\venv\Lib\site-packages\pluggy\_hooks.py", line 512, in __call__
    return self._hookexec(self.name, self._hookimpls.copy(), kwargs, firstresult)
  File "D:\git\dev\Picoripi\venv\Lib\site-packages\pluggy\_manager.py", line 120, in _hookexec
    return self._inner_hookexec(hook_name, methods, kwargs, firstresult)
  File "D:\git\dev\Picoripi\venv\Lib\site-packages\pluggy\_callers.py", line 121, in _multicall
    res = hook_impl.function(*args)
  File "D:\git\dev\Picoripi\venv\Lib\site-packages\_pytest\python.py", line 166, in pytest_pyfunc_call
    result = testfunction(**testargs)
  File "C:\Program Files\Python314\Lib\unittest\mock.py", line 1432, in patched
    return func(*newargs, **newkeywargs)
  File "D:\git\dev\Picoripi\tests\test_handlers\test_text_autofix_logic.py", line 79, in test_TextAutofixLogic_auto_fix_current_string
    mock_autofix.auto_fix_current_string()
  File "D:\git\dev\Picoripi\handlers\text_autofix_logic.py", line 399, in auto_fix_current_string
    log_debug(f"TextAutofixLogic.auto_fix_current_string: Called.")
  File "D:\git\dev\Picoripi\utils\logging_utils.py", line 134, in log_debug
    _log_message(logging.DEBUG, message, category)
  File "D:\git\dev\Picoripi\utils\logging_utils.py", line 122, in _log_message
    adapter.debug(message)
Message: 'TextAutofixLogic.auto_fix_current_string: Called.'
Arguments: ()
2026-03-21 19:23:25,020 - DEBUG - [GENERAL] logging_utils - _log_message - TextAutofixLogic.auto_fix_current_string: Called.
--- Logging error ---
Traceback (most recent call last):
  File "C:\Program Files\Python314\Lib\logging\handlers.py", line 80, in emit
    self.doRollover()
    ~~~~~~~~~~~~~~~^^
  File "C:\Program Files\Python314\Lib\logging\handlers.py", line 185, in doRollover
    self.rotate(self.baseFilename, dfn)
    ~~~~~~~~~~~^^^^^^^^^^^^^^^^^^^^^^^^
  File "C:\Program Files\Python314\Lib\logging\handlers.py", line 121, in rotate
    os.rename(source, dest)
    ~~~~~~~~~^^^^^^^^^^^^^^
PermissionError: [WinError 32] The process cannot access the file because it is being used by another process: 'D:\\git\\dev\\Picoripi\\app_debug.txt' -> 'D:\\
git\\dev\\Picoripi\\app_debug.txt.1'
Call stack:
  File "<frozen runpy>", line 198, in _run_module_as_main
  File "<frozen runpy>", line 88, in _run_code
  File "D:\git\dev\Picoripi\venv\Lib\site-packages\pytest\__main__.py", line 9, in <module>
    raise SystemExit(pytest.console_main())
  File "D:\git\dev\Picoripi\venv\Lib\site-packages\_pytest\config\__init__.py", line 223, in console_main
    code = main()
  File "D:\git\dev\Picoripi\venv\Lib\site-packages\_pytest\config\__init__.py", line 199, in main
    ret: ExitCode | int = config.hook.pytest_cmdline_main(config=config)
  File "D:\git\dev\Picoripi\venv\Lib\site-packages\pluggy\_hooks.py", line 512, in __call__
    return self._hookexec(self.name, self._hookimpls.copy(), kwargs, firstresult)
  File "D:\git\dev\Picoripi\venv\Lib\site-packages\pluggy\_manager.py", line 120, in _hookexec
    return self._inner_hookexec(hook_name, methods, kwargs, firstresult)
  File "D:\git\dev\Picoripi\venv\Lib\site-packages\pluggy\_callers.py", line 121, in _multicall
    res = hook_impl.function(*args)
  File "D:\git\dev\Picoripi\venv\Lib\site-packages\_pytest\main.py", line 365, in pytest_cmdline_main
    return wrap_session(config, _main)
  File "D:\git\dev\Picoripi\venv\Lib\site-packages\_pytest\main.py", line 318, in wrap_session
    session.exitstatus = doit(config, session) or 0
  File "D:\git\dev\Picoripi\venv\Lib\site-packages\_pytest\main.py", line 372, in _main
    config.hook.pytest_runtestloop(session=session)
  File "D:\git\dev\Picoripi\venv\Lib\site-packages\pluggy\_hooks.py", line 512, in __call__
    return self._hookexec(self.name, self._hookimpls.copy(), kwargs, firstresult)
  File "D:\git\dev\Picoripi\venv\Lib\site-packages\pluggy\_manager.py", line 120, in _hookexec
    return self._inner_hookexec(hook_name, methods, kwargs, firstresult)
  File "D:\git\dev\Picoripi\venv\Lib\site-packages\pluggy\_callers.py", line 121, in _multicall
    res = hook_impl.function(*args)
  File "D:\git\dev\Picoripi\venv\Lib\site-packages\_pytest\main.py", line 396, in pytest_runtestloop
    item.config.hook.pytest_runtest_protocol(item=item, nextitem=nextitem)
  File "D:\git\dev\Picoripi\venv\Lib\site-packages\pluggy\_hooks.py", line 512, in __call__
    return self._hookexec(self.name, self._hookimpls.copy(), kwargs, firstresult)
  File "D:\git\dev\Picoripi\venv\Lib\site-packages\pluggy\_manager.py", line 120, in _hookexec
    return self._inner_hookexec(hook_name, methods, kwargs, firstresult)
  File "D:\git\dev\Picoripi\venv\Lib\site-packages\pluggy\_callers.py", line 121, in _multicall
    res = hook_impl.function(*args)
  File "D:\git\dev\Picoripi\venv\Lib\site-packages\_pytest\runner.py", line 118, in pytest_runtest_protocol
    runtestprotocol(item, nextitem=nextitem)
  File "D:\git\dev\Picoripi\venv\Lib\site-packages\_pytest\runner.py", line 137, in runtestprotocol
    reports.append(call_and_report(item, "call", log))
  File "D:\git\dev\Picoripi\venv\Lib\site-packages\_pytest\runner.py", line 244, in call_and_report
    call = CallInfo.from_call(
  File "D:\git\dev\Picoripi\venv\Lib\site-packages\_pytest\runner.py", line 353, in from_call
    result: TResult | None = func()
  File "D:\git\dev\Picoripi\venv\Lib\site-packages\_pytest\runner.py", line 245, in <lambda>
    lambda: runtest_hook(item=item, **kwds),
  File "D:\git\dev\Picoripi\venv\Lib\site-packages\pluggy\_hooks.py", line 512, in __call__
    return self._hookexec(self.name, self._hookimpls.copy(), kwargs, firstresult)
  File "D:\git\dev\Picoripi\venv\Lib\site-packages\pluggy\_manager.py", line 120, in _hookexec
    return self._inner_hookexec(hook_name, methods, kwargs, firstresult)
  File "D:\git\dev\Picoripi\venv\Lib\site-packages\pluggy\_callers.py", line 121, in _multicall
    res = hook_impl.function(*args)
  File "D:\git\dev\Picoripi\venv\Lib\site-packages\_pytest\runner.py", line 179, in pytest_runtest_call
    item.runtest()
  File "D:\git\dev\Picoripi\venv\Lib\site-packages\_pytest\python.py", line 1720, in runtest
    self.ihook.pytest_pyfunc_call(pyfuncitem=self)
  File "D:\git\dev\Picoripi\venv\Lib\site-packages\pluggy\_hooks.py", line 512, in __call__
    return self._hookexec(self.name, self._hookimpls.copy(), kwargs, firstresult)
  File "D:\git\dev\Picoripi\venv\Lib\site-packages\pluggy\_manager.py", line 120, in _hookexec
    return self._inner_hookexec(hook_name, methods, kwargs, firstresult)
  File "D:\git\dev\Picoripi\venv\Lib\site-packages\pluggy\_callers.py", line 121, in _multicall
    res = hook_impl.function(*args)
  File "D:\git\dev\Picoripi\venv\Lib\site-packages\_pytest\python.py", line 166, in pytest_pyfunc_call
    result = testfunction(**testargs)
  File "C:\Program Files\Python314\Lib\unittest\mock.py", line 1432, in patched
    return func(*newargs, **newkeywargs)
  File "D:\git\dev\Picoripi\tests\test_handlers\test_text_autofix_logic.py", line 101, in test_TextAutofixLogic_auto_fix_current_string
    mock_autofix.auto_fix_current_string()
  File "D:\git\dev\Picoripi\handlers\text_autofix_logic.py", line 436, in auto_fix_current_string
    log_debug(f"Auto-fix: Applying changes. Original: '{current_text[:100]}...', Final: '{final_text_to_apply[:100]}...'")
  File "D:\git\dev\Picoripi\utils\logging_utils.py", line 134, in log_debug
    _log_message(logging.DEBUG, message, category)
  File "D:\git\dev\Picoripi\utils\logging_utils.py", line 122, in _log_message
    adapter.debug(message)
Message: "Auto-fix: Applying changes. Original: 'Original...', Final: '5...'"
Arguments: ()
2026-03-21 19:23:25,027 - DEBUG - [GENERAL] logging_utils - _log_message - Auto-fix: Applying changes. Original: 'Original...', Final: '5...'
tests/test_handlers/test_text_autofix_logic.py::test_TextAutofixLogic_auto_fix_current_string PASSED
tests/test_handlers/test_text_autofix_logic.py::test_TextAutofixLogic_coverage_corner_cases PASSED
--- Logging error ---
Traceback (most recent call last):
  File "C:\Program Files\Python314\Lib\logging\handlers.py", line 80, in emit
    self.doRollover()
    ~~~~~~~~~~~~~~~^^
  File "C:\Program Files\Python314\Lib\logging\handlers.py", line 185, in doRollover
    self.rotate(self.baseFilename, dfn)
    ~~~~~~~~~~~^^^^^^^^^^^^^^^^^^^^^^^^
  File "C:\Program Files\Python314\Lib\logging\handlers.py", line 121, in rotate
    os.rename(source, dest)
    ~~~~~~~~~^^^^^^^^^^^^^^
PermissionError: [WinError 32] The process cannot access the file because it is being used by another process: 'D:\\git\\dev\\Picoripi\\app_debug.txt' -> 'D:\\
git\\dev\\Picoripi\\app_debug.txt.1'
Call stack:
  File "<frozen runpy>", line 198, in _run_module_as_main
  File "<frozen runpy>", line 88, in _run_code
  File "D:\git\dev\Picoripi\venv\Lib\site-packages\pytest\__main__.py", line 9, in <module>
    raise SystemExit(pytest.console_main())
  File "D:\git\dev\Picoripi\venv\Lib\site-packages\_pytest\config\__init__.py", line 223, in console_main
    code = main()
  File "D:\git\dev\Picoripi\venv\Lib\site-packages\_pytest\config\__init__.py", line 199, in main
    ret: ExitCode | int = config.hook.pytest_cmdline_main(config=config)
  File "D:\git\dev\Picoripi\venv\Lib\site-packages\pluggy\_hooks.py", line 512, in __call__
    return self._hookexec(self.name, self._hookimpls.copy(), kwargs, firstresult)
  File "D:\git\dev\Picoripi\venv\Lib\site-packages\pluggy\_manager.py", line 120, in _hookexec
    return self._inner_hookexec(hook_name, methods, kwargs, firstresult)
  File "D:\git\dev\Picoripi\venv\Lib\site-packages\pluggy\_callers.py", line 121, in _multicall
    res = hook_impl.function(*args)
  File "D:\git\dev\Picoripi\venv\Lib\site-packages\_pytest\main.py", line 365, in pytest_cmdline_main
    return wrap_session(config, _main)
  File "D:\git\dev\Picoripi\venv\Lib\site-packages\_pytest\main.py", line 318, in wrap_session
    session.exitstatus = doit(config, session) or 0
  File "D:\git\dev\Picoripi\venv\Lib\site-packages\_pytest\main.py", line 372, in _main
    config.hook.pytest_runtestloop(session=session)
  File "D:\git\dev\Picoripi\venv\Lib\site-packages\pluggy\_hooks.py", line 512, in __call__
    return self._hookexec(self.name, self._hookimpls.copy(), kwargs, firstresult)
  File "D:\git\dev\Picoripi\venv\Lib\site-packages\pluggy\_manager.py", line 120, in _hookexec
    return self._inner_hookexec(hook_name, methods, kwargs, firstresult)
  File "D:\git\dev\Picoripi\venv\Lib\site-packages\pluggy\_callers.py", line 121, in _multicall
    res = hook_impl.function(*args)
  File "D:\git\dev\Picoripi\venv\Lib\site-packages\_pytest\main.py", line 396, in pytest_runtestloop
    item.config.hook.pytest_runtest_protocol(item=item, nextitem=nextitem)
  File "D:\git\dev\Picoripi\venv\Lib\site-packages\pluggy\_hooks.py", line 512, in __call__
    return self._hookexec(self.name, self._hookimpls.copy(), kwargs, firstresult)
  File "D:\git\dev\Picoripi\venv\Lib\site-packages\pluggy\_manager.py", line 120, in _hookexec
    return self._inner_hookexec(hook_name, methods, kwargs, firstresult)
  File "D:\git\dev\Picoripi\venv\Lib\site-packages\pluggy\_callers.py", line 121, in _multicall
    res = hook_impl.function(*args)
  File "D:\git\dev\Picoripi\venv\Lib\site-packages\_pytest\runner.py", line 118, in pytest_runtest_protocol
    runtestprotocol(item, nextitem=nextitem)
  File "D:\git\dev\Picoripi\venv\Lib\site-packages\_pytest\runner.py", line 137, in runtestprotocol
    reports.append(call_and_report(item, "call", log))
  File "D:\git\dev\Picoripi\venv\Lib\site-packages\_pytest\runner.py", line 244, in call_and_report
    call = CallInfo.from_call(
  File "D:\git\dev\Picoripi\venv\Lib\site-packages\_pytest\runner.py", line 353, in from_call
    result: TResult | None = func()
  File "D:\git\dev\Picoripi\venv\Lib\site-packages\_pytest\runner.py", line 245, in <lambda>
    lambda: runtest_hook(item=item, **kwds),
  File "D:\git\dev\Picoripi\venv\Lib\site-packages\pluggy\_hooks.py", line 512, in __call__
    return self._hookexec(self.name, self._hookimpls.copy(), kwargs, firstresult)
  File "D:\git\dev\Picoripi\venv\Lib\site-packages\pluggy\_manager.py", line 120, in _hookexec
    return self._inner_hookexec(hook_name, methods, kwargs, firstresult)
  File "D:\git\dev\Picoripi\venv\Lib\site-packages\pluggy\_callers.py", line 121, in _multicall
    res = hook_impl.function(*args)
  File "D:\git\dev\Picoripi\venv\Lib\site-packages\_pytest\runner.py", line 179, in pytest_runtest_call
    item.runtest()
  File "D:\git\dev\Picoripi\venv\Lib\site-packages\_pytest\python.py", line 1720, in runtest
    self.ihook.pytest_pyfunc_call(pyfuncitem=self)
  File "D:\git\dev\Picoripi\venv\Lib\site-packages\pluggy\_hooks.py", line 512, in __call__
    return self._hookexec(self.name, self._hookimpls.copy(), kwargs, firstresult)
  File "D:\git\dev\Picoripi\venv\Lib\site-packages\pluggy\_manager.py", line 120, in _hookexec
    return self._inner_hookexec(hook_name, methods, kwargs, firstresult)
  File "D:\git\dev\Picoripi\venv\Lib\site-packages\pluggy\_callers.py", line 121, in _multicall
    res = hook_impl.function(*args)
  File "D:\git\dev\Picoripi\venv\Lib\site-packages\_pytest\python.py", line 166, in pytest_pyfunc_call
    result = testfunction(**testargs)
  File "C:\Program Files\Python314\Lib\unittest\mock.py", line 1432, in patched
    return func(*newargs, **newkeywargs)
  File "D:\git\dev\Picoripi\tests\test_handlers\test_text_autofix_logic.py", line 130, in test_TextAutofixLogic_fix_short_lines_merge
    assert mock_autofix._fix_short_lines(text) == "Short line."
  File "D:\git\dev\Picoripi\handlers\text_autofix_logic.py", line 178, in _fix_short_lines
    log_debug(f"Auto-fix (_fix_short_lines): Adding space when merging. Current ends: '{current_line_for_width_calc[-5:]}', Next starts: '{first_word_next_raw[
:5]}'")
  File "D:\git\dev\Picoripi\utils\logging_utils.py", line 134, in log_debug
    _log_message(logging.DEBUG, message, category)
  File "D:\git\dev\Picoripi\utils\logging_utils.py", line 122, in _log_message
    adapter.debug(message)
Message: "Auto-fix (_fix_short_lines): Adding space when merging. Current ends: 'Short', Next starts: 'line.'"
Arguments: ()
2026-03-21 19:23:25,051 - DEBUG - [GENERAL] logging_utils - _log_message - Auto-fix (_fix_short_lines): Adding space when merging. Current ends: 'Short', Next 
starts: 'line.'
tests/test_handlers/test_text_autofix_logic.py::test_TextAutofixLogic_fix_short_lines_merge PASSED
tests/test_handlers/test_text_autofix_logic.py::test_TextAutofixLogic_fix_width_exceeded_corner PASSED
tests/test_handlers/test_text_autofix_logic.py::test_TextAutofixLogic_fix_blue_sublines_corner PASSED
--- Logging error ---
Traceback (most recent call last):
  File "C:\Program Files\Python314\Lib\logging\handlers.py", line 80, in emit
    self.doRollover()
    ~~~~~~~~~~~~~~~^^
  File "C:\Program Files\Python314\Lib\logging\handlers.py", line 185, in doRollover
    self.rotate(self.baseFilename, dfn)
    ~~~~~~~~~~~^^^^^^^^^^^^^^^^^^^^^^^^
  File "C:\Program Files\Python314\Lib\logging\handlers.py", line 121, in rotate
    os.rename(source, dest)
    ~~~~~~~~~^^^^^^^^^^^^^^
PermissionError: [WinError 32] The process cannot access the file because it is being used by another process: 'D:\\git\\dev\\Picoripi\\app_debug.txt' -> 'D:\\
git\\dev\\Picoripi\\app_debug.txt.1'
Call stack:
  File "<frozen runpy>", line 198, in _run_module_as_main
  File "<frozen runpy>", line 88, in _run_code
  File "D:\git\dev\Picoripi\venv\Lib\site-packages\pytest\__main__.py", line 9, in <module>
    raise SystemExit(pytest.console_main())
  File "D:\git\dev\Picoripi\venv\Lib\site-packages\_pytest\config\__init__.py", line 223, in console_main
    code = main()
  File "D:\git\dev\Picoripi\venv\Lib\site-packages\_pytest\config\__init__.py", line 199, in main
    ret: ExitCode | int = config.hook.pytest_cmdline_main(config=config)
  File "D:\git\dev\Picoripi\venv\Lib\site-packages\pluggy\_hooks.py", line 512, in __call__
    return self._hookexec(self.name, self._hookimpls.copy(), kwargs, firstresult)
  File "D:\git\dev\Picoripi\venv\Lib\site-packages\pluggy\_manager.py", line 120, in _hookexec
    return self._inner_hookexec(hook_name, methods, kwargs, firstresult)
  File "D:\git\dev\Picoripi\venv\Lib\site-packages\pluggy\_callers.py", line 121, in _multicall
    res = hook_impl.function(*args)
  File "D:\git\dev\Picoripi\venv\Lib\site-packages\_pytest\main.py", line 365, in pytest_cmdline_main
    return wrap_session(config, _main)
  File "D:\git\dev\Picoripi\venv\Lib\site-packages\_pytest\main.py", line 318, in wrap_session
    session.exitstatus = doit(config, session) or 0
  File "D:\git\dev\Picoripi\venv\Lib\site-packages\_pytest\main.py", line 372, in _main
    config.hook.pytest_runtestloop(session=session)
  File "D:\git\dev\Picoripi\venv\Lib\site-packages\pluggy\_hooks.py", line 512, in __call__
    return self._hookexec(self.name, self._hookimpls.copy(), kwargs, firstresult)
  File "D:\git\dev\Picoripi\venv\Lib\site-packages\pluggy\_manager.py", line 120, in _hookexec
    return self._inner_hookexec(hook_name, methods, kwargs, firstresult)
  File "D:\git\dev\Picoripi\venv\Lib\site-packages\pluggy\_callers.py", line 121, in _multicall
    res = hook_impl.function(*args)
  File "D:\git\dev\Picoripi\venv\Lib\site-packages\_pytest\main.py", line 396, in pytest_runtestloop
    item.config.hook.pytest_runtest_protocol(item=item, nextitem=nextitem)
  File "D:\git\dev\Picoripi\venv\Lib\site-packages\pluggy\_hooks.py", line 512, in __call__
    return self._hookexec(self.name, self._hookimpls.copy(), kwargs, firstresult)
  File "D:\git\dev\Picoripi\venv\Lib\site-packages\pluggy\_manager.py", line 120, in _hookexec
    return self._inner_hookexec(hook_name, methods, kwargs, firstresult)
  File "D:\git\dev\Picoripi\venv\Lib\site-packages\pluggy\_callers.py", line 121, in _multicall
    res = hook_impl.function(*args)
  File "D:\git\dev\Picoripi\venv\Lib\site-packages\_pytest\runner.py", line 118, in pytest_runtest_protocol
    runtestprotocol(item, nextitem=nextitem)
  File "D:\git\dev\Picoripi\venv\Lib\site-packages\_pytest\runner.py", line 137, in runtestprotocol
    reports.append(call_and_report(item, "call", log))
  File "D:\git\dev\Picoripi\venv\Lib\site-packages\_pytest\runner.py", line 244, in call_and_report
    call = CallInfo.from_call(
  File "D:\git\dev\Picoripi\venv\Lib\site-packages\_pytest\runner.py", line 353, in from_call
    result: TResult | None = func()
  File "D:\git\dev\Picoripi\venv\Lib\site-packages\_pytest\runner.py", line 245, in <lambda>
    lambda: runtest_hook(item=item, **kwds),
  File "D:\git\dev\Picoripi\venv\Lib\site-packages\pluggy\_hooks.py", line 512, in __call__
    return self._hookexec(self.name, self._hookimpls.copy(), kwargs, firstresult)
  File "D:\git\dev\Picoripi\venv\Lib\site-packages\pluggy\_manager.py", line 120, in _hookexec
    return self._inner_hookexec(hook_name, methods, kwargs, firstresult)
  File "D:\git\dev\Picoripi\venv\Lib\site-packages\pluggy\_callers.py", line 121, in _multicall
    res = hook_impl.function(*args)
  File "D:\git\dev\Picoripi\venv\Lib\site-packages\_pytest\runner.py", line 179, in pytest_runtest_call
    item.runtest()
  File "D:\git\dev\Picoripi\venv\Lib\site-packages\_pytest\python.py", line 1720, in runtest
    self.ihook.pytest_pyfunc_call(pyfuncitem=self)
  File "D:\git\dev\Picoripi\venv\Lib\site-packages\pluggy\_hooks.py", line 512, in __call__
    return self._hookexec(self.name, self._hookimpls.copy(), kwargs, firstresult)
  File "D:\git\dev\Picoripi\venv\Lib\site-packages\pluggy\_manager.py", line 120, in _hookexec
    return self._inner_hookexec(hook_name, methods, kwargs, firstresult)
  File "D:\git\dev\Picoripi\venv\Lib\site-packages\pluggy\_callers.py", line 121, in _multicall
    res = hook_impl.function(*args)
  File "D:\git\dev\Picoripi\venv\Lib\site-packages\_pytest\python.py", line 166, in pytest_pyfunc_call
    result = testfunction(**testargs)
  File "D:\git\dev\Picoripi\tests\test_handlers\test_text_autofix_logic.py", line 157, in test_TextAutofixLogic_cleanup_spaces_corner
    assert mock_autofix._cleanup_spaces_around_tags("{Color:White} ,") == "{Color:White},"
  File "D:\git\dev\Picoripi\handlers\text_autofix_logic.py", line 374, in _cleanup_spaces_around_tags
    log_debug(f"Cleanup: Rule for {tag_content}: Removing space before punctuation '{char_after_space_content}'.")
  File "D:\git\dev\Picoripi\utils\logging_utils.py", line 134, in log_debug
    _log_message(logging.DEBUG, message, category)
  File "D:\git\dev\Picoripi\utils\logging_utils.py", line 122, in _log_message
    adapter.debug(message)
Message: "Cleanup: Rule for {Color:White}: Removing space before punctuation ','."
Arguments: ()
2026-03-21 19:23:25,086 - DEBUG - [GENERAL] logging_utils - _log_message - Cleanup: Rule for {Color:White}: Removing space before punctuation ','.
--- Logging error ---
Traceback (most recent call last):
  File "C:\Program Files\Python314\Lib\logging\handlers.py", line 80, in emit
    self.doRollover()
    ~~~~~~~~~~~~~~~^^
  File "C:\Program Files\Python314\Lib\logging\handlers.py", line 185, in doRollover
    self.rotate(self.baseFilename, dfn)
    ~~~~~~~~~~~^^^^^^^^^^^^^^^^^^^^^^^^
  File "C:\Program Files\Python314\Lib\logging\handlers.py", line 121, in rotate
    os.rename(source, dest)
    ~~~~~~~~~^^^^^^^^^^^^^^
PermissionError: [WinError 32] The process cannot access the file because it is being used by another process: 'D:\\git\\dev\\Picoripi\\app_debug.txt' -> 'D:\\
git\\dev\\Picoripi\\app_debug.txt.1'
Call stack:
  File "<frozen runpy>", line 198, in _run_module_as_main
  File "<frozen runpy>", line 88, in _run_code
  File "D:\git\dev\Picoripi\venv\Lib\site-packages\pytest\__main__.py", line 9, in <module>
    raise SystemExit(pytest.console_main())
  File "D:\git\dev\Picoripi\venv\Lib\site-packages\_pytest\config\__init__.py", line 223, in console_main
    code = main()
  File "D:\git\dev\Picoripi\venv\Lib\site-packages\_pytest\config\__init__.py", line 199, in main
    ret: ExitCode | int = config.hook.pytest_cmdline_main(config=config)
  File "D:\git\dev\Picoripi\venv\Lib\site-packages\pluggy\_hooks.py", line 512, in __call__
    return self._hookexec(self.name, self._hookimpls.copy(), kwargs, firstresult)
  File "D:\git\dev\Picoripi\venv\Lib\site-packages\pluggy\_manager.py", line 120, in _hookexec
    return self._inner_hookexec(hook_name, methods, kwargs, firstresult)
  File "D:\git\dev\Picoripi\venv\Lib\site-packages\pluggy\_callers.py", line 121, in _multicall
    res = hook_impl.function(*args)
  File "D:\git\dev\Picoripi\venv\Lib\site-packages\_pytest\main.py", line 365, in pytest_cmdline_main
    return wrap_session(config, _main)
  File "D:\git\dev\Picoripi\venv\Lib\site-packages\_pytest\main.py", line 318, in wrap_session
    session.exitstatus = doit(config, session) or 0
  File "D:\git\dev\Picoripi\venv\Lib\site-packages\_pytest\main.py", line 372, in _main
    config.hook.pytest_runtestloop(session=session)
  File "D:\git\dev\Picoripi\venv\Lib\site-packages\pluggy\_hooks.py", line 512, in __call__
    return self._hookexec(self.name, self._hookimpls.copy(), kwargs, firstresult)
  File "D:\git\dev\Picoripi\venv\Lib\site-packages\pluggy\_manager.py", line 120, in _hookexec
    return self._inner_hookexec(hook_name, methods, kwargs, firstresult)
  File "D:\git\dev\Picoripi\venv\Lib\site-packages\pluggy\_callers.py", line 121, in _multicall
    res = hook_impl.function(*args)
  File "D:\git\dev\Picoripi\venv\Lib\site-packages\_pytest\main.py", line 396, in pytest_runtestloop
    item.config.hook.pytest_runtest_protocol(item=item, nextitem=nextitem)
  File "D:\git\dev\Picoripi\venv\Lib\site-packages\pluggy\_hooks.py", line 512, in __call__
    return self._hookexec(self.name, self._hookimpls.copy(), kwargs, firstresult)
  File "D:\git\dev\Picoripi\venv\Lib\site-packages\pluggy\_manager.py", line 120, in _hookexec
    return self._inner_hookexec(hook_name, methods, kwargs, firstresult)
  File "D:\git\dev\Picoripi\venv\Lib\site-packages\pluggy\_callers.py", line 121, in _multicall
    res = hook_impl.function(*args)
  File "D:\git\dev\Picoripi\venv\Lib\site-packages\_pytest\runner.py", line 118, in pytest_runtest_protocol
    runtestprotocol(item, nextitem=nextitem)
  File "D:\git\dev\Picoripi\venv\Lib\site-packages\_pytest\runner.py", line 137, in runtestprotocol
    reports.append(call_and_report(item, "call", log))
  File "D:\git\dev\Picoripi\venv\Lib\site-packages\_pytest\runner.py", line 244, in call_and_report
    call = CallInfo.from_call(
  File "D:\git\dev\Picoripi\venv\Lib\site-packages\_pytest\runner.py", line 353, in from_call
    result: TResult | None = func()
  File "D:\git\dev\Picoripi\venv\Lib\site-packages\_pytest\runner.py", line 245, in <lambda>
    lambda: runtest_hook(item=item, **kwds),
  File "D:\git\dev\Picoripi\venv\Lib\site-packages\pluggy\_hooks.py", line 512, in __call__
    return self._hookexec(self.name, self._hookimpls.copy(), kwargs, firstresult)
  File "D:\git\dev\Picoripi\venv\Lib\site-packages\pluggy\_manager.py", line 120, in _hookexec
    return self._inner_hookexec(hook_name, methods, kwargs, firstresult)
  File "D:\git\dev\Picoripi\venv\Lib\site-packages\pluggy\_callers.py", line 121, in _multicall
    res = hook_impl.function(*args)
  File "D:\git\dev\Picoripi\venv\Lib\site-packages\_pytest\runner.py", line 179, in pytest_runtest_call
    item.runtest()
  File "D:\git\dev\Picoripi\venv\Lib\site-packages\_pytest\python.py", line 1720, in runtest
    self.ihook.pytest_pyfunc_call(pyfuncitem=self)
  File "D:\git\dev\Picoripi\venv\Lib\site-packages\pluggy\_hooks.py", line 512, in __call__
    return self._hookexec(self.name, self._hookimpls.copy(), kwargs, firstresult)
  File "D:\git\dev\Picoripi\venv\Lib\site-packages\pluggy\_manager.py", line 120, in _hookexec
    return self._inner_hookexec(hook_name, methods, kwargs, firstresult)
  File "D:\git\dev\Picoripi\venv\Lib\site-packages\pluggy\_callers.py", line 121, in _multicall
    res = hook_impl.function(*args)
  File "D:\git\dev\Picoripi\venv\Lib\site-packages\_pytest\python.py", line 166, in pytest_pyfunc_call
    result = testfunction(**testargs)
  File "D:\git\dev\Picoripi\tests\test_handlers\test_text_autofix_logic.py", line 157, in test_TextAutofixLogic_cleanup_spaces_corner
    assert mock_autofix._cleanup_spaces_around_tags("{Color:White} ,") == "{Color:White},"
  File "D:\git\dev\Picoripi\handlers\text_autofix_logic.py", line 393, in _cleanup_spaces_around_tags
    log_debug(f"Auto-fix (_cleanup_spaces_around_tags): Text changed. Original: '{original_text}', Final: '{final_text}'")
  File "D:\git\dev\Picoripi\utils\logging_utils.py", line 134, in log_debug
    _log_message(logging.DEBUG, message, category)
  File "D:\git\dev\Picoripi\utils\logging_utils.py", line 122, in _log_message
    adapter.debug(message)
Message: "Auto-fix (_cleanup_spaces_around_tags): Text changed. Original: '{Color:White} ,', Final: '{Color:White},'"
Arguments: ()
2026-03-21 19:23:25,087 - DEBUG - [GENERAL] logging_utils - _log_message - Auto-fix (_cleanup_spaces_around_tags): Text changed. Original: '{Color:White} ,', F
inal: '{Color:White},'
tests/test_handlers/test_text_autofix_logic.py::test_TextAutofixLogic_cleanup_spaces_corner PASSED
--- Logging error ---
Traceback (most recent call last):
  File "C:\Program Files\Python314\Lib\logging\handlers.py", line 80, in emit
    self.doRollover()
    ~~~~~~~~~~~~~~~^^
  File "C:\Program Files\Python314\Lib\logging\handlers.py", line 185, in doRollover
    self.rotate(self.baseFilename, dfn)
    ~~~~~~~~~~~^^^^^^^^^^^^^^^^^^^^^^^^
  File "C:\Program Files\Python314\Lib\logging\handlers.py", line 121, in rotate
    os.rename(source, dest)
    ~~~~~~~~~^^^^^^^^^^^^^^
PermissionError: [WinError 32] The process cannot access the file because it is being used by another process: 'D:\\git\\dev\\Picoripi\\app_debug.txt' -> 'D:\\
git\\dev\\Picoripi\\app_debug.txt.1'
Call stack:
  File "<frozen runpy>", line 198, in _run_module_as_main
  File "<frozen runpy>", line 88, in _run_code
  File "D:\git\dev\Picoripi\venv\Lib\site-packages\pytest\__main__.py", line 9, in <module>
    raise SystemExit(pytest.console_main())
  File "D:\git\dev\Picoripi\venv\Lib\site-packages\_pytest\config\__init__.py", line 223, in console_main
    code = main()
  File "D:\git\dev\Picoripi\venv\Lib\site-packages\_pytest\config\__init__.py", line 199, in main
    ret: ExitCode | int = config.hook.pytest_cmdline_main(config=config)
  File "D:\git\dev\Picoripi\venv\Lib\site-packages\pluggy\_hooks.py", line 512, in __call__
    return self._hookexec(self.name, self._hookimpls.copy(), kwargs, firstresult)
  File "D:\git\dev\Picoripi\venv\Lib\site-packages\pluggy\_manager.py", line 120, in _hookexec
    return self._inner_hookexec(hook_name, methods, kwargs, firstresult)
  File "D:\git\dev\Picoripi\venv\Lib\site-packages\pluggy\_callers.py", line 121, in _multicall
    res = hook_impl.function(*args)
  File "D:\git\dev\Picoripi\venv\Lib\site-packages\_pytest\main.py", line 365, in pytest_cmdline_main
    return wrap_session(config, _main)
  File "D:\git\dev\Picoripi\venv\Lib\site-packages\_pytest\main.py", line 318, in wrap_session
    session.exitstatus = doit(config, session) or 0
  File "D:\git\dev\Picoripi\venv\Lib\site-packages\_pytest\main.py", line 372, in _main
    config.hook.pytest_runtestloop(session=session)
  File "D:\git\dev\Picoripi\venv\Lib\site-packages\pluggy\_hooks.py", line 512, in __call__
    return self._hookexec(self.name, self._hookimpls.copy(), kwargs, firstresult)
  File "D:\git\dev\Picoripi\venv\Lib\site-packages\pluggy\_manager.py", line 120, in _hookexec
    return self._inner_hookexec(hook_name, methods, kwargs, firstresult)
  File "D:\git\dev\Picoripi\venv\Lib\site-packages\pluggy\_callers.py", line 121, in _multicall
    res = hook_impl.function(*args)
  File "D:\git\dev\Picoripi\venv\Lib\site-packages\_pytest\main.py", line 396, in pytest_runtestloop
    item.config.hook.pytest_runtest_protocol(item=item, nextitem=nextitem)
  File "D:\git\dev\Picoripi\venv\Lib\site-packages\pluggy\_hooks.py", line 512, in __call__
    return self._hookexec(self.name, self._hookimpls.copy(), kwargs, firstresult)
  File "D:\git\dev\Picoripi\venv\Lib\site-packages\pluggy\_manager.py", line 120, in _hookexec
    return self._inner_hookexec(hook_name, methods, kwargs, firstresult)
  File "D:\git\dev\Picoripi\venv\Lib\site-packages\pluggy\_callers.py", line 121, in _multicall
    res = hook_impl.function(*args)
  File "D:\git\dev\Picoripi\venv\Lib\site-packages\_pytest\runner.py", line 118, in pytest_runtest_protocol
    runtestprotocol(item, nextitem=nextitem)
  File "D:\git\dev\Picoripi\venv\Lib\site-packages\_pytest\runner.py", line 137, in runtestprotocol
    reports.append(call_and_report(item, "call", log))
  File "D:\git\dev\Picoripi\venv\Lib\site-packages\_pytest\runner.py", line 244, in call_and_report
    call = CallInfo.from_call(
  File "D:\git\dev\Picoripi\venv\Lib\site-packages\_pytest\runner.py", line 353, in from_call
    result: TResult | None = func()
  File "D:\git\dev\Picoripi\venv\Lib\site-packages\_pytest\runner.py", line 245, in <lambda>
    lambda: runtest_hook(item=item, **kwds),
  File "D:\git\dev\Picoripi\venv\Lib\site-packages\pluggy\_hooks.py", line 512, in __call__
    return self._hookexec(self.name, self._hookimpls.copy(), kwargs, firstresult)
  File "D:\git\dev\Picoripi\venv\Lib\site-packages\pluggy\_manager.py", line 120, in _hookexec
    return self._inner_hookexec(hook_name, methods, kwargs, firstresult)
  File "D:\git\dev\Picoripi\venv\Lib\site-packages\pluggy\_callers.py", line 121, in _multicall
    res = hook_impl.function(*args)
  File "D:\git\dev\Picoripi\venv\Lib\site-packages\_pytest\runner.py", line 179, in pytest_runtest_call
    item.runtest()
  File "D:\git\dev\Picoripi\venv\Lib\site-packages\_pytest\python.py", line 1720, in runtest
    self.ihook.pytest_pyfunc_call(pyfuncitem=self)
  File "D:\git\dev\Picoripi\venv\Lib\site-packages\pluggy\_hooks.py", line 512, in __call__
    return self._hookexec(self.name, self._hookimpls.copy(), kwargs, firstresult)
  File "D:\git\dev\Picoripi\venv\Lib\site-packages\pluggy\_manager.py", line 120, in _hookexec
    return self._inner_hookexec(hook_name, methods, kwargs, firstresult)
  File "D:\git\dev\Picoripi\venv\Lib\site-packages\pluggy\_callers.py", line 121, in _multicall
    res = hook_impl.function(*args)
  File "D:\git\dev\Picoripi\venv\Lib\site-packages\_pytest\python.py", line 166, in pytest_pyfunc_call
    result = testfunction(**testargs)
  File "C:\Program Files\Python314\Lib\unittest\mock.py", line 1432, in patched
    return func(*newargs, **newkeywargs)
  File "D:\git\dev\Picoripi\tests\test_handlers\test_text_autofix_logic.py", line 181, in test_TextAutofixLogic_auto_fix_current_string_corner
    mock_autofix.auto_fix_current_string()
  File "D:\git\dev\Picoripi\handlers\text_autofix_logic.py", line 496, in auto_fix_current_string
    log_debug("Auto-fix: No changes made to the text.")
  File "D:\git\dev\Picoripi\utils\logging_utils.py", line 134, in log_debug
    _log_message(logging.DEBUG, message, category)
  File "D:\git\dev\Picoripi\utils\logging_utils.py", line 122, in _log_message
    adapter.debug(message)
Message: 'Auto-fix: No changes made to the text.'
Arguments: ()
2026-03-21 19:23:25,102 - DEBUG - [GENERAL] logging_utils - _log_message - Auto-fix: No changes made to the text.
--- Logging error ---
Traceback (most recent call last):
  File "C:\Program Files\Python314\Lib\logging\handlers.py", line 80, in emit
    self.doRollover()
    ~~~~~~~~~~~~~~~^^
  File "C:\Program Files\Python314\Lib\logging\handlers.py", line 185, in doRollover
    self.rotate(self.baseFilename, dfn)
    ~~~~~~~~~~~^^^^^^^^^^^^^^^^^^^^^^^^
  File "C:\Program Files\Python314\Lib\logging\handlers.py", line 121, in rotate
    os.rename(source, dest)
    ~~~~~~~~~^^^^^^^^^^^^^^
PermissionError: [WinError 32] The process cannot access the file because it is being used by another process: 'D:\\git\\dev\\Picoripi\\app_debug.txt' -> 'D:\\
git\\dev\\Picoripi\\app_debug.txt.1'
Call stack:
  File "<frozen runpy>", line 198, in _run_module_as_main
  File "<frozen runpy>", line 88, in _run_code
  File "D:\git\dev\Picoripi\venv\Lib\site-packages\pytest\__main__.py", line 9, in <module>
    raise SystemExit(pytest.console_main())
  File "D:\git\dev\Picoripi\venv\Lib\site-packages\_pytest\config\__init__.py", line 223, in console_main
    code = main()
  File "D:\git\dev\Picoripi\venv\Lib\site-packages\_pytest\config\__init__.py", line 199, in main
    ret: ExitCode | int = config.hook.pytest_cmdline_main(config=config)
  File "D:\git\dev\Picoripi\venv\Lib\site-packages\pluggy\_hooks.py", line 512, in __call__
    return self._hookexec(self.name, self._hookimpls.copy(), kwargs, firstresult)
  File "D:\git\dev\Picoripi\venv\Lib\site-packages\pluggy\_manager.py", line 120, in _hookexec
    return self._inner_hookexec(hook_name, methods, kwargs, firstresult)
  File "D:\git\dev\Picoripi\venv\Lib\site-packages\pluggy\_callers.py", line 121, in _multicall
    res = hook_impl.function(*args)
  File "D:\git\dev\Picoripi\venv\Lib\site-packages\_pytest\main.py", line 365, in pytest_cmdline_main
    return wrap_session(config, _main)
  File "D:\git\dev\Picoripi\venv\Lib\site-packages\_pytest\main.py", line 318, in wrap_session
    session.exitstatus = doit(config, session) or 0
  File "D:\git\dev\Picoripi\venv\Lib\site-packages\_pytest\main.py", line 372, in _main
    config.hook.pytest_runtestloop(session=session)
  File "D:\git\dev\Picoripi\venv\Lib\site-packages\pluggy\_hooks.py", line 512, in __call__
    return self._hookexec(self.name, self._hookimpls.copy(), kwargs, firstresult)
  File "D:\git\dev\Picoripi\venv\Lib\site-packages\pluggy\_manager.py", line 120, in _hookexec
    return self._inner_hookexec(hook_name, methods, kwargs, firstresult)
  File "D:\git\dev\Picoripi\venv\Lib\site-packages\pluggy\_callers.py", line 121, in _multicall
    res = hook_impl.function(*args)
  File "D:\git\dev\Picoripi\venv\Lib\site-packages\_pytest\main.py", line 396, in pytest_runtestloop
    item.config.hook.pytest_runtest_protocol(item=item, nextitem=nextitem)
  File "D:\git\dev\Picoripi\venv\Lib\site-packages\pluggy\_hooks.py", line 512, in __call__
    return self._hookexec(self.name, self._hookimpls.copy(), kwargs, firstresult)
  File "D:\git\dev\Picoripi\venv\Lib\site-packages\pluggy\_manager.py", line 120, in _hookexec
    return self._inner_hookexec(hook_name, methods, kwargs, firstresult)
  File "D:\git\dev\Picoripi\venv\Lib\site-packages\pluggy\_callers.py", line 121, in _multicall
    res = hook_impl.function(*args)
  File "D:\git\dev\Picoripi\venv\Lib\site-packages\_pytest\runner.py", line 118, in pytest_runtest_protocol
    runtestprotocol(item, nextitem=nextitem)
  File "D:\git\dev\Picoripi\venv\Lib\site-packages\_pytest\runner.py", line 137, in runtestprotocol
    reports.append(call_and_report(item, "call", log))
  File "D:\git\dev\Picoripi\venv\Lib\site-packages\_pytest\runner.py", line 244, in call_and_report
    call = CallInfo.from_call(
  File "D:\git\dev\Picoripi\venv\Lib\site-packages\_pytest\runner.py", line 353, in from_call
    result: TResult | None = func()
  File "D:\git\dev\Picoripi\venv\Lib\site-packages\_pytest\runner.py", line 245, in <lambda>
    lambda: runtest_hook(item=item, **kwds),
  File "D:\git\dev\Picoripi\venv\Lib\site-packages\pluggy\_hooks.py", line 512, in __call__
    return self._hookexec(self.name, self._hookimpls.copy(), kwargs, firstresult)
  File "D:\git\dev\Picoripi\venv\Lib\site-packages\pluggy\_manager.py", line 120, in _hookexec
    return self._inner_hookexec(hook_name, methods, kwargs, firstresult)
  File "D:\git\dev\Picoripi\venv\Lib\site-packages\pluggy\_callers.py", line 121, in _multicall
    res = hook_impl.function(*args)
  File "D:\git\dev\Picoripi\venv\Lib\site-packages\_pytest\runner.py", line 179, in pytest_runtest_call
    item.runtest()
  File "D:\git\dev\Picoripi\venv\Lib\site-packages\_pytest\python.py", line 1720, in runtest
    self.ihook.pytest_pyfunc_call(pyfuncitem=self)
  File "D:\git\dev\Picoripi\venv\Lib\site-packages\pluggy\_hooks.py", line 512, in __call__
    return self._hookexec(self.name, self._hookimpls.copy(), kwargs, firstresult)
  File "D:\git\dev\Picoripi\venv\Lib\site-packages\pluggy\_manager.py", line 120, in _hookexec
    return self._inner_hookexec(hook_name, methods, kwargs, firstresult)
  File "D:\git\dev\Picoripi\venv\Lib\site-packages\pluggy\_callers.py", line 121, in _multicall
    res = hook_impl.function(*args)
  File "D:\git\dev\Picoripi\venv\Lib\site-packages\_pytest\python.py", line 166, in pytest_pyfunc_call
    result = testfunction(**testargs)
  File "C:\Program Files\Python314\Lib\unittest\mock.py", line 1432, in patched
    return func(*newargs, **newkeywargs)
  File "D:\git\dev\Picoripi\tests\test_handlers\test_text_autofix_logic.py", line 187, in test_TextAutofixLogic_auto_fix_current_string_corner
    mock_autofix.auto_fix_current_string()
  File "D:\git\dev\Picoripi\handlers\text_autofix_logic.py", line 430, in auto_fix_current_string
    log_debug("Auto-fix: Max iterations reached, potential complex case or loop.")
  File "D:\git\dev\Picoripi\utils\logging_utils.py", line 134, in log_debug
    _log_message(logging.DEBUG, message, category)
  File "D:\git\dev\Picoripi\utils\logging_utils.py", line 122, in _log_message
    adapter.debug(message)
Message: 'Auto-fix: Max iterations reached, potential complex case or loop.'
Arguments: ()
2026-03-21 19:23:25,103 - DEBUG - [GENERAL] logging_utils - _log_message - Auto-fix: Max iterations reached, potential complex case or loop.
--- Logging error ---
Traceback (most recent call last):
  File "C:\Program Files\Python314\Lib\logging\handlers.py", line 80, in emit
    self.doRollover()
    ~~~~~~~~~~~~~~~^^
  File "C:\Program Files\Python314\Lib\logging\handlers.py", line 185, in doRollover
    self.rotate(self.baseFilename, dfn)
    ~~~~~~~~~~~^^^^^^^^^^^^^^^^^^^^^^^^
  File "C:\Program Files\Python314\Lib\logging\handlers.py", line 121, in rotate
    os.rename(source, dest)
    ~~~~~~~~~^^^^^^^^^^^^^^
PermissionError: [WinError 32] The process cannot access the file because it is being used by another process: 'D:\\git\\dev\\Picoripi\\app_debug.txt' -> 'D:\\
git\\dev\\Picoripi\\app_debug.txt.1'
Call stack:
  File "<frozen runpy>", line 198, in _run_module_as_main
  File "<frozen runpy>", line 88, in _run_code
  File "D:\git\dev\Picoripi\venv\Lib\site-packages\pytest\__main__.py", line 9, in <module>
    raise SystemExit(pytest.console_main())
  File "D:\git\dev\Picoripi\venv\Lib\site-packages\_pytest\config\__init__.py", line 223, in console_main
    code = main()
  File "D:\git\dev\Picoripi\venv\Lib\site-packages\_pytest\config\__init__.py", line 199, in main
    ret: ExitCode | int = config.hook.pytest_cmdline_main(config=config)
  File "D:\git\dev\Picoripi\venv\Lib\site-packages\pluggy\_hooks.py", line 512, in __call__
    return self._hookexec(self.name, self._hookimpls.copy(), kwargs, firstresult)
  File "D:\git\dev\Picoripi\venv\Lib\site-packages\pluggy\_manager.py", line 120, in _hookexec
    return self._inner_hookexec(hook_name, methods, kwargs, firstresult)
  File "D:\git\dev\Picoripi\venv\Lib\site-packages\pluggy\_callers.py", line 121, in _multicall
    res = hook_impl.function(*args)
  File "D:\git\dev\Picoripi\venv\Lib\site-packages\_pytest\main.py", line 365, in pytest_cmdline_main
    return wrap_session(config, _main)
  File "D:\git\dev\Picoripi\venv\Lib\site-packages\_pytest\main.py", line 318, in wrap_session
    session.exitstatus = doit(config, session) or 0
  File "D:\git\dev\Picoripi\venv\Lib\site-packages\_pytest\main.py", line 372, in _main
    config.hook.pytest_runtestloop(session=session)
  File "D:\git\dev\Picoripi\venv\Lib\site-packages\pluggy\_hooks.py", line 512, in __call__
    return self._hookexec(self.name, self._hookimpls.copy(), kwargs, firstresult)
  File "D:\git\dev\Picoripi\venv\Lib\site-packages\pluggy\_manager.py", line 120, in _hookexec
    return self._inner_hookexec(hook_name, methods, kwargs, firstresult)
  File "D:\git\dev\Picoripi\venv\Lib\site-packages\pluggy\_callers.py", line 121, in _multicall
    res = hook_impl.function(*args)
  File "D:\git\dev\Picoripi\venv\Lib\site-packages\_pytest\main.py", line 396, in pytest_runtestloop
    item.config.hook.pytest_runtest_protocol(item=item, nextitem=nextitem)
  File "D:\git\dev\Picoripi\venv\Lib\site-packages\pluggy\_hooks.py", line 512, in __call__
    return self._hookexec(self.name, self._hookimpls.copy(), kwargs, firstresult)
  File "D:\git\dev\Picoripi\venv\Lib\site-packages\pluggy\_manager.py", line 120, in _hookexec
    return self._inner_hookexec(hook_name, methods, kwargs, firstresult)
  File "D:\git\dev\Picoripi\venv\Lib\site-packages\pluggy\_callers.py", line 121, in _multicall
    res = hook_impl.function(*args)
  File "D:\git\dev\Picoripi\venv\Lib\site-packages\_pytest\runner.py", line 118, in pytest_runtest_protocol
    runtestprotocol(item, nextitem=nextitem)
  File "D:\git\dev\Picoripi\venv\Lib\site-packages\_pytest\runner.py", line 137, in runtestprotocol
    reports.append(call_and_report(item, "call", log))
  File "D:\git\dev\Picoripi\venv\Lib\site-packages\_pytest\runner.py", line 244, in call_and_report
    call = CallInfo.from_call(
  File "D:\git\dev\Picoripi\venv\Lib\site-packages\_pytest\runner.py", line 353, in from_call
    result: TResult | None = func()
  File "D:\git\dev\Picoripi\venv\Lib\site-packages\_pytest\runner.py", line 245, in <lambda>
    lambda: runtest_hook(item=item, **kwds),
  File "D:\git\dev\Picoripi\venv\Lib\site-packages\pluggy\_hooks.py", line 512, in __call__
    return self._hookexec(self.name, self._hookimpls.copy(), kwargs, firstresult)
  File "D:\git\dev\Picoripi\venv\Lib\site-packages\pluggy\_manager.py", line 120, in _hookexec
    return self._inner_hookexec(hook_name, methods, kwargs, firstresult)
  File "D:\git\dev\Picoripi\venv\Lib\site-packages\pluggy\_callers.py", line 121, in _multicall
    res = hook_impl.function(*args)
  File "D:\git\dev\Picoripi\venv\Lib\site-packages\_pytest\runner.py", line 179, in pytest_runtest_call
    item.runtest()
  File "D:\git\dev\Picoripi\venv\Lib\site-packages\_pytest\python.py", line 1720, in runtest
    self.ihook.pytest_pyfunc_call(pyfuncitem=self)
  File "D:\git\dev\Picoripi\venv\Lib\site-packages\pluggy\_hooks.py", line 512, in __call__
    return self._hookexec(self.name, self._hookimpls.copy(), kwargs, firstresult)
  File "D:\git\dev\Picoripi\venv\Lib\site-packages\pluggy\_manager.py", line 120, in _hookexec
    return self._inner_hookexec(hook_name, methods, kwargs, firstresult)
  File "D:\git\dev\Picoripi\venv\Lib\site-packages\pluggy\_callers.py", line 121, in _multicall
    res = hook_impl.function(*args)
  File "D:\git\dev\Picoripi\venv\Lib\site-packages\_pytest\python.py", line 166, in pytest_pyfunc_call
    result = testfunction(**testargs)
  File "C:\Program Files\Python314\Lib\unittest\mock.py", line 1432, in patched
    return func(*newargs, **newkeywargs)
  File "D:\git\dev\Picoripi\tests\test_handlers\test_text_autofix_logic.py", line 187, in test_TextAutofixLogic_auto_fix_current_string_corner
    mock_autofix.auto_fix_current_string()
  File "D:\git\dev\Picoripi\handlers\text_autofix_logic.py", line 436, in auto_fix_current_string
    log_debug(f"Auto-fix: Applying changes. Original: '{current_text[:100]}...', Final: '{final_text_to_apply[:100]}...'")
  File "D:\git\dev\Picoripi\utils\logging_utils.py", line 134, in log_debug
    _log_message(logging.DEBUG, message, category)
  File "D:\git\dev\Picoripi\utils\logging_utils.py", line 122, in _log_message
    adapter.debug(message)
Message: "Auto-fix: Applying changes. Original: 'Original...', Final: 'Original!!!!!!!!!!...'"
Arguments: ()
2026-03-21 19:23:25,104 - DEBUG - [GENERAL] logging_utils - _log_message - Auto-fix: Applying changes. Original: 'Original...', Final: 'Original!!!!!!!!!!...'
tests/test_handlers/test_text_autofix_logic.py::test_TextAutofixLogic_auto_fix_current_string_corner PASSED

================================== FAILURES ===================================
_______ TestProjectLifecycle.test_complete_project_load_and_population ________

self = <ui.main_window.main_window_plugin_handler.MainWindowPluginHandler object at 0x000001AA49F497F0>

    def load_game_plugin(self):
        log_info(f"Attempting to load plugin: '{self.mw.active_game_plugin}'")
    
        try:
            module_path = f"plugins.{self.mw.active_game_plugin}.rules"
            if module_path in sys.modules:
                del sys.modules[module_path]
                # Force reload of related modules to ensure clean state
                related_modules = [
                    f"plugins.{self.mw.active_game_plugin}.config",
                    f"plugins.{self.mw.active_game_plugin}.tag_checker_handler",
                    f"plugins.{self.mw.active_game_plugin}.tag_manager",
                    f"plugins.{self.mw.active_game_plugin}.problem_analyzer",
                    f"plugins.{self.mw.active_game_plugin}.text_fixer",
                    f"plugins.{self.mw.active_game_plugin}.tag_logic"
                ]
                for mod in related_modules:
                    if mod in sys.modules:
                        del sys.modules[mod]
    
            game_rules_module = importlib.import_module(module_path)
    
            if hasattr(game_rules_module, 'GameRules') and issubclass(getattr(game_rules_module, 'GameRules'), BaseGameRules):
                GameRulesClass = getattr(game_rules_module, 'GameRules')
>               self.mw.current_game_rules = GameRulesClass(main_window_ref=self.mw)
                                             ^^^^^^^^^^^^^^^^^^^^^^^^^^^^^^^^^^^^^^^

ui\main_window\main_window_plugin_handler.py:74: 
_ _ _ _ _ _ _ _ _ _ _ _ _ _ _ _ _ _ _ _ _ _ _ _ _ _ _ _ _ _ _ _ _ _ _ _ _ _ _ _
plugins\pokemon_fr\rules.py:20: in __init__
    self.tag_manager = TagManager(main_window_ref)
                       ^^^^^^^^^^^^^^^^^^^^^^^^^^^
plugins\pokemon_fr\tag_manager.py:8: in __init__
    super().__init__(main_window_ref)
plugins\common\tag_manager.py:13: in __init__
    self.reconfigure_styles()
plugins\common\tag_manager.py:37: in reconfigure_styles
    tag_color = get_safe_color(tag_color_str, "#FF8C00")
                ^^^^^^^^^^^^^^^^^^^^^^^^^^^^^^^^^^^^^^^^
_ _ _ _ _ _ _ _ _ _ _ _ _ _ _ _ _ _ _ _ _ _ _ _ _ _ _ _ _ _ _ _ _ _ _ _ _ _ _ _

color_str = <MockMainWindow name='mock.tag_color_rgba' id='1830896843280'>
default_hex = '#FF8C00'

    def get_safe_color(color_str, default_hex):
        if not color_str:
            return QColor(default_hex)
>       color = QColor(color_str)
                ^^^^^^^^^^^^^^^^^
E       TypeError: arguments did not match any overloaded call:
E         QColor(color: Qt.GlobalColor): 
E         QColor(rgb: int): too many arguments
E         QColor(rgba64: QRgba64): not enough arguments
E         QColor(variant: Any): argument 1 has unexpected type 'MockMainWindow'
E         QColor(): argument 1 has unexpected type 'MockMainWindow'

plugins\common\tag_manager.py:25: TypeError

During handling of the above exception, another exception occurred:

self = <test_project_lifecycle.TestProjectLifecycle testMethod=test_complete_project_load_and_population>

    def test_complete_project_load_and_population(self):
        # Use known project from the environment
        project_path = os.path.abspath(os.path.join(os.path.dirname(__file__), '../PokemonRS/Pokemon/project.uiproj'))
    
        if not os.path.exists(project_path):
            self.skipTest(f"Project path {project_path} not found in this environment")
    
        # 1. Load project structure
        success = self.pm.load(project_path)
        self.assertTrue(success, "ProjectManager failed to load project")
        self.assertGreater(len(self.pm.project.blocks), 0, "No blocks in project")
    
        # 2. Load plugin
        self.mw.active_game_plugin = self.pm.project.plugin_name
>       self.mw.plugin_handler.load_game_plugin()

tests\test_project_lifecycle.py:139: 
_ _ _ _ _ _ _ _ _ _ _ _ _ _ _ _ _ _ _ _ _ _ _ _ _ _ _ _ _ _ _ _ _ _ _ _ _ _ _ _
ui\main_window\main_window_plugin_handler.py:88: in load_game_plugin
    self._load_fallback_rules(error_msg)
_ _ _ _ _ _ _ _ _ _ _ _ _ _ _ _ _ _ _ _ _ _ _ _ _ _ _ _ _ _ _ _ _ _ _ _ _ _ _ _

self = <ui.main_window.main_window_plugin_handler.MainWindowPluginHandler object at 0x000001AA49F497F0>
error_message = "Unexpected error loading game plugin plugins.pokemon_fr.rules:\narguments did not match any overloaded call:\n  QColo...: Any): argument 1 has unexpected type 'MockMainWindow'\n  QColor(): argument 1 has unexpected type 'MockMainWindow'\n"

    def _load_fallback_rules(self, error_message: str = None):
        log_info("Loading fallback game rules.")
    
        # Show error to user so they know why settings are missing
        if error_message:
>           QMessageBox.critical(self.mw, "Plugin Load Error",
                                 f"Failed to load plugin '{self.mw.active_game_plugin}'.\n"
                                 "Falling back to base rules.\n\n"
                                 f"Error details:\n{error_message}")
E           TypeError: critical(parent: Optional[QWidget], title: Optional[str], text: Optional[str], buttons: Union[QMessageBox.StandardButtons, QMessageBox.StandardButton] = QMessageBox.Ok, defaultButton: QMessageBox.StandardButton = QMessageBox.NoButton): argument 1 has unexpected type 'MockMainWindow'

ui\main_window\main_window_plugin_handler.py:98: TypeError
------------------------------ Captured log call ------------------------------
ERROR    app_logger:logging_utils.py:128 Invalid project path: <MockMainWindow id='1830895599104'>
INFO     app_logger:logging_utils.py:124 Loaded project 'Pokemon' from D:\git\dev\Picoripi\PokemonRS\Pokemon
INFO     app_logger:logging_utils.py:124 Attempting to load plugin: 'pokemon_fr'
ERROR    app_logger:logging_utils.py:128 Unexpected error loading game plugin plugins.pokemon_fr.rules:
arguments did not match any overloaded call:
  QColor(color: Qt.GlobalColor): 
  QColor(rgb: int): too many arguments
  QColor(rgba64: QRgba64): not enough arguments
  QColor(variant: Any): argument 1 has unexpected type 'MockMainWindow'
  QColor(): argument 1 has unexpected type 'MockMainWindow'

Traceback (most recent call last):
  File "D:\git\dev\Picoripi\ui\main_window\main_window_plugin_handler.py", line 74, in load_game_plugin
    self.mw.current_game_rules = GameRulesClass(main_window_ref=self.mw)
                                 ~~~~~~~~~~~~~~^^^^^^^^^^^^^^^^^^^^^^^^^
  File "D:\git\dev\Picoripi\plugins\pokemon_fr\rules.py", line 20, in __init__
    self.tag_manager = TagManager(main_window_ref)
                       ~~~~~~~~~~^^^^^^^^^^^^^^^^^
  File "D:\git\dev\Picoripi\plugins\pokemon_fr\tag_manager.py", line 8, in __init__
    super().__init__(main_window_ref)
    ~~~~~~~~~~~~~~~~^^^^^^^^^^^^^^^^^
  File "D:\git\dev\Picoripi\plugins\common\tag_manager.py", line 13, in __init__
    self.reconfigure_styles()
    ~~~~~~~~~~~~~~~~~~~~~~~^^
  File "D:\git\dev\Picoripi\plugins\common\tag_manager.py", line 37, in reconfigure_styles
    tag_color = get_safe_color(tag_color_str, "#FF8C00")
  File "D:\git\dev\Picoripi\plugins\common\tag_manager.py", line 25, in get_safe_color
    color = QColor(color_str)
TypeError: arguments did not match any overloaded call:
  QColor(color: Qt.GlobalColor): 
  QColor(rgb: int): too many arguments
  QColor(rgba64: QRgba64): not enough arguments
  QColor(variant: Any): argument 1 has unexpected type 'MockMainWindow'
  QColor(): argument 1 has unexpected type 'MockMainWindow'
Traceback (most recent call last):
  File "D:\git\dev\Picoripi\ui\main_window\main_window_plugin_handler.py", line 74, in load_game_plugin
    self.mw.current_game_rules = GameRulesClass(main_window_ref=self.mw)
                                 ~~~~~~~~~~~~~~^^^^^^^^^^^^^^^^^^^^^^^^^
  File "D:\git\dev\Picoripi\plugins\pokemon_fr\rules.py", line 20, in __init__
    self.tag_manager = TagManager(main_window_ref)
                       ~~~~~~~~~~^^^^^^^^^^^^^^^^^
  File "D:\git\dev\Picoripi\plugins\pokemon_fr\tag_manager.py", line 8, in __init__
    super().__init__(main_window_ref)
    ~~~~~~~~~~~~~~~~^^^^^^^^^^^^^^^^^
  File "D:\git\dev\Picoripi\plugins\common\tag_manager.py", line 13, in __init__
    self.reconfigure_styles()
    ~~~~~~~~~~~~~~~~~~~~~~~^^
  File "D:\git\dev\Picoripi\plugins\common\tag_manager.py", line 37, in reconfigure_styles
    tag_color = get_safe_color(tag_color_str, "#FF8C00")
  File "D:\git\dev\Picoripi\plugins\common\tag_manager.py", line 25, in get_safe_color
    color = QColor(color_str)
TypeError: arguments did not match any overloaded call:
  QColor(color: Qt.GlobalColor): 
  QColor(rgb: int): too many arguments
  QColor(rgba64: QRgba64): not enough arguments
  QColor(variant: Any): argument 1 has unexpected type 'MockMainWindow'
  QColor(): argument 1 has unexpected type 'MockMainWindow'
INFO     app_logger:logging_utils.py:124 Loading fallback game rules.
_____________________ TestSearchHandler.test_search_basic _____________________

self = <test_search_handler.TestSearchHandler testMethod=test_search_basic>

    def test_search_basic(self):
        # Test find next
>       found = self.handler.find_next("world", False, True, False)
                ^^^^^^^^^^^^^^^^^^^^^^^^^^^^^^^^^^^^^^^^^^^^^^^^^^^

tests\test_search_handler.py:75: 
_ _ _ _ _ _ _ _ _ _ _ _ _ _ _ _ _ _ _ _ _ _ _ _ _ _ _ _ _ _ _ _ _ _ _ _ _ _ _ _
handlers\search_handler.py:167: in find_next
    self._navigate_to_match(b_idx, s_idx, match_pos_in_search_text, len(effective_query), self.ignore_tags_newlines)
_ _ _ _ _ _ _ _ _ _ _ _ _ _ _ _ _ _ _ _ _ _ _ _ _ _ _ _ _ _ _ _ _ _ _ _ _ _ _ _

self = <handlers.search_handler.SearchHandler object at 0x000001AA4A09F770>
block_idx_match_in_data = 0, string_idx_match_in_data = 0
char_pos_in_search_text = 6, match_len_in_search_text = 5
was_search_tagless_and_newline_agnostic = False

    def _navigate_to_match(self, block_idx_match_in_data: int, string_idx_match_in_data: int,
                           char_pos_in_search_text: int, match_len_in_search_text: int,
                           was_search_tagless_and_newline_agnostic: bool) -> None:
        log_debug(f"Navigating. Data: B:{block_idx_match_in_data}, S:{string_idx_match_in_data}. SearchTextPos:{char_pos_in_search_text}, SearchTextLen:{match_len_in_search_text}, TaglessNLSearch:{was_search_tagless_and_newline_agnostic}")
        self.clear_all_search_highlights()
        if self.mw.current_block_idx != block_idx_match_in_data:
            from PyQt5.QtWidgets import QTreeWidgetItemIterator
            iterator = QTreeWidgetItemIterator(self.mw.block_list_widget)
            while iterator.value():
                item = iterator.value()
                if item.data(0, Qt.UserRole) == block_idx_match_in_data:
                    self.mw.block_list_widget.setCurrentItem(item)
                    break
                iterator += 1
    
        if self.mw.current_string_idx != string_idx_match_in_data or self.mw.current_block_idx != block_idx_match_in_data:
             self.mw.list_selection_handler.string_selected_from_preview(string_idx_match_in_data)
        QApplication.processEvents()
    
        if was_search_tagless_and_newline_agnostic:
            temp_query_for_words = self.current_query
            query_words_for_display_search = prepare_text_for_tagless_search(temp_query_for_words, keep_original_case=True).split()
    
            if not query_words_for_display_search: return
    
            for editor in [self.mw.preview_text_edit, self.mw.original_text_edit, self.mw.edited_text_edit]:
                editor_name = editor.objectName() if editor.objectName() else "UnnamedEditor"
                if not editor or not hasattr(editor, 'highlightManager'): continue
    
                if (editor == self.mw.original_text_edit or editor == self.mw.edited_text_edit) and \
                   string_idx_match_in_data != self.mw.current_string_idx:
                    log_debug(f"TaglessSearch: Skipping {editor_name}, string mismatch for original/edited.")
                    continue
    
                found_overall_match_in_editor = False
                qtextblock_start_idx = string_idx_match_in_data if editor == self.mw.preview_text_edit else 0
                qtextblock_end_idx = string_idx_match_in_data if editor == self.mw.preview_text_edit else editor.document().blockCount() - 1
    
                for current_widget_qblock_idx in range(qtextblock_start_idx, qtextblock_end_idx + 1):
                    widget_block = editor.document().findBlockByNumber(current_widget_qblock_idx)
                    if not widget_block.isValid(): continue
                    text_in_widget_qtextblock = widget_block.text()
    
                    first_word_display = convert_raw_to_display_text(query_words_for_display_search[0], self.mw.show_multiple_spaces_as_dots, self.mw.newline_display_symbol if editor == self.mw.preview_text_edit else "")
                    # For original_text_edit, when search_in_original is true, we want to match against text with curly tags
                    # If search_in_original is false, then we're matching against translated text potentially,
                    # so the original view might need its curly tags removed for display comparison.
                    # This logic needs to be very careful.
                    if editor == self.mw.original_text_edit and not self.search_in_original:
                         first_word_display = remove_curly_tags(first_word_display)
    
                    current_search_offset_in_qblock = 0
                    while current_search_offset_in_qblock < len(text_in_widget_qtextblock):
                        start_pos = self._find_in_text(text_in_widget_qtextblock, first_word_display, current_search_offset_in_qblock, self.is_case_sensitive)
                        if start_pos == -1: break
    
                        highlight_start_qblock_idx = current_widget_qblock_idx
                        highlight_start_pos_in_qblock = start_pos
                        highlight_end_qblock_idx = current_widget_qblock_idx
                        highlight_end_pos_in_qblock_end_of_word = start_pos + len(first_word_display)
    
                        all_words_found_sequentially = True
                        if len(query_words_for_display_search) > 1:
                            temp_offset_for_next_words = highlight_end_pos_in_qblock_end_of_word
                            temp_current_qblock_for_next_words = current_widget_qblock_idx
    
                            for i in range(1, len(query_words_for_display_search)):
                                next_word_orig = query_words_for_display_search[i]
                                next_word_display = convert_raw_to_display_text(next_word_orig, self.mw.show_multiple_spaces_as_dots, self.mw.newline_display_symbol if editor == self.mw.preview_text_edit else "")
                                if editor == self.mw.original_text_edit and not self.search_in_original:
                                     next_word_display = remove_curly_tags(next_word_display)
    
                                found_current_next_word = False
                                for j in range(temp_current_qblock_for_next_words, editor.document().blockCount()):
                                    block_to_search_next_word = editor.document().findBlockByNumber(j)
                                    if not block_to_search_next_word.isValid(): all_words_found_sequentially=False; break
                                    text_of_block_to_search_next = block_to_search_next_word.text()
    
                                    search_from_in_next_block = temp_offset_for_next_words if j == temp_current_qblock_for_next_words else 0
    
                                    next_pos = self._find_in_text(text_of_block_to_search_next, next_word_display, search_from_in_next_block, self.is_case_sensitive)
                                    if next_pos != -1:
                                        highlight_end_qblock_idx = j
                                        highlight_end_pos_in_qblock_end_of_word = next_pos + len(next_word_display)
                                        temp_current_qblock_for_next_words = j
                                        temp_offset_for_next_words = highlight_end_pos_in_qblock_end_of_word
                                        found_current_next_word = True
                                        break
                                    elif j == temp_current_qblock_for_next_words :
                                        all_words_found_sequentially=False; break
                                if not found_current_next_word: all_words_found_sequentially=False
                                if not all_words_found_sequentially: break
    
                        if all_words_found_sequentially:
                            log_debug(f"TaglessSearch Highlight Range for {editor_name}: StartBlk:{highlight_start_qblock_idx} StartPos:{highlight_start_pos_in_qblock} EndBlk:{highlight_end_qblock_idx} EndPos:{highlight_end_pos_in_qblock_end_of_word}")
                            for i_hl in range(highlight_start_qblock_idx, highlight_end_qblock_idx + 1):
                                start_char = highlight_start_pos_in_qblock if i_hl == highlight_start_qblock_idx else 0
                                current_block_for_highlight_text = editor.document().findBlockByNumber(i_hl).text()
                                end_char = highlight_end_pos_in_qblock_end_of_word if i_hl == highlight_end_qblock_idx else len(current_block_for_highlight_text)
                                length_to_highlight = end_char - start_char
                                if length_to_highlight > 0 :
                                    editor.highlightManager.add_search_match_highlight(i_hl, start_char, length_to_highlight)
    
                            scroll_to_block_nav = editor.document().findBlockByNumber(highlight_start_qblock_idx)
                            cursor_nav = QTextCursor(scroll_to_block_nav)
                            cursor_nav.setPosition(scroll_to_block_nav.position() + highlight_start_pos_in_qblock)
                            editor.setTextCursor(cursor_nav); editor.ensureCursorVisible()
                            found_overall_match_in_editor = True; break
                        else:
                            current_search_offset_in_qblock = start_pos + 1
    
                    if found_overall_match_in_editor: break
        else: # Precise search
            raw_full_string_data = self._get_text_for_search(block_idx_match_in_data, string_idx_match_in_data, self.search_in_original, False)
            target_qtextblock_idx_in_editor, char_pos_in_target_qtextblock_raw = \
                self._calculate_qtextblock_and_pos_in_block(raw_full_string_data, char_pos_in_search_text)
            log_debug(f"PreciseSearch: Match is in QTextBlk(editor): {target_qtextblock_idx_in_editor}, RawCharInBlk: {char_pos_in_target_qtextblock_raw}")
    
            raw_qtextblocks = raw_full_string_data.split('\n')
            if target_qtextblock_idx_in_editor >= len(raw_qtextblocks):
                log_debug(f"ERROR: PreciseSearch: target_qtextblock_idx_in_editor out of bounds."); return
    
            raw_text_of_target_qtextblock = raw_qtextblocks[target_qtextblock_idx_in_editor]
    
            # Determine occurrence count based on the type of text searched (raw or tagless)
            # For precise search, effective_query is self.current_query
            # text_for_search was raw_full_string_data split by \n, so raw_text_of_target_qtextblock
    
            compare_raw_qtextblock_text = raw_text_of_target_qtextblock
            compare_raw_query_for_occurrence_base = self.current_query # Query is used as is for precise
    
            if not self.is_case_sensitive:
                compare_raw_qtextblock_text = raw_text_of_target_qtextblock.lower()
                compare_raw_query_for_occurrence_base = self.current_query.lower()
    
            occurrence_in_qtextblock_raw = 0; temp_pos_qblk = -1; search_offset_qblk = 0
            if compare_raw_query_for_occurrence_base:
                while search_offset_qblk <= char_pos_in_target_qtextblock_raw:
                    temp_pos_qblk = compare_raw_qtextblock_text.find(compare_raw_query_for_occurrence_base, search_offset_qblk)
                    if temp_pos_qblk == -1 or temp_pos_qblk > char_pos_in_target_qtextblock_raw: break
                    occurrence_in_qtextblock_raw += 1
                    if temp_pos_qblk == char_pos_in_target_qtextblock_raw: break
                    search_offset_qblk = temp_pos_qblk + 1
            if occurrence_in_qtextblock_raw == 0 and compare_raw_query_for_occurrence_base : occurrence_in_qtextblock_raw = 1
            log_debug(f"PreciseSearch: Match is the {occurrence_in_qtextblock_raw}-th occ in its raw QTextBlock.")
    
            editors_to_process_precise = [
                (self.mw.preview_text_edit, True, string_idx_match_in_data),
                (self.mw.original_text_edit, False, target_qtextblock_idx_in_editor),
                (self.mw.edited_text_edit, False, target_qtextblock_idx_in_editor)
            ]
    
            for editor_precise, use_newline_symbol, widget_qtextblock_idx_to_use in editors_to_process_precise:
                editor_name_precise = editor_precise.objectName();
                if not editor_precise or not hasattr(editor_precise, 'highlightManager'): continue
                if (editor_precise == self.mw.original_text_edit or editor_precise == self.mw.edited_text_edit) and \
                   string_idx_match_in_data != self.mw.current_string_idx:
                    log_debug(f"PreciseSearch: Skipping {editor_name_precise}, string mismatch for original/edited.")
                    continue
    
                widget_block_precise = editor_precise.document().findBlockByNumber(widget_qtextblock_idx_to_use)
                if not widget_block_precise.isValid(): continue
    
                text_in_widget_qtextblock_precise = widget_block_precise.text()
                query_for_this_editor_raw_precise = self.current_query # Start with the original query
    
                # For original_text_edit, if we are searching IN original, the query should match the text in original_text_edit's document.
                # original_text_edit's document contains text with "{Player}" etc. (raw from self.mw.data)
                # and its JsonTagHighlighter handles visual replacement of {Player} but document still has {Player}
                # So, if searching in original, query_for_this_editor_raw_precise should be self.current_query.
                # If searching in EDITED text (self.search_in_original is False), and we are now highlighting in original_text_edit,
                # then the query (which was matched against EDITED text) might need its curly tags removed
                # if the original text has no curly tags for that part (e.g. Player tag diff).
                # However, the current logic of _get_text_for_search provides raw text for original search.
                # The main challenge is mapping occurrences.
    
                if editor_precise == self.mw.original_text_edit:
                    # If searching in original, the query should match the raw text in original_text_edit's document.
                    # If search_in_original is True, self.current_query is what was found in self.mw.data.
                    # original_text_edit.toPlainText() should be very close to self.mw.data.
                    # So, no modification to query_for_this_editor_raw_precise needed here if search_in_original is True.
                    if not self.search_in_original:
                        # This case is complex: searched in edited, highlighting in original.
                        # Query might contain editor-specific tags or lack original-specific tags.
                        # Simplest approach: remove curly tags if original also has them removed for display or consistent counting.
                        # But original_text_edit's display highlighter does not remove curly tags from document.
                        # So, we need to count occurrences in a way that matches how search was done.
                        # For now, let's assume the display text in original_text_edit for _find_nth_occurrence_in_display_text
                        # will be the raw text.
                        pass
    
    
                display_query_for_widget_precise = convert_raw_to_display_text(
                    query_for_this_editor_raw_precise,
                    self.mw.show_multiple_spaces_as_dots,
                    self.mw.newline_display_symbol if use_newline_symbol else ""
                )
    
                # The text_in_widget_qtextblock_precise is what's actually in the editor's document line
                # For original_text_edit, this should include curly tags like {Player}
                # For edited_text_edit, this includes [\u0406\u041c'\u042f \u0413\u0420\u0410\u0412\u0426\u042f]
                # For preview_text_edit, this includes {Player} and newline symbols
    
                match_pos_in_widget_qtextblock_precise, match_len_in_widget_qtextblock_precise = \
                    self._find_nth_occurrence_in_display_text(
                        text_in_widget_qtextblock_precise,
                        display_query_for_widget_precise,
                        occurrence_in_qtextblock_raw,
                        self.is_case_sensitive
                    )
    
                if match_pos_in_widget_qtextblock_precise != -1:
                    editor_precise.highlightManager.add_search_match_highlight(
                        widget_qtextblock_idx_to_use,
                        match_pos_in_widget_qtextblock_precise,
                        match_len_in_widget_qtextblock_precise
                    )
                    log_debug(f"Precise Highlighting in {editor_name_precise}: QBlk(widget):{widget_qtextblock_idx_to_use}, DispPosInBlk:{match_pos_in_widget_qtextblock_precise}, DispLen:{match_len_in_widget_qtextblock_precise}, QueryUsedForDisplay: '{display_query_for_widget_precise}'")
    
>                   cursor_precise = QTextCursor(widget_block_precise)
                                     ^^^^^^^^^^^^^^^^^^^^^^^^^^^^^^^^^
E                   TypeError: arguments did not match any overloaded call:
E                     QTextCursor(): too many arguments
E                     QTextCursor(document: Optional[QTextDocument]): argument 1 has unexpected type 'MagicMock'
E                     QTextCursor(frame: Optional[QTextFrame]): argument 1 has unexpected type 'MagicMock'
E                     QTextCursor(block: QTextBlock): argument 1 has unexpected type 'MagicMock'
E                     QTextCursor(cursor: QTextCursor): argument 1 has unexpected type 'MagicMock'

handlers\search_handler.py:493: TypeError
------------------------------ Captured log call ------------------------------
DEBUG    app_logger:logging_utils.py:122 SearchHandler: find_next. Q: 'world', Case: False, Orig: True, IgnoreTags: False, Fuzzy: False
DEBUG    app_logger:logging_utils.py:122 Found match in raw text at DataB 0, DataS 0, SearchTextPos 6
DEBUG    app_logger:logging_utils.py:122 Navigating. Data: B:0, S:0. SearchTextPos:6, SearchTextLen:5, TaglessNLSearch:False
DEBUG    app_logger:logging_utils.py:122 SearchHandler: Clearing all search highlights.
DEBUG    app_logger:logging_utils.py:122 PreciseSearch: Match is in QTextBlk(editor): 0, RawCharInBlk: 6
DEBUG    app_logger:logging_utils.py:122 PreciseSearch: Match is the 1-th occ in its raw QTextBlock.
DEBUG    app_logger:logging_utils.py:122 Precise Highlighting in preview_text_edit: QBlk(widget):0, DispPosInBlk:<MagicMock name='mock.preview_text_edit.document().findBlockByNumber().text().lower().find()' id='1830916267648'>, DispLen:5, QueryUsedForDisplay: 'world'
___________________ TestSearchHandler.test_search_previous ____________________

self = <test_search_handler.TestSearchHandler testMethod=test_search_previous>

    def test_search_previous(self):
        # Find something at the end first
>       self.handler.find_next("block", False, True, False)

tests\test_search_handler.py:98: 
_ _ _ _ _ _ _ _ _ _ _ _ _ _ _ _ _ _ _ _ _ _ _ _ _ _ _ _ _ _ _ _ _ _ _ _ _ _ _ _
handlers\search_handler.py:167: in find_next
    self._navigate_to_match(b_idx, s_idx, match_pos_in_search_text, len(effective_query), self.ignore_tags_newlines)
_ _ _ _ _ _ _ _ _ _ _ _ _ _ _ _ _ _ _ _ _ _ _ _ _ _ _ _ _ _ _ _ _ _ _ _ _ _ _ _

self = <handlers.search_handler.SearchHandler object at 0x000001AA49DFB4D0>
block_idx_match_in_data = 1, string_idx_match_in_data = 0
char_pos_in_search_text = 7, match_len_in_search_text = 5
was_search_tagless_and_newline_agnostic = False

    def _navigate_to_match(self, block_idx_match_in_data: int, string_idx_match_in_data: int,
                           char_pos_in_search_text: int, match_len_in_search_text: int,
                           was_search_tagless_and_newline_agnostic: bool) -> None:
        log_debug(f"Navigating. Data: B:{block_idx_match_in_data}, S:{string_idx_match_in_data}. SearchTextPos:{char_pos_in_search_text}, SearchTextLen:{match_len_in_search_text}, TaglessNLSearch:{was_search_tagless_and_newline_agnostic}")
        self.clear_all_search_highlights()
        if self.mw.current_block_idx != block_idx_match_in_data:
            from PyQt5.QtWidgets import QTreeWidgetItemIterator
            iterator = QTreeWidgetItemIterator(self.mw.block_list_widget)
            while iterator.value():
                item = iterator.value()
                if item.data(0, Qt.UserRole) == block_idx_match_in_data:
                    self.mw.block_list_widget.setCurrentItem(item)
                    break
                iterator += 1
    
        if self.mw.current_string_idx != string_idx_match_in_data or self.mw.current_block_idx != block_idx_match_in_data:
             self.mw.list_selection_handler.string_selected_from_preview(string_idx_match_in_data)
        QApplication.processEvents()
    
        if was_search_tagless_and_newline_agnostic:
            temp_query_for_words = self.current_query
            query_words_for_display_search = prepare_text_for_tagless_search(temp_query_for_words, keep_original_case=True).split()
    
            if not query_words_for_display_search: return
    
            for editor in [self.mw.preview_text_edit, self.mw.original_text_edit, self.mw.edited_text_edit]:
                editor_name = editor.objectName() if editor.objectName() else "UnnamedEditor"
                if not editor or not hasattr(editor, 'highlightManager'): continue
    
                if (editor == self.mw.original_text_edit or editor == self.mw.edited_text_edit) and \
                   string_idx_match_in_data != self.mw.current_string_idx:
                    log_debug(f"TaglessSearch: Skipping {editor_name}, string mismatch for original/edited.")
                    continue
    
                found_overall_match_in_editor = False
                qtextblock_start_idx = string_idx_match_in_data if editor == self.mw.preview_text_edit else 0
                qtextblock_end_idx = string_idx_match_in_data if editor == self.mw.preview_text_edit else editor.document().blockCount() - 1
    
                for current_widget_qblock_idx in range(qtextblock_start_idx, qtextblock_end_idx + 1):
                    widget_block = editor.document().findBlockByNumber(current_widget_qblock_idx)
                    if not widget_block.isValid(): continue
                    text_in_widget_qtextblock = widget_block.text()
    
                    first_word_display = convert_raw_to_display_text(query_words_for_display_search[0], self.mw.show_multiple_spaces_as_dots, self.mw.newline_display_symbol if editor == self.mw.preview_text_edit else "")
                    # For original_text_edit, when search_in_original is true, we want to match against text with curly tags
                    # If search_in_original is false, then we're matching against translated text potentially,
                    # so the original view might need its curly tags removed for display comparison.
                    # This logic needs to be very careful.
                    if editor == self.mw.original_text_edit and not self.search_in_original:
                         first_word_display = remove_curly_tags(first_word_display)
    
                    current_search_offset_in_qblock = 0
                    while current_search_offset_in_qblock < len(text_in_widget_qtextblock):
                        start_pos = self._find_in_text(text_in_widget_qtextblock, first_word_display, current_search_offset_in_qblock, self.is_case_sensitive)
                        if start_pos == -1: break
    
                        highlight_start_qblock_idx = current_widget_qblock_idx
                        highlight_start_pos_in_qblock = start_pos
                        highlight_end_qblock_idx = current_widget_qblock_idx
                        highlight_end_pos_in_qblock_end_of_word = start_pos + len(first_word_display)
    
                        all_words_found_sequentially = True
                        if len(query_words_for_display_search) > 1:
                            temp_offset_for_next_words = highlight_end_pos_in_qblock_end_of_word
                            temp_current_qblock_for_next_words = current_widget_qblock_idx
    
                            for i in range(1, len(query_words_for_display_search)):
                                next_word_orig = query_words_for_display_search[i]
                                next_word_display = convert_raw_to_display_text(next_word_orig, self.mw.show_multiple_spaces_as_dots, self.mw.newline_display_symbol if editor == self.mw.preview_text_edit else "")
                                if editor == self.mw.original_text_edit and not self.search_in_original:
                                     next_word_display = remove_curly_tags(next_word_display)
    
                                found_current_next_word = False
                                for j in range(temp_current_qblock_for_next_words, editor.document().blockCount()):
                                    block_to_search_next_word = editor.document().findBlockByNumber(j)
                                    if not block_to_search_next_word.isValid(): all_words_found_sequentially=False; break
                                    text_of_block_to_search_next = block_to_search_next_word.text()
    
                                    search_from_in_next_block = temp_offset_for_next_words if j == temp_current_qblock_for_next_words else 0
    
                                    next_pos = self._find_in_text(text_of_block_to_search_next, next_word_display, search_from_in_next_block, self.is_case_sensitive)
                                    if next_pos != -1:
                                        highlight_end_qblock_idx = j
                                        highlight_end_pos_in_qblock_end_of_word = next_pos + len(next_word_display)
                                        temp_current_qblock_for_next_words = j
                                        temp_offset_for_next_words = highlight_end_pos_in_qblock_end_of_word
                                        found_current_next_word = True
                                        break
                                    elif j == temp_current_qblock_for_next_words :
                                        all_words_found_sequentially=False; break
                                if not found_current_next_word: all_words_found_sequentially=False
                                if not all_words_found_sequentially: break
    
                        if all_words_found_sequentially:
                            log_debug(f"TaglessSearch Highlight Range for {editor_name}: StartBlk:{highlight_start_qblock_idx} StartPos:{highlight_start_pos_in_qblock} EndBlk:{highlight_end_qblock_idx} EndPos:{highlight_end_pos_in_qblock_end_of_word}")
                            for i_hl in range(highlight_start_qblock_idx, highlight_end_qblock_idx + 1):
                                start_char = highlight_start_pos_in_qblock if i_hl == highlight_start_qblock_idx else 0
                                current_block_for_highlight_text = editor.document().findBlockByNumber(i_hl).text()
                                end_char = highlight_end_pos_in_qblock_end_of_word if i_hl == highlight_end_qblock_idx else len(current_block_for_highlight_text)
                                length_to_highlight = end_char - start_char
                                if length_to_highlight > 0 :
                                    editor.highlightManager.add_search_match_highlight(i_hl, start_char, length_to_highlight)
    
                            scroll_to_block_nav = editor.document().findBlockByNumber(highlight_start_qblock_idx)
                            cursor_nav = QTextCursor(scroll_to_block_nav)
                            cursor_nav.setPosition(scroll_to_block_nav.position() + highlight_start_pos_in_qblock)
                            editor.setTextCursor(cursor_nav); editor.ensureCursorVisible()
                            found_overall_match_in_editor = True; break
                        else:
                            current_search_offset_in_qblock = start_pos + 1
    
                    if found_overall_match_in_editor: break
        else: # Precise search
            raw_full_string_data = self._get_text_for_search(block_idx_match_in_data, string_idx_match_in_data, self.search_in_original, False)
            target_qtextblock_idx_in_editor, char_pos_in_target_qtextblock_raw = \
                self._calculate_qtextblock_and_pos_in_block(raw_full_string_data, char_pos_in_search_text)
            log_debug(f"PreciseSearch: Match is in QTextBlk(editor): {target_qtextblock_idx_in_editor}, RawCharInBlk: {char_pos_in_target_qtextblock_raw}")
    
            raw_qtextblocks = raw_full_string_data.split('\n')
            if target_qtextblock_idx_in_editor >= len(raw_qtextblocks):
                log_debug(f"ERROR: PreciseSearch: target_qtextblock_idx_in_editor out of bounds."); return
    
            raw_text_of_target_qtextblock = raw_qtextblocks[target_qtextblock_idx_in_editor]
    
            # Determine occurrence count based on the type of text searched (raw or tagless)
            # For precise search, effective_query is self.current_query
            # text_for_search was raw_full_string_data split by \n, so raw_text_of_target_qtextblock
    
            compare_raw_qtextblock_text = raw_text_of_target_qtextblock
            compare_raw_query_for_occurrence_base = self.current_query # Query is used as is for precise
    
            if not self.is_case_sensitive:
                compare_raw_qtextblock_text = raw_text_of_target_qtextblock.lower()
                compare_raw_query_for_occurrence_base = self.current_query.lower()
    
            occurrence_in_qtextblock_raw = 0; temp_pos_qblk = -1; search_offset_qblk = 0
            if compare_raw_query_for_occurrence_base:
                while search_offset_qblk <= char_pos_in_target_qtextblock_raw:
                    temp_pos_qblk = compare_raw_qtextblock_text.find(compare_raw_query_for_occurrence_base, search_offset_qblk)
                    if temp_pos_qblk == -1 or temp_pos_qblk > char_pos_in_target_qtextblock_raw: break
                    occurrence_in_qtextblock_raw += 1
                    if temp_pos_qblk == char_pos_in_target_qtextblock_raw: break
                    search_offset_qblk = temp_pos_qblk + 1
            if occurrence_in_qtextblock_raw == 0 and compare_raw_query_for_occurrence_base : occurrence_in_qtextblock_raw = 1
            log_debug(f"PreciseSearch: Match is the {occurrence_in_qtextblock_raw}-th occ in its raw QTextBlock.")
    
            editors_to_process_precise = [
                (self.mw.preview_text_edit, True, string_idx_match_in_data),
                (self.mw.original_text_edit, False, target_qtextblock_idx_in_editor),
                (self.mw.edited_text_edit, False, target_qtextblock_idx_in_editor)
            ]
    
            for editor_precise, use_newline_symbol, widget_qtextblock_idx_to_use in editors_to_process_precise:
                editor_name_precise = editor_precise.objectName();
                if not editor_precise or not hasattr(editor_precise, 'highlightManager'): continue
                if (editor_precise == self.mw.original_text_edit or editor_precise == self.mw.edited_text_edit) and \
                   string_idx_match_in_data != self.mw.current_string_idx:
                    log_debug(f"PreciseSearch: Skipping {editor_name_precise}, string mismatch for original/edited.")
                    continue
    
                widget_block_precise = editor_precise.document().findBlockByNumber(widget_qtextblock_idx_to_use)
                if not widget_block_precise.isValid(): continue
    
                text_in_widget_qtextblock_precise = widget_block_precise.text()
                query_for_this_editor_raw_precise = self.current_query # Start with the original query
    
                # For original_text_edit, if we are searching IN original, the query should match the text in original_text_edit's document.
                # original_text_edit's document contains text with "{Player}" etc. (raw from self.mw.data)
                # and its JsonTagHighlighter handles visual replacement of {Player} but document still has {Player}
                # So, if searching in original, query_for_this_editor_raw_precise should be self.current_query.
                # If searching in EDITED text (self.search_in_original is False), and we are now highlighting in original_text_edit,
                # then the query (which was matched against EDITED text) might need its curly tags removed
                # if the original text has no curly tags for that part (e.g. Player tag diff).
                # However, the current logic of _get_text_for_search provides raw text for original search.
                # The main challenge is mapping occurrences.
    
                if editor_precise == self.mw.original_text_edit:
                    # If searching in original, the query should match the raw text in original_text_edit's document.
                    # If search_in_original is True, self.current_query is what was found in self.mw.data.
                    # original_text_edit.toPlainText() should be very close to self.mw.data.
                    # So, no modification to query_for_this_editor_raw_precise needed here if search_in_original is True.
                    if not self.search_in_original:
                        # This case is complex: searched in edited, highlighting in original.
                        # Query might contain editor-specific tags or lack original-specific tags.
                        # Simplest approach: remove curly tags if original also has them removed for display or consistent counting.
                        # But original_text_edit's display highlighter does not remove curly tags from document.
                        # So, we need to count occurrences in a way that matches how search was done.
                        # For now, let's assume the display text in original_text_edit for _find_nth_occurrence_in_display_text
                        # will be the raw text.
                        pass
    
    
                display_query_for_widget_precise = convert_raw_to_display_text(
                    query_for_this_editor_raw_precise,
                    self.mw.show_multiple_spaces_as_dots,
                    self.mw.newline_display_symbol if use_newline_symbol else ""
                )
    
                # The text_in_widget_qtextblock_precise is what's actually in the editor's document line
                # For original_text_edit, this should include curly tags like {Player}
                # For edited_text_edit, this includes [\u0406\u041c'\u042f \u0413\u0420\u0410\u0412\u0426\u042f]
                # For preview_text_edit, this includes {Player} and newline symbols
    
                match_pos_in_widget_qtextblock_precise, match_len_in_widget_qtextblock_precise = \
                    self._find_nth_occurrence_in_display_text(
                        text_in_widget_qtextblock_precise,
                        display_query_for_widget_precise,
                        occurrence_in_qtextblock_raw,
                        self.is_case_sensitive
                    )
    
                if match_pos_in_widget_qtextblock_precise != -1:
                    editor_precise.highlightManager.add_search_match_highlight(
                        widget_qtextblock_idx_to_use,
                        match_pos_in_widget_qtextblock_precise,
                        match_len_in_widget_qtextblock_precise
                    )
                    log_debug(f"Precise Highlighting in {editor_name_precise}: QBlk(widget):{widget_qtextblock_idx_to_use}, DispPosInBlk:{match_pos_in_widget_qtextblock_precise}, DispLen:{match_len_in_widget_qtextblock_precise}, QueryUsedForDisplay: '{display_query_for_widget_precise}'")
    
>                   cursor_precise = QTextCursor(widget_block_precise)
                                     ^^^^^^^^^^^^^^^^^^^^^^^^^^^^^^^^^
E                   TypeError: arguments did not match any overloaded call:
E                     QTextCursor(): too many arguments
E                     QTextCursor(document: Optional[QTextDocument]): argument 1 has unexpected type 'MagicMock'
E                     QTextCursor(frame: Optional[QTextFrame]): argument 1 has unexpected type 'MagicMock'
E                     QTextCursor(block: QTextBlock): argument 1 has unexpected type 'MagicMock'
E                     QTextCursor(cursor: QTextCursor): argument 1 has unexpected type 'MagicMock'

handlers\search_handler.py:493: TypeError
------------------------------ Captured log call ------------------------------
DEBUG    app_logger:logging_utils.py:122 SearchHandler: find_next. Q: 'block', Case: False, Orig: True, IgnoreTags: False, Fuzzy: False
DEBUG    app_logger:logging_utils.py:122 Found match in raw text at DataB 1, DataS 0, SearchTextPos 7
DEBUG    app_logger:logging_utils.py:122 Navigating. Data: B:1, S:0. SearchTextPos:7, SearchTextLen:5, TaglessNLSearch:False
DEBUG    app_logger:logging_utils.py:122 PreciseSearch: Match is in QTextBlk(editor): 0, RawCharInBlk: 7
DEBUG    app_logger:logging_utils.py:122 Precise Highlighting in preview_text_edit: QBlk(widget):0, DispPosInBlk:<MagicMock name='mock.preview_text_edit.document().findBlockByNumber().text().lower().find()' id='1830898223152'>, DispLen:5, QueryUsedForDisplay: 'block'
_____________________ TestSearchHandler.test_search_reset _____________________

self = <test_search_handler.TestSearchHandler testMethod=test_search_reset>

    def test_search_reset(self):
>       self.handler.find_next("world", False, True, False)

tests\test_search_handler.py:89: 
_ _ _ _ _ _ _ _ _ _ _ _ _ _ _ _ _ _ _ _ _ _ _ _ _ _ _ _ _ _ _ _ _ _ _ _ _ _ _ _
handlers\search_handler.py:167: in find_next
    self._navigate_to_match(b_idx, s_idx, match_pos_in_search_text, len(effective_query), self.ignore_tags_newlines)
_ _ _ _ _ _ _ _ _ _ _ _ _ _ _ _ _ _ _ _ _ _ _ _ _ _ _ _ _ _ _ _ _ _ _ _ _ _ _ _

self = <handlers.search_handler.SearchHandler object at 0x000001AA49DF96D0>
block_idx_match_in_data = 0, string_idx_match_in_data = 0
char_pos_in_search_text = 6, match_len_in_search_text = 5
was_search_tagless_and_newline_agnostic = False

    def _navigate_to_match(self, block_idx_match_in_data: int, string_idx_match_in_data: int,
                           char_pos_in_search_text: int, match_len_in_search_text: int,
                           was_search_tagless_and_newline_agnostic: bool) -> None:
        log_debug(f"Navigating. Data: B:{block_idx_match_in_data}, S:{string_idx_match_in_data}. SearchTextPos:{char_pos_in_search_text}, SearchTextLen:{match_len_in_search_text}, TaglessNLSearch:{was_search_tagless_and_newline_agnostic}")
        self.clear_all_search_highlights()
        if self.mw.current_block_idx != block_idx_match_in_data:
            from PyQt5.QtWidgets import QTreeWidgetItemIterator
            iterator = QTreeWidgetItemIterator(self.mw.block_list_widget)
            while iterator.value():
                item = iterator.value()
                if item.data(0, Qt.UserRole) == block_idx_match_in_data:
                    self.mw.block_list_widget.setCurrentItem(item)
                    break
                iterator += 1
    
        if self.mw.current_string_idx != string_idx_match_in_data or self.mw.current_block_idx != block_idx_match_in_data:
             self.mw.list_selection_handler.string_selected_from_preview(string_idx_match_in_data)
        QApplication.processEvents()
    
        if was_search_tagless_and_newline_agnostic:
            temp_query_for_words = self.current_query
            query_words_for_display_search = prepare_text_for_tagless_search(temp_query_for_words, keep_original_case=True).split()
    
            if not query_words_for_display_search: return
    
            for editor in [self.mw.preview_text_edit, self.mw.original_text_edit, self.mw.edited_text_edit]:
                editor_name = editor.objectName() if editor.objectName() else "UnnamedEditor"
                if not editor or not hasattr(editor, 'highlightManager'): continue
    
                if (editor == self.mw.original_text_edit or editor == self.mw.edited_text_edit) and \
                   string_idx_match_in_data != self.mw.current_string_idx:
                    log_debug(f"TaglessSearch: Skipping {editor_name}, string mismatch for original/edited.")
                    continue
    
                found_overall_match_in_editor = False
                qtextblock_start_idx = string_idx_match_in_data if editor == self.mw.preview_text_edit else 0
                qtextblock_end_idx = string_idx_match_in_data if editor == self.mw.preview_text_edit else editor.document().blockCount() - 1
    
                for current_widget_qblock_idx in range(qtextblock_start_idx, qtextblock_end_idx + 1):
                    widget_block = editor.document().findBlockByNumber(current_widget_qblock_idx)
                    if not widget_block.isValid(): continue
                    text_in_widget_qtextblock = widget_block.text()
    
                    first_word_display = convert_raw_to_display_text(query_words_for_display_search[0], self.mw.show_multiple_spaces_as_dots, self.mw.newline_display_symbol if editor == self.mw.preview_text_edit else "")
                    # For original_text_edit, when search_in_original is true, we want to match against text with curly tags
                    # If search_in_original is false, then we're matching against translated text potentially,
                    # so the original view might need its curly tags removed for display comparison.
                    # This logic needs to be very careful.
                    if editor == self.mw.original_text_edit and not self.search_in_original:
                         first_word_display = remove_curly_tags(first_word_display)
    
                    current_search_offset_in_qblock = 0
                    while current_search_offset_in_qblock < len(text_in_widget_qtextblock):
                        start_pos = self._find_in_text(text_in_widget_qtextblock, first_word_display, current_search_offset_in_qblock, self.is_case_sensitive)
                        if start_pos == -1: break
    
                        highlight_start_qblock_idx = current_widget_qblock_idx
                        highlight_start_pos_in_qblock = start_pos
                        highlight_end_qblock_idx = current_widget_qblock_idx
                        highlight_end_pos_in_qblock_end_of_word = start_pos + len(first_word_display)
    
                        all_words_found_sequentially = True
                        if len(query_words_for_display_search) > 1:
                            temp_offset_for_next_words = highlight_end_pos_in_qblock_end_of_word
                            temp_current_qblock_for_next_words = current_widget_qblock_idx
    
                            for i in range(1, len(query_words_for_display_search)):
                                next_word_orig = query_words_for_display_search[i]
                                next_word_display = convert_raw_to_display_text(next_word_orig, self.mw.show_multiple_spaces_as_dots, self.mw.newline_display_symbol if editor == self.mw.preview_text_edit else "")
                                if editor == self.mw.original_text_edit and not self.search_in_original:
                                     next_word_display = remove_curly_tags(next_word_display)
    
                                found_current_next_word = False
                                for j in range(temp_current_qblock_for_next_words, editor.document().blockCount()):
                                    block_to_search_next_word = editor.document().findBlockByNumber(j)
                                    if not block_to_search_next_word.isValid(): all_words_found_sequentially=False; break
                                    text_of_block_to_search_next = block_to_search_next_word.text()
    
                                    search_from_in_next_block = temp_offset_for_next_words if j == temp_current_qblock_for_next_words else 0
    
                                    next_pos = self._find_in_text(text_of_block_to_search_next, next_word_display, search_from_in_next_block, self.is_case_sensitive)
                                    if next_pos != -1:
                                        highlight_end_qblock_idx = j
                                        highlight_end_pos_in_qblock_end_of_word = next_pos + len(next_word_display)
                                        temp_current_qblock_for_next_words = j
                                        temp_offset_for_next_words = highlight_end_pos_in_qblock_end_of_word
                                        found_current_next_word = True
                                        break
                                    elif j == temp_current_qblock_for_next_words :
                                        all_words_found_sequentially=False; break
                                if not found_current_next_word: all_words_found_sequentially=False
                                if not all_words_found_sequentially: break
    
                        if all_words_found_sequentially:
                            log_debug(f"TaglessSearch Highlight Range for {editor_name}: StartBlk:{highlight_start_qblock_idx} StartPos:{highlight_start_pos_in_qblock} EndBlk:{highlight_end_qblock_idx} EndPos:{highlight_end_pos_in_qblock_end_of_word}")
                            for i_hl in range(highlight_start_qblock_idx, highlight_end_qblock_idx + 1):
                                start_char = highlight_start_pos_in_qblock if i_hl == highlight_start_qblock_idx else 0
                                current_block_for_highlight_text = editor.document().findBlockByNumber(i_hl).text()
                                end_char = highlight_end_pos_in_qblock_end_of_word if i_hl == highlight_end_qblock_idx else len(current_block_for_highlight_text)
                                length_to_highlight = end_char - start_char
                                if length_to_highlight > 0 :
                                    editor.highlightManager.add_search_match_highlight(i_hl, start_char, length_to_highlight)
    
                            scroll_to_block_nav = editor.document().findBlockByNumber(highlight_start_qblock_idx)
                            cursor_nav = QTextCursor(scroll_to_block_nav)
                            cursor_nav.setPosition(scroll_to_block_nav.position() + highlight_start_pos_in_qblock)
                            editor.setTextCursor(cursor_nav); editor.ensureCursorVisible()
                            found_overall_match_in_editor = True; break
                        else:
                            current_search_offset_in_qblock = start_pos + 1
    
                    if found_overall_match_in_editor: break
        else: # Precise search
            raw_full_string_data = self._get_text_for_search(block_idx_match_in_data, string_idx_match_in_data, self.search_in_original, False)
            target_qtextblock_idx_in_editor, char_pos_in_target_qtextblock_raw = \
                self._calculate_qtextblock_and_pos_in_block(raw_full_string_data, char_pos_in_search_text)
            log_debug(f"PreciseSearch: Match is in QTextBlk(editor): {target_qtextblock_idx_in_editor}, RawCharInBlk: {char_pos_in_target_qtextblock_raw}")
    
            raw_qtextblocks = raw_full_string_data.split('\n')
            if target_qtextblock_idx_in_editor >= len(raw_qtextblocks):
                log_debug(f"ERROR: PreciseSearch: target_qtextblock_idx_in_editor out of bounds."); return
    
            raw_text_of_target_qtextblock = raw_qtextblocks[target_qtextblock_idx_in_editor]
    
            # Determine occurrence count based on the type of text searched (raw or tagless)
            # For precise search, effective_query is self.current_query
            # text_for_search was raw_full_string_data split by \n, so raw_text_of_target_qtextblock
    
            compare_raw_qtextblock_text = raw_text_of_target_qtextblock
            compare_raw_query_for_occurrence_base = self.current_query # Query is used as is for precise
    
            if not self.is_case_sensitive:
                compare_raw_qtextblock_text = raw_text_of_target_qtextblock.lower()
                compare_raw_query_for_occurrence_base = self.current_query.lower()
    
            occurrence_in_qtextblock_raw = 0; temp_pos_qblk = -1; search_offset_qblk = 0
            if compare_raw_query_for_occurrence_base:
                while search_offset_qblk <= char_pos_in_target_qtextblock_raw:
                    temp_pos_qblk = compare_raw_qtextblock_text.find(compare_raw_query_for_occurrence_base, search_offset_qblk)
                    if temp_pos_qblk == -1 or temp_pos_qblk > char_pos_in_target_qtextblock_raw: break
                    occurrence_in_qtextblock_raw += 1
                    if temp_pos_qblk == char_pos_in_target_qtextblock_raw: break
                    search_offset_qblk = temp_pos_qblk + 1
            if occurrence_in_qtextblock_raw == 0 and compare_raw_query_for_occurrence_base : occurrence_in_qtextblock_raw = 1
            log_debug(f"PreciseSearch: Match is the {occurrence_in_qtextblock_raw}-th occ in its raw QTextBlock.")
    
            editors_to_process_precise = [
                (self.mw.preview_text_edit, True, string_idx_match_in_data),
                (self.mw.original_text_edit, False, target_qtextblock_idx_in_editor),
                (self.mw.edited_text_edit, False, target_qtextblock_idx_in_editor)
            ]
    
            for editor_precise, use_newline_symbol, widget_qtextblock_idx_to_use in editors_to_process_precise:
                editor_name_precise = editor_precise.objectName();
                if not editor_precise or not hasattr(editor_precise, 'highlightManager'): continue
                if (editor_precise == self.mw.original_text_edit or editor_precise == self.mw.edited_text_edit) and \
                   string_idx_match_in_data != self.mw.current_string_idx:
                    log_debug(f"PreciseSearch: Skipping {editor_name_precise}, string mismatch for original/edited.")
                    continue
    
                widget_block_precise = editor_precise.document().findBlockByNumber(widget_qtextblock_idx_to_use)
                if not widget_block_precise.isValid(): continue
    
                text_in_widget_qtextblock_precise = widget_block_precise.text()
                query_for_this_editor_raw_precise = self.current_query # Start with the original query
    
                # For original_text_edit, if we are searching IN original, the query should match the text in original_text_edit's document.
                # original_text_edit's document contains text with "{Player}" etc. (raw from self.mw.data)
                # and its JsonTagHighlighter handles visual replacement of {Player} but document still has {Player}
                # So, if searching in original, query_for_this_editor_raw_precise should be self.current_query.
                # If searching in EDITED text (self.search_in_original is False), and we are now highlighting in original_text_edit,
                # then the query (which was matched against EDITED text) might need its curly tags removed
                # if the original text has no curly tags for that part (e.g. Player tag diff).
                # However, the current logic of _get_text_for_search provides raw text for original search.
                # The main challenge is mapping occurrences.
    
                if editor_precise == self.mw.original_text_edit:
                    # If searching in original, the query should match the raw text in original_text_edit's document.
                    # If search_in_original is True, self.current_query is what was found in self.mw.data.
                    # original_text_edit.toPlainText() should be very close to self.mw.data.
                    # So, no modification to query_for_this_editor_raw_precise needed here if search_in_original is True.
                    if not self.search_in_original:
                        # This case is complex: searched in edited, highlighting in original.
                        # Query might contain editor-specific tags or lack original-specific tags.
                        # Simplest approach: remove curly tags if original also has them removed for display or consistent counting.
                        # But original_text_edit's display highlighter does not remove curly tags from document.
                        # So, we need to count occurrences in a way that matches how search was done.
                        # For now, let's assume the display text in original_text_edit for _find_nth_occurrence_in_display_text
                        # will be the raw text.
                        pass
    
    
                display_query_for_widget_precise = convert_raw_to_display_text(
                    query_for_this_editor_raw_precise,
                    self.mw.show_multiple_spaces_as_dots,
                    self.mw.newline_display_symbol if use_newline_symbol else ""
                )
    
                # The text_in_widget_qtextblock_precise is what's actually in the editor's document line
                # For original_text_edit, this should include curly tags like {Player}
                # For edited_text_edit, this includes [\u0406\u041c'\u042f \u0413\u0420\u0410\u0412\u0426\u042f]
                # For preview_text_edit, this includes {Player} and newline symbols
    
                match_pos_in_widget_qtextblock_precise, match_len_in_widget_qtextblock_precise = \
                    self._find_nth_occurrence_in_display_text(
                        text_in_widget_qtextblock_precise,
                        display_query_for_widget_precise,
                        occurrence_in_qtextblock_raw,
                        self.is_case_sensitive
                    )
    
                if match_pos_in_widget_qtextblock_precise != -1:
                    editor_precise.highlightManager.add_search_match_highlight(
                        widget_qtextblock_idx_to_use,
                        match_pos_in_widget_qtextblock_precise,
                        match_len_in_widget_qtextblock_precise
                    )
                    log_debug(f"Precise Highlighting in {editor_name_precise}: QBlk(widget):{widget_qtextblock_idx_to_use}, DispPosInBlk:{match_pos_in_widget_qtextblock_precise}, DispLen:{match_len_in_widget_qtextblock_precise}, QueryUsedForDisplay: '{display_query_for_widget_precise}'")
    
>                   cursor_precise = QTextCursor(widget_block_precise)
                                     ^^^^^^^^^^^^^^^^^^^^^^^^^^^^^^^^^
E                   TypeError: arguments did not match any overloaded call:
E                     QTextCursor(): too many arguments
E                     QTextCursor(document: Optional[QTextDocument]): argument 1 has unexpected type 'MagicMock'
E                     QTextCursor(frame: Optional[QTextFrame]): argument 1 has unexpected type 'MagicMock'
E                     QTextCursor(block: QTextBlock): argument 1 has unexpected type 'MagicMock'
E                     QTextCursor(cursor: QTextCursor): argument 1 has unexpected type 'MagicMock'

handlers\search_handler.py:493: TypeError
------------------------------ Captured log call ------------------------------
DEBUG    app_logger:logging_utils.py:122 Precise Highlighting in preview_text_edit: QBlk(widget):0, DispPosInBlk:<MagicMock name='mock.preview_text_edit.document().findBlockByNumber().text().lower().find()' id='1830916263952'>, DispLen:5, QueryUsedForDisplay: 'world'
=============================== tests coverage ================================
_______________ coverage: platform win32, python 3.14.3-final-0 _______________

Name                                                  Stmts   Miss  Cover
-------------------------------------------------------------------------
components\__init__.py                                    0      0   100%
components\ai_chat_dialog.py                            119    119     0%
components\ai_status_dialog.py                          148    148     0%
components\custom_list_item_delegate.py                 288    288     0%
components\custom_list_widget.py                        188    188     0%
components\custom_tree_widget.py                        873    873     0%
components\dictionary_manager_dialog.py                 140    140     0%
components\editor\__init__.py                             0      0   100%
components\editor\constants.py                           39     39     0%
components\editor\highlight_interface.py                 73     73     0%
components\editor\line_number_area.py                    33     33     0%
components\editor\line_number_area_paint_logic.py       188    188     0%
components\editor\line_numbered_text_edit.py            364    364     0%
components\editor\lnet_context_menu_logic.py            183    183     0%
components\editor\lnet_dialogs.py                        52     52     0%
components\editor\lnet_editor_setup.py                   77     77     0%
components\editor\lnet_highlight_wrappers.py             44     44     0%
components\editor\lnet_keyboard_handler.py               51     51     0%
components\editor\lnet_spellcheck_logic.py               60     60     0%
components\editor\lnet_tag_helpers.py                    56     56     0%
components\editor\lnet_tooltips.py                       66     66     0%
components\editor\mouse_handlers.py                     245    245     0%
components\editor\paint_event_logic.py                  111    111     0%
components\editor\paint_handlers.py                      37     37     0%
components\editor\paint_helpers.py                       52     52     0%
components\editor\text_highlight_manager.py             308    308     0%
components\folder_delete_dialog.py                       43     36    16%
components\glossary_dialog.py                           459    459     0%
components\glossary_edit_dialog.py                       71     71     0%
components\glossary_translation_update_dialog.py        240    240     0%
components\help_dialog.py                                49     49     0%
components\labeled_spinbox.py                            23     23     0%
components\original_text_analysis_dialog.py             311    311     0%
components\project_dialogs.py                           438    438     0%
components\prompt_editor_dialog.py                       17     17     0%
components\search_panel.py                              133    133     0%
components\session_bootstrap_dialog.py                   29     29     0%
components\translation_variations_dialog.py              55     55     0%
core\__init__.py                                          0      0   100%
core\context.py                                           4      4     0%
core\data_manager.py                                     71     63    11%
core\data_state_processor.py                            323    305     6%
core\data_store.py                                       48     48     0%
core\glossary_manager.py                                304    246    19%
core\project_manager.py                                 415    359    13%
core\project_models.py                                  136     61    55%
core\settings\font_map_loader.py                        113    100    12%
core\settings\global_settings.py                         79     63    20%
core\settings\plugin_settings.py                        138    121    12%
core\settings\recent_projects_manager.py                 25     16    36%
core\settings\session_state_manager.py                   35     16    54%
core\settings_manager.py                                 94     57    39%
core\spellchecker_manager.py                            154    154     0%
core\state_manager.py                                    36     11    69%
core\tag_utils.py                                        16      8    50%
core\translation\__init__.py                              0      0   100%
core\translation\config.py                               14     11    21%
core\translation\providers.py                           407    407     0%
core\translation\session_manager.py                      53     53     0%
core\undo_manager.py                                    246    246     0%
debug_test.py                                            42     42     0%
handlers\__init__.py                                      0      0   100%
handlers\ai_chat_handler.py                             198    198     0%
handlers\app_action_handler.py                          302    155    49%
handlers\base_handler.py                                 15      2    87%
handlers\issue_scan_handler.py                           54      4    93%
handlers\list_selection_handler.py                      439    180    59%
handlers\project_action_handler.py                      559    524     6%
handlers\search_handler.py                              319    175    45%
handlers\string_settings_handler.py                     149    149     0%
handlers\text_analysis_handler.py                       103    103     0%
handlers\text_autofix_logic.py                          366     21    94%
handlers\text_operation_handler.py                      304    220    28%
handlers\translation\__init__.py                          0      0   100%
handlers\translation\ai_lifecycle_manager.py            234    234     0%
handlers\translation\ai_prompt_composer.py              138    138     0%
handlers\translation\ai_worker.py                       249    249     0%
handlers\translation\base_translation_handler.py          6      6     0%
handlers\translation\glossary_builder_handler.py        235    235     0%
handlers\translation\glossary_handler.py                289    289     0%
handlers\translation\glossary_occurrence_updater.py     304    304     0%
handlers\translation\glossary_prompt_manager.py         149    149     0%
handlers\translation\translation_ui_handler.py          173    173     0%
handlers\translation_handler.py                         496    496     0%
main.py                                                 478    478     0%
plugins\__init__.py                                       0      0   100%
plugins\base_game_rules.py                              106     72    32%
plugins\common\__init__.py                                0      0   100%
plugins\common\markers.py                                 4      0   100%
plugins\common\problem_analyzer.py                       28     21    25%
plugins\common\tag_manager.py                            56     34    39%
plugins\common\text_fixer.py                             59     52    12%
plugins\pokemon_fr\__init__.py                            0      0   100%
plugins\pokemon_fr\config.py                             20      0   100%
plugins\pokemon_fr\problem_analyzer.py                   66     52    21%
plugins\pokemon_fr\rules.py                              91     60    34%
plugins\pokemon_fr\tag_manager.py                        12      3    75%
plugins\pokemon_fr\text_fixer.py                         94     80    15%
run_tests.py                                             32     32     0%
test_run.py                                              16     16     0%
tests\conftest.py                                        94     36    62%
tests\test_app_action_handler.py                         94      1    99%
tests\test_handlers\__init__.py                           0      0   100%
tests\test_handlers\test_issue_scan_handler.py           50      0   100%
tests\test_handlers\test_list_selection_handler.py      149      2    99%
tests\test_handlers\test_text_autofix_logic.py          139      0   100%
tests\test_project_lifecycle.py                         118     10    92%
tests\test_search_handler.py                             85     19    78%
tests\test_text_operation_handler.py                     62      3    95%
tree.py                                                  52     52     0%
ui\__init__.py                                            0      0   100%
ui\main_window\__init__.py                                0      0   100%
ui\main_window\main_window_actions.py                   183    183     0%
ui\main_window\main_window_block_handler.py              24     24     0%
ui\main_window\main_window_event_handler.py             191    191     0%
ui\main_window\main_window_helper.py                    187    187     0%
ui\main_window\main_window_plugin_handler.py             78     46    41%
ui\main_window\main_window_ui_handler.py                141    141     0%
ui\settings_dialog.py                                   243    243     0%
ui\themes.py                                              2      2     0%
ui\ui_event_filters.py                                  110    110     0%
ui\ui_setup.py                                           19     19     0%
ui\ui_updater.py                                        690    655     5%
ui\updaters\__init__.py                                   0      0   100%
ui\updaters\base_ui_updater.py                            4      4     0%
ui\updaters\block_list_updater.py                       151    151     0%
ui\updaters\preview_updater.py                           42     42     0%
ui\updaters\string_settings_updater.py                   62     62     0%
ui\updaters\title_status_bar_updater.py                  26     26     0%
utils\__init__.py                                         2      0   100%
utils\constants.py                                       10      0   100%
utils\hotkey_manager.py                                 110    110     0%
utils\logging_utils.py                                  101     19    81%
utils\syntax_highlighter.py                             421    421     0%
utils\utils.py                                          140     95    32%
-------------------------------------------------------------------------
TOTAL                                                 18339  15805    14%
Coverage HTML written to dir htmlcov
=========================== short test summary info ===========================
FAILED tests/test_project_lifecycle.py::TestProjectLifecycle::test_complete_project_load_and_population
FAILED tests/test_search_handler.py::TestSearchHandler::test_search_basic - T...
FAILED tests/test_search_handler.py::TestSearchHandler::test_search_previous
FAILED tests/test_search_handler.py::TestSearchHandler::test_search_reset - T...
======================== 4 failed, 44 passed in 2.37s =========================
